Microchip MPLAB XC8 Compiler V2.05 ()

Linker command line:

-W-3 --edf=C:\Program Files (x86)\Microchip\xc8\v2.05\pic\dat\en_msgs.txt \
  -cs -h+dist/Copy_of_default/production\aecv7.X.production.sym \
  --cmf=dist/Copy_of_default/production\aecv7.X.production.cmf -z -Q16F877A \
  -oC:\Users\antho\AppData\Local\Temp\saf8.2 --defsym=__MPLAB_BUILD=1 \
  -Mdist/Copy_of_default/production/aecv7.X.production.map -E1 -ver=XC8 \
  --acfsm=1493 -ASTACK=0110h-016Fh -pstack=STACK -ACODE=00h-07FFhx4 \
  -ASTRCODE=00h-01FFFh -ASTRING=00h-0FFhx32 -ACONST=00h-0FFhx32 \
  -AENTRY=00h-0FFhx32 -ACOMMON=070h-07Fh -ABANK0=020h-06Fh \
  -ABANK1=0A0h-0EFh -ABANK2=0110h-016Fh -ABANK3=0190h-01EFh \
  -ARAM=020h-06Fh,0A0h-0EFh,0110h-016Fh,0190h-01EFh \
  -AABS1=020h-07Fh,0A0h-0EFh,0110h-016Fh,0190h-01EFh -ASFR0=00h-01Fh \
  -ASFR1=080h-09Fh -ASFR2=0100h-010Fh -ASFR3=0180h-018Fh \
  -preset_vec=00h,intentry=04h,init,end_init -ppowerup=CODE -pcinit=CODE \
  -pfunctab=ENTRY -ACONFIG=02007h-02007h -pconfig=CONFIG -DCONFIG=2 \
  -AIDLOC=02000h-02003h -pidloc=IDLOC -DIDLOC=2 -AEEDATA=00h-0FFh/02100h \
  -peeprom_data=EEDATA -DEEDATA=2 -DCODE=2 -DSTRCODE=2 -DSTRING=2 -DCONST=2 \
  -DENTRY=2 -k C:\Users\antho\AppData\Local\Temp\saf8.o \
  dist/Copy_of_default/production\aecv7.X.production.o 

Object code version is 3.11

Machine type is 16F877A



                Name                               Link     Load   Length Selector   Space Scale
C:\Users\antho\AppData\Local\Temp\saf8.o
                end_init                             12       12        3        8       0
                reset_vec                             0        0        3        0       0
                config                             2007     2007        1     400E       0
dist/Copy_of_default/production\aecv7.X.production.o
                cinit                                15       15       29        8       0
                functab                              3E       3E       21       7C       0
                intentry                              4        4        E        8       0
                eeprom_data                           0     2100        8     4200       3
                text55                              BC9      BC9        7     1792       0
                text54                              C8D      C8D       15     191A       0
                text53                              792      792       49      482       0
                text52                              D4F      D4F       20     1A9E       0
                text51                              BEA      BEA        A     17D4       0
                text50                              E1F      E1F       29     1C3E       0
                text49                              6AF      6AF       4D      482       0
                text48                              CFD      CFD       1A     19FA       0
                text47                              BF4      BF4        A     17E8       0
                text46                              DB3      DB3       23     1B66       0
                text45                              747      747       4B      482       0
                text44                              C7A      C7A       13     18F4       0
                text43                              F53      F53       35     1EA6       0
                text42                              5BE      5BE       54      482       0
                text41                              BD8      BD8        9     17B0       0
                text40                              C68      C68       12     18D0       0
                text39                              C26      C26       10     184C       0
                text38                              DD6      DD6       23     1BAC       0
                text37                              D6F      D6F       22     1ADE       0
                text36                              BFE      BFE        C     17FC       0
                text35                               5F       5F       48       BE       0
                text34                              7FF      7FF        1      482       0
                text33                              7FE      7FE        1      482       0
                text32                              E48      E48       29     1C90       0
                text31                              C17      C17        F     182E       0
                text30                              BC3      BC3        6     1786       0
                text29                              3C5      3C5       88      482       0
                text28                              EF2      EF2       2F     1DE4       0
                text27                              7DB      7DB       23      482       0
                text26                              CB7      CB7       17     196E       0
                text25                              E9A      E9A       2A     1D34       0
                text24                              CA2      CA2       15     1944       0
                text23                              C36      C36       10     186C       0
                text22                              330      330       95      482       0
                text21                              F21      F21       32     1E42       0
                text20                              C0A      C0A        D     1814       0
                text19                              551      551       6D      482       0
                text18                              D17      D17       1C     1A2E       0
                text17                              D33      D33       1C     1A66       0
                text16                               EA       EA       15       BE       0
                text15                              DF9      DF9       26     1BF2       0
                text14                              FC1      FC1       3F     1F82       0
                text13                              661      661       4E      482       0
                text12                              44D      44D       86      482       0
                text11                              D91      D91       22     1B22       0
                text10                              BE1      BE1        9     17C2       0
                text9                               6FC      6FC       4B      482       0
                text8                               612      612       4F      482       0
                text7                               CCE      CCE       17     199C       0
                text6                               E71      E71       29     1CE2       0
                text5                                A7       A7       43       BE       0
                text4                               C46      C46       11     188C       0
                text3                               F88      F88       39     1F10       0
                text2                               EC4      EC4       2E     1D88       0
                text1                               4D3      4D3       7E      482       0
                maintext                            241      241       EF      482       0
                cstackBANK0                          20       20       2D       20       1
                cstackCOMMON                         70       70        B       70       1
                clrtext                             BD0      BD0        8     17A0       0
                inittext                            C57      C57       11     18AE       0
                dataBANK3                           1D8      1D8       18      190       1
                bssBANK3                            190      190       48      190       1
                bssBANK1                             A0       A0       49       A0       1
                bssBANK0                             4D       4D       12       20       1
                stringtext                          100      100      141        2       0
                strings                             800      800       12     1000       0
                nvBANK0                              5F       5F        1       20       1
                idataBANK3                          CE5      CE5       18     19CA       0

TOTAL           Name                               Link     Load   Length     Space
        CLASS   STACK          

        CLASS   CODE           
                end_init                             12       12        3         0
                cinit                                15       15       29         0
                intentry                              4        4        E         0
                reset_vec                             0        0        3         0
                text55                              BC9      BC9        7         0
                text54                              C8D      C8D       15         0
                text53                              792      792       49         0
                text52                              D4F      D4F       20         0
                text51                              BEA      BEA        A         0
                text50                              E1F      E1F       29         0
                text49                              6AF      6AF       4D         0
                text48                              CFD      CFD       1A         0
                text47                              BF4      BF4        A         0
                text46                              DB3      DB3       23         0
                text45                              747      747       4B         0
                text44                              C7A      C7A       13         0
                text43                              F53      F53       35         0
                text42                              5BE      5BE       54         0
                text41                              BD8      BD8        9         0
                text40                              C68      C68       12         0
                text39                              C26      C26       10         0
                text38                              DD6      DD6       23         0
                text37                              D6F      D6F       22         0
                text36                              BFE      BFE        C         0
                text35                               5F       5F       48         0
                text34                              7FF      7FF        1         0
                text33                              7FE      7FE        1         0
                text32                              E48      E48       29         0
                text31                              C17      C17        F         0
                text30                              BC3      BC3        6         0
                text29                              3C5      3C5       88         0
                text28                              EF2      EF2       2F         0
                text27                              7DB      7DB       23         0
                text26                              CB7      CB7       17         0
                text25                              E9A      E9A       2A         0
                text24                              CA2      CA2       15         0
                text23                              C36      C36       10         0
                text22                              330      330       95         0
                text21                              F21      F21       32         0
                text20                              C0A      C0A        D         0
                text19                              551      551       6D         0
                text18                              D17      D17       1C         0
                text17                              D33      D33       1C         0
                text16                               EA       EA       15         0
                text15                              DF9      DF9       26         0
                text14                              FC1      FC1       3F         0
                text13                              661      661       4E         0
                text12                              44D      44D       86         0
                text11                              D91      D91       22         0
                text10                              BE1      BE1        9         0
                text9                               6FC      6FC       4B         0
                text8                               612      612       4F         0
                text7                               CCE      CCE       17         0
                text6                               E71      E71       29         0
                text5                                A7       A7       43         0
                text4                               C46      C46       11         0
                text3                               F88      F88       39         0
                text2                               EC4      EC4       2E         0
                text1                               4D3      4D3       7E         0
                maintext                            241      241       EF         0
                clrtext                             BD0      BD0        8         0
                inittext                            C57      C57       11         0
                idataBANK3                          CE5      CE5       18         0

        CLASS   STRCODE        
                stringtext                          100      100      141         0

        CLASS   STRING         
                strings                             800      800       12         0

        CLASS   CONST          

        CLASS   ENTRY          
                functab                              3E       3E       21         0

        CLASS   COMMON         
                cstackCOMMON                         70       70        B         1

        CLASS   BANK0          
                cstackBANK0                          20       20       2D         1
                bssBANK0                             4D       4D       12         1
                nvBANK0                              5F       5F        1         1

        CLASS   BANK1          
                bssBANK1                             A0       A0       49         1

        CLASS   BANK2          

        CLASS   BANK3          
                dataBANK3                           1D8      1D8       18         1
                bssBANK3                            190      190       48         1

        CLASS   RAM            

        CLASS   ABS1           
                abs_s1                               7E       7E        2         1

        CLASS   SFR0           

        CLASS   SFR1           

        CLASS   SFR2           

        CLASS   SFR3           

        CLASS   CONFIG         
                config                             2007     2007        1         0

        CLASS   IDLOC          

        CLASS   EEDATA         
                eeprom_data                           0     2100        8         3



SEGMENTS        Name                           Load    Length   Top    Selector   Space  Class     Delta

                reset_vec                      000000  000003  000003         0       0  CODE        2
                intentry                       000004  00003A  00003E         8       0  CODE        2
                cstackBANK0                    000020  000040  000060        20       1  BANK0       1
                cstackCOMMON                   000070  00000B  00007B        70       1  COMMON      1
                functab                        00003E  000021  00005F        7C       0  ENTRY       2
                bssBANK1                       0000A0  000049  0000E9        A0       1  BANK1       1
                text35                         00005F  0000A0  0000FF        BE       0  CODE        2
                bssBANK3                       000190  000060  0001F0       190       1  BANK3       1
                stringtext                     000100  000141  000241         2       0  STRCODE     2
                maintext                       000241  0005BF  000800       482       0  CODE        2
                strings                        000800  000012  000812      1000       0  STRING      2
                text30                         000BC3  000006  000BC9      1786       0  CODE        2
                text55                         000BC9  000007  000BD0      1792       0  CODE        2
                clrtext                        000BD0  000008  000BD8      17A0       0  CODE        2
                text41                         000BD8  000009  000BE1      17B0       0  CODE        2
                text10                         000BE1  000009  000BEA      17C2       0  CODE        2
                text51                         000BEA  00000A  000BF4      17D4       0  CODE        2
                text47                         000BF4  00000A  000BFE      17E8       0  CODE        2
                text36                         000BFE  00000C  000C0A      17FC       0  CODE        2
                text20                         000C0A  00000D  000C17      1814       0  CODE        2
                text31                         000C17  00000F  000C26      182E       0  CODE        2
                text39                         000C26  000010  000C36      184C       0  CODE        2
                text23                         000C36  000010  000C46      186C       0  CODE        2
                text4                          000C46  000011  000C57      188C       0  CODE        2
                inittext                       000C57  000011  000C68      18AE       0  CODE        2
                text40                         000C68  000012  000C7A      18D0       0  CODE        2
                text44                         000C7A  000013  000C8D      18F4       0  CODE        2
                text54                         000C8D  000015  000CA2      191A       0  CODE        2
                text24                         000CA2  000015  000CB7      1944       0  CODE        2
                text26                         000CB7  000017  000CCE      196E       0  CODE        2
                text7                          000CCE  000017  000CE5      199C       0  CODE        2
                idataBANK3                     000CE5  000018  000CFD      19CA       0  CODE        2
                text48                         000CFD  00001A  000D17      19FA       0  CODE        2
                text18                         000D17  00001C  000D33      1A2E       0  CODE        2
                text17                         000D33  00001C  000D4F      1A66       0  CODE        2
                text52                         000D4F  000020  000D6F      1A9E       0  CODE        2
                text37                         000D6F  000022  000D91      1ADE       0  CODE        2
                text11                         000D91  000022  000DB3      1B22       0  CODE        2
                text46                         000DB3  000023  000DD6      1B66       0  CODE        2
                text38                         000DD6  000023  000DF9      1BAC       0  CODE        2
                text15                         000DF9  000026  000E1F      1BF2       0  CODE        2
                text50                         000E1F  000029  000E48      1C3E       0  CODE        2
                text32                         000E48  000029  000E71      1C90       0  CODE        2
                text6                          000E71  000029  000E9A      1CE2       0  CODE        2
                text25                         000E9A  00002A  000EC4      1D34       0  CODE        2
                text2                          000EC4  00002E  000EF2      1D88       0  CODE        2
                text28                         000EF2  00002F  000F21      1DE4       0  CODE        2
                text21                         000F21  000032  000F53      1E42       0  CODE        2
                text43                         000F53  000035  000F88      1EA6       0  CODE        2
                text3                          000F88  000039  000FC1      1F10       0  CODE        2
                text14                         000FC1  00003F  001000      1F82       0  CODE        2
                config                         002007  000001  002008      400E       0  CONFIG      2
                eeprom_data                    002100  000008  002108      4200       3  EEDATA      2


UNUSED ADDRESS RANGES

        Name                Unused          Largest block    Delta
        BANK0            0060-006F             10           1
        BANK1            00E9-00EF              7           1
        BANK2            0110-016F             60           1
        CODE             0003-0003              1           2
                         00FF-00FF              1
                         0812-0BC2            3B1
                         1000-1FFF            800
        COMMON           007B-007D              3           1
        CONST            0003-0003              1           2
                         00FF-00FF              1
                         0812-0BC2            100
                         1000-1FFF            100
        EEDATA           2108-21FF             F8           2
        ENTRY            0003-0003              1           2
                         00FF-00FF              1
                         0812-0BC2            100
                         1000-1FFF            100
        IDLOC            2000-2003              4           2
        RAM              0060-006F             10           1
                         00E9-00EF              7
                         0110-016F             60
        SFR0             0000-001F             20           1
        SFR1             0080-009F             20           1
        SFR2             0100-010F             10           1
        SFR3             0180-018F             10           1
        STACK            0110-016F             60           1
        STRCODE          0003-0003              1           2
                         00FF-00FF              1
                         0812-0BC2            3B1
                         1000-1FFF           1000
        STRING           0003-0003              1           2
                         00FF-00FF              1
                         0812-0BC2            100
                         1000-1FFF            100

                                  Symbol Table

?_printf                                        cstackBANK0  002E
_ADCON1                                         (abs)        009F
_CREN                                           (abs)        00C4
_EventDumpSolenoidCallBack                      text30       0BC3
_EventFaultStateLEDCallBack                     text29       03C5
_EventFaultStateLEDCallBack$146                 cstackBANK0  0031
_EventFaultStateLEDCallBack$147                 cstackBANK0  0033
_EventFaultStateLEDCallBack$148                 cstackBANK0  0035
_EventIdleTimeoutCallBack                       text28       0EF2
_EventLowFogPressureCallBack                    text27       07DB
_EventLowWaterLevelCallBack                     text26       0CB7
_EventLowWaterPressureCallBack                  text25       0E9A
_EventLowWaterPressureDebounceCallBack          text24       0CA2
_EventPODebounceCallBack                        text23       0C36
_EventRunSignalDebounceCallBack                 text31       0C17
_FERR                                           (abs)        00C2
_GIE                                            (abs)        005F
_OERR                                           (abs)        00C1
_PCFG3                                          (abs)        04FB
_PEIE                                           (abs)        005E
_PORTA                                          (abs)        0005
_PORTAbits                                      (abs)        0005
_PORTB                                          (abs)        0006
_PORTCbits                                      (abs)        0007
_PORTD                                          (abs)        0008
_PORTEbits                                      (abs)        0009
_PumpStateMappings                              dataBANK3    01D8
_RCIE                                           (abs)        0465
_RCIF                                           (abs)        0065
_RCREG                                          (abs)        001A
_RCSTA                                          (abs)        0018
_SPBRG                                          (abs)        0099
_SPEN                                           (abs)        00C7
_SYNC                                           (abs)        04C4
_T0CS                                           (abs)        040D
_TMR0IE                                         (abs)        005D
_TMR0IF                                         (abs)        005A
_TRISA                                          (abs)        0085
_TRISAbits                                      (abs)        0085
_TRISB                                          (abs)        0086
_TRISC6                                         (abs)        043E
_TRISC7                                         (abs)        043F
_TRISCbits                                      (abs)        0087
_TRISD                                          (abs)        0088
_TRISEbits                                      (abs)        0089
_TRMT                                           (abs)        04C1
_TX9                                            (abs)        04C6
_TXEN                                           (abs)        04C5
_TXIE                                           (abs)        0464
_TXIF                                           (abs)        0064
_TXREG                                          (abs)        0019
_TXSTA                                          (abs)        0098
__Babs1                                         abs1         4210
__Bbank0                                        bank0        4210
__Bbank1                                        bank1        4210
__Bbank2                                        bank2        4210
__Bbank3                                        bank3        4210
__BbssBANK0                                     bssBANK0     4210
__BbssBANK1                                     bssBANK1     4210
__BbssBANK3                                     bssBANK3     4210
__Bclrtext                                      clrtext      4210
__Bcode                                         code         4210
__Bcommon                                       common       4210
__BcstackBANK0                                  cstackBANK0  4210
__BcstackCOMMON                                 cstackCOMMON 4210
__BdataBANK3                                    dataBANK3    4210
__Beeprom_data                                  eeprom_data  2100
__BidataBANK3                                   idataBANK3   4210
__Binittext                                     inittext     4210
__Bmaintext                                     maintext     4210
__BnvBANK0                                      nvBANK0      4210
__Bram                                          ram          4210
__Bsfr0                                         sfr0         4210
__Bsfr1                                         sfr1         4210
__Bsfr2                                         sfr2         4210
__Bsfr3                                         sfr3         4210
__Bstrings                                      strings      4210
__Bstringtext                                   stringtext   4210
__Btext                                         text         4210
__CFG_BOREN$ON                                  (abs)        0000
__CFG_CP$OFF                                    (abs)        0000
__CFG_CPD$OFF                                   (abs)        0000
__CFG_FOSC$HS                                   (abs)        0000
__CFG_LVP$ON                                    (abs)        0000
__CFG_PWRTE$OFF                                 (abs)        0000
__CFG_WDTE$OFF                                  (abs)        0000
__CFG_WRT$OFF                                   (abs)        0000
__Habs1                                         abs1         0010
__Hbank0                                        bank0        0010
__Hbank1                                        bank1        0010
__Hbank2                                        bank2        0010
__Hbank3                                        bank3        0010
__HbssBANK0                                     bssBANK0     0010
__HbssBANK1                                     bssBANK1     0010
__HbssBANK3                                     bssBANK3     0010
__Hcinit                                        cinit        003E
__Hclrtext                                      clrtext      0010
__Hcode                                         code         0010
__Hcommon                                       common       0010
__Hconfig                                       config       2008
__HcstackBANK0                                  cstackBANK0  0010
__HcstackCOMMON                                 cstackCOMMON 0010
__HdataBANK3                                    dataBANK3    0010
__Heeprom_data                                  eeprom_data  0008
__Hend_init                                     end_init     0015
__Hfunctab                                      functab      005F
__HidataBANK3                                   idataBANK3   0010
__Hidloc                                        idloc        0000
__Hinit                                         init         0012
__Hinittext                                     inittext     0010
__Hintentry                                     intentry     0012
__Hmaintext                                     maintext     0010
__HnvBANK0                                      nvBANK0      0010
__Hpowerup                                      powerup      0000
__Hram                                          ram          0010
__Hreset_vec                                    reset_vec    0003
__Hsfr0                                         sfr0         0010
__Hsfr1                                         sfr1         0010
__Hsfr2                                         sfr2         0010
__Hsfr3                                         sfr3         0010
__Hspace_0                                      (abs)        2008
__Hspace_1                                      (abs)        01F0
__Hspace_2                                      (abs)        0000
__Hspace_3                                      (abs)        0008
__Hstack                                        stack        0000
__Hstrings                                      strings      0010
__Hstringtext                                   stringtext   0010
__Htext                                         text         0010
__Labs1                                         abs1         0010
__Lbank0                                        bank0        0010
__Lbank1                                        bank1        0010
__Lbank2                                        bank2        0010
__Lbank3                                        bank3        0010
__LbssBANK0                                     bssBANK0     0010
__LbssBANK1                                     bssBANK1     0010
__LbssBANK3                                     bssBANK3     0010
__Lcinit                                        cinit        0015
__Lclrtext                                      clrtext      0010
__Lcode                                         code         0010
__Lcommon                                       common       0010
__Lconfig                                       config       2007
__LcstackBANK0                                  cstackBANK0  0010
__LcstackCOMMON                                 cstackCOMMON 0010
__LdataBANK3                                    dataBANK3    0010
__Leeprom_data                                  eeprom_data  0000
__Lend_init                                     end_init     0012
__Lfunctab                                      functab      003E
__LidataBANK3                                   idataBANK3   0010
__Lidloc                                        idloc        0000
__Linit                                         init         0012
__Linittext                                     inittext     0010
__Lintentry                                     intentry     0004
__Lmaintext                                     maintext     0010
__LnvBANK0                                      nvBANK0      0010
__Lpowerup                                      powerup      0000
__Lram                                          ram          0010
__Lreset_vec                                    reset_vec    0000
__Lsfr0                                         sfr0         0010
__Lsfr1                                         sfr1         0010
__Lsfr2                                         sfr2         0010
__Lsfr3                                         sfr3         0010
__Lspace_0                                      (abs)        0000
__Lspace_1                                      (abs)        0000
__Lspace_2                                      (abs)        0000
__Lspace_3                                      (abs)        0000
__Lstack                                        stack        0000
__Lstrings                                      strings      0010
__Lstringtext                                   stringtext   0010
__Ltext                                         text         0010
__S0                                            (abs)        2008
__S1                                            (abs)        01F0
__S2                                            (abs)        0000
__S3                                            (abs)        2108
___bmul                                         text44       0C7A
___bmul@multiplicand                            cstackBANK0  0027
___bmul@multiplier                              cstackBANK0  002A
___bmul@product                                 cstackBANK0  0029
___int_sp                                       stack        0000
___latbits                                      (abs)        0002
___sp                                           stack        0000
___stackhi                                      (abs)        0000
___stacklo                                      (abs)        0000
__end_of_EventDumpSolenoidCallBack              text30       0BC9
__end_of_EventFaultStateLEDCallBack             text29       044D
__end_of_EventIdleTimeoutCallBack               text28       0F21
__end_of_EventLowFogPressureCallBack            text27       07FE
__end_of_EventLowWaterLevelCallBack             text26       0CCE
__end_of_EventLowWaterPressureCallBack          text25       0EC4
__end_of_EventLowWaterPressureDebounceCallBack  text24       0CB7
__end_of_EventPODebounceCallBack                text23       0C46
__end_of_EventRunSignalDebounceCallBack         text31       0C26
__end_of___bmul                                 text44       0C8D
__end_of__fptable                               functab      005F
__end_of__initialization                        cinit        003A
__end_of__stringtab                             strings      0812
__end_of_chartox                                text20       0C17
__end_of_checkIfShoudReset                      text40       0C7A
__end_of_clear_callback                         text39       0C36
__end_of_clear_callback_for_shutdown            text32       0E71
__end_of_combineZones                           text47       0BFE
__end_of_enable_callback                        text43       0F88
__end_of_event_timer_isr                        text48       0D17
__end_of_has_data                               text10       0BEA
__end_of_init                                   text45       0792
__end_of_init_event_timer                       text42       0612
__end_of_main                                   maintext     0330
__end_of_monitor_pump_run                       text12       04D3
__end_of_monitor_water_pressure                 text38       0DF9
__end_of_not_full                               text7        0CE5
__end_of_output_message                         text21       0F53
__end_of_pop                                    text9        0747
__end_of_printFaultState                        text34       0800
__end_of_printPumpState                         text33       07FF
__end_of_printf                                 text35       00A7
__end_of_process_event_timer                    text22       03C5
__end_of_process_get_status_message             text18       0D33
__end_of_process_message                        text13       06AF
__end_of_process_reset_pump                     text17       0D4F
__end_of_process_set_address_message            text16       00FF
__end_of_process_set_zones_message              text14       1000
__end_of_pump_run                               text11       0DB3
__end_of_push                                   text37       0D91
__end_of_putch                                  text36       0C0A
__end_of_puts                                   text6        0E9A
__end_of_receiveMessage                         text8        0661
__end_of_resetPump                              text41       0BE1
__end_of_ser_int                                text46       0DD6
__end_of_serial_process_loop                    text5        00EA
__end_of_setBaseMessage                         text19       05BE
__end_of_shutdown                               text4        0C57
__end_of_standby                                text3        0FC1
__end_of_start_main                             text2        0EF2
__end_of_start_pump                             text1        0551
__end_of_usart_interrupt                        text49       06FC
__end_of_xtochar                                text15       0E1F
__end_ofi1_has_data                             text55       0BD0
__end_ofi1_not_full                             text54       0CA2
__end_ofi1_pop                                  text53       07DB
__end_ofi1_push                                 text52       0D6F
__end_ofi1_putch                                text51       0BF4
__end_ofi1_puts                                 text50       0E48
__fptable                                       functab      003E
__initialization                                cinit        0015
__pbssBANK0                                     bssBANK0     004D
__pbssBANK1                                     bssBANK1     00A0
__pbssBANK3                                     bssBANK3     0190
__pcstackBANK0                                  cstackBANK0  0020
__pcstackCOMMON                                 cstackCOMMON 0070
__pdataBANK3                                    dataBANK3    01D8
__pfunctab                                      functab      003E
__pidataBANK3                                   idataBANK3   0CE5
__pintentry                                     intentry     0004
__pmaintext                                     maintext     0241
__pnvBANK0                                      nvBANK0      005F
__pstrings                                      strings      0800
__pstringtext                                   stringtext   0100
__ptext1                                        text1        04D3
__ptext10                                       text10       0BE1
__ptext11                                       text11       0D91
__ptext12                                       text12       044D
__ptext13                                       text13       0661
__ptext14                                       text14       0FC1
__ptext15                                       text15       0DF9
__ptext16                                       text16       00EA
__ptext17                                       text17       0D33
__ptext18                                       text18       0D17
__ptext19                                       text19       0551
__ptext2                                        text2        0EC4
__ptext20                                       text20       0C0A
__ptext21                                       text21       0F21
__ptext22                                       text22       0330
__ptext23                                       text23       0C36
__ptext24                                       text24       0CA2
__ptext25                                       text25       0E9A
__ptext26                                       text26       0CB7
__ptext27                                       text27       07DB
__ptext28                                       text28       0EF2
__ptext29                                       text29       03C5
__ptext3                                        text3        0F88
__ptext30                                       text30       0BC3
__ptext31                                       text31       0C17
__ptext32                                       text32       0E48
__ptext33                                       text33       07FE
__ptext34                                       text34       07FF
__ptext35                                       text35       005F
__ptext36                                       text36       0BFE
__ptext37                                       text37       0D6F
__ptext38                                       text38       0DD6
__ptext39                                       text39       0C26
__ptext4                                        text4        0C46
__ptext40                                       text40       0C68
__ptext41                                       text41       0BD8
__ptext42                                       text42       05BE
__ptext43                                       text43       0F53
__ptext44                                       text44       0C7A
__ptext45                                       text45       0747
__ptext46                                       text46       0DB3
__ptext47                                       text47       0BF4
__ptext48                                       text48       0CFD
__ptext49                                       text49       06AF
__ptext5                                        text5        00A7
__ptext50                                       text50       0E1F
__ptext51                                       text51       0BEA
__ptext52                                       text52       0D4F
__ptext53                                       text53       0792
__ptext54                                       text54       0C8D
__ptext55                                       text55       0BC9
__ptext6                                        text6        0E71
__ptext7                                        text7        0CCE
__ptext8                                        text8        0612
__ptext9                                        text9        06FC
__size_of_EventDumpSolenoidCallBack             (abs)        0000
__size_of_EventFaultStateLEDCallBack            (abs)        0000
__size_of_EventIdleTimeoutCallBack              (abs)        0000
__size_of_EventLowFogPressureCallBack           (abs)        0000
__size_of_EventLowWaterLevelCallBack            (abs)        0000
__size_of_EventLowWaterPressureCallBack         (abs)        0000
__size_of_EventLowWaterPressureDebounceCallBack (abs)        0000
__size_of_EventPODebounceCallBack               (abs)        0000
__size_of_EventRunSignalDebounceCallBack        (abs)        0000
__size_of___bmul                                (abs)        0000
__size_of__fptable                              (abs)        0000
__size_of_chartox                               (abs)        0000
__size_of_checkIfShoudReset                     (abs)        0000
__size_of_clear_callback                        (abs)        0000
__size_of_clear_callback_for_shutdown           (abs)        0000
__size_of_combineZones                          (abs)        0000
__size_of_enable_callback                       (abs)        0000
__size_of_event_timer_isr                       (abs)        0000
__size_of_has_data                              (abs)        0000
__size_of_init                                  (abs)        0000
__size_of_init_event_timer                      (abs)        0000
__size_of_main                                  (abs)        0000
__size_of_monitor_pump_run                      (abs)        0000
__size_of_monitor_water_pressure                (abs)        0000
__size_of_not_full                              (abs)        0000
__size_of_output_message                        (abs)        0000
__size_of_pop                                   (abs)        0000
__size_of_printFaultState                       (abs)        0000
__size_of_printPumpState                        (abs)        0000
__size_of_printf                                (abs)        0000
__size_of_process_event_timer                   (abs)        0000
__size_of_process_get_status_message            (abs)        0000
__size_of_process_message                       (abs)        0000
__size_of_process_reset_pump                    (abs)        0000
__size_of_process_set_address_message           (abs)        0000
__size_of_process_set_zones_message             (abs)        0000
__size_of_pump_run                              (abs)        0000
__size_of_push                                  (abs)        0000
__size_of_putch                                 (abs)        0000
__size_of_puts                                  (abs)        0000
__size_of_receiveMessage                        (abs)        0000
__size_of_resetPump                             (abs)        0000
__size_of_ser_int                               (abs)        0000
__size_of_serial_process_loop                   (abs)        0000
__size_of_setBaseMessage                        (abs)        0000
__size_of_shutdown                              (abs)        0000
__size_of_standby                               (abs)        0000
__size_of_start_main                            (abs)        0000
__size_of_start_pump                            (abs)        0000
__size_of_usart_interrupt                       (abs)        0000
__size_of_xtochar                               (abs)        0000
__size_ofi1_has_data                            (abs)        0000
__size_ofi1_not_full                            (abs)        0000
__size_ofi1_pop                                 (abs)        0000
__size_ofi1_push                                (abs)        0000
__size_ofi1_putch                               (abs)        0000
__size_ofi1_puts                                (abs)        0000
__stringbase                                    strings      0812
__stringtab                                     strings      0800
_chartox                                        text20       0C0A
_checkIfShoudReset                              text40       0C68
_clear_callback                                 text39       0C26
_clear_callback_for_shutdown                    text32       0E48
_combineZones                                   text47       0BF4
_combinedZones                                  nvBANK0      005F
_commsZones                                     bssBANK0     0052
_enable_callback                                text43       0F53
_event_timer_isr                                text48       0CFD
_fault_flags                                    bssBANK0     004F
_has_data                                       text10       0BE1
_inIdleDumpHour                                 bssBANK0     0053
_inbound                                        bssBANK3     0190
_init                                           text45       0747
_init_event_timer                               text42       05BE
_main                                           maintext     0241
_monitor_pump_run                               text12       044D
_monitor_water_pressure                         text38       0DD6
_not_full                                       text7        0CCE
_outbound                                       bssBANK3     01B4
_outputMessage                                  bssBANK0     0055
_output_message                                 text21       0F21
_pop                                            text9        06FC
_printFaultState                                text34       07FF
_printPumpState                                 text33       07FE
_printf                                         text35       005F
_process_event_timer                            text22       0330
_process_event_timer$2111                       cstackBANK0  003A
_process_get_status_message                     text18       0D17
_process_message                                text13       0661
_process_reset_pump                             text17       0D33
_process_set_address_message                    text16       00EA
_process_set_zones_message                      text14       0FC1
_pump_run                                       text11       0D91
_push                                           text37       0D6F
_putch                                          text36       0BFE
_puts                                           text6        0E71
_receiveMessage                                 text8        0612
_resetPump                                      text41       0BD8
_ser_int                                        text46       0DB3
_serial_process_loop                            text5        00A7
_setBaseMessage                                 text19       0551
_shutdown                                       text4        0C46
_standby                                        text3        0F88
_start_main                                     text2        0EC4
_start_pump                                     text1        04D3
_state                                          bssBANK0     0054
_timer_count                                    bssBANK0     0051
_timer_events                                   bssBANK1     00A0
_usart_interrupt                                text49       06AF
_xtochar                                        text15       0DF9
btemp                                           (abs)        007E
chartox@c                                       cstackBANK0  0027
clear_callback@callback                         cstackBANK0  002C
clear_ram0                                      clrtext      0BD0
enable_callback@callback                        cstackBANK0  002E
enable_callback@time_delay                      cstackBANK0  002B
end_of_initialization                           cinit        003A
fpbase                                          functab      0043
fptable                                         functab      003E
fptotal                                         (abs)        0012
has_data@buff                                   cstackBANK0  0027
i1_has_data                                     text55       0BC9
i1_not_full                                     text54       0C8D
i1_pop                                          text53       0792
i1_push                                         text52       0D4F
i1_putch                                        text51       0BEA
i1_puts                                         text50       0E1F
i1has_data@buff                                 cstackCOMMON 0070
i1not_full@buff                                 cstackCOMMON 0072
i1pop@buff                                      cstackCOMMON 0077
i1pop@d                                         cstackCOMMON 0076
i1push@buff                                     cstackCOMMON 0074
i1push@d                                        cstackCOMMON 0070
i1putch@c                                       cstackCOMMON 0076
i1puts@c                                        cstackCOMMON 0077
i1puts@str                                      cstackBANK0  0020
init_fetch0                                     inittext     0C57
init_ram0                                       inittext     0C5B
interrupt_function                              intentry     0004
intlevel0                                       functab      003E
intlevel1                                       functab      003E
intlevel2                                       functab      003E
intlevel3                                       functab      003E
intlevel4                                       functab      003E
intlevel5                                       functab      003E
main@F1063                                      dataBANK3    01E6
main@message                                    cstackBANK0  004A
main@msg_counter                                cstackBANK0  004B
main@sendGetMessageBuffer                       cstackBANK0  0040
not_full@buff                                   cstackBANK0  0029
output_message@i                                cstackBANK0  002F
output_message@message                          cstackBANK0  0031
pop@buff                                        cstackBANK0  002E
pop@d                                           cstackBANK0  002D
printf@ap                                       cstackBANK0  0034
printf@c                                        cstackBANK0  0036
printf@f                                        cstackBANK0  002E
process_event_timer@i                           cstackBANK0  003B
process_get_status_message@inmessage            cstackBANK0  0033
process_message@inmessage                       cstackBANK0  0039
process_message@msgType                         cstackBANK0  0037
process_reset_pump@inmessage                    cstackBANK0  0033
process_set_address_message@inmessage           cstackBANK0  0034
process_set_zones_message@inmessage             cstackBANK0  0034
push@buff                                       cstackBANK0  002B
push@d                                          cstackBANK0  0027
putch@c                                         cstackBANK0  002D
puts@c                                          cstackBANK0  0030
puts@str                                        cstackBANK0  002E
receiveMessage@c                                cstackBANK0  0030
receiveMessage@len                              bssBANK0     004D
receiveMessage@message                          bssBANK1     00DF
reset_vec                                       reset_vec    0000
saved_w                                         (abs)        007E
serial_process_loop@a                           cstackBANK0  0033
setBaseMessage@messageType                      cstackBANK0  002C
setBaseMessage@msgAddress                       cstackBANK0  0028
setBaseMessage@v                                cstackBANK0  002D
start                                           init         0012
start_initialization                            cinit        0015
usart_interrupt@a                               cstackCOMMON 007A
wtemp0                                          (abs)        007E
xtochar@x                                       cstackBANK0  0027


FUNCTION INFORMATION:

 *************** function _main *****************
 Defined at:
		line 294 in file "pump_control.c"
 Parameters:    Size  Location     Type
		None
 Auto vars:     Size  Location     Type
  sendGetMessa   10   32[BANK0 ] unsigned char [10]
  msg_counter     2   43[BANK0 ] unsigned int 
  message         1   42[BANK0 ] PTR unsigned char 
		 -> receiveMessage@message(10), NULL(0), 
 Return value:  Size  Location     Type
                  1    wreg      void 
 Registers used:
		wreg, fsr0l, fsr0h, status,2, status,0, btemp+1, pclath, cstack
 Tracked objects:
		On entry : 
		On exit  : 
		Unchanged: 
 Data sizes:     COMMON   BANK0   BANK1   BANK3   BANK2
      Params:         0       0       0       0       0
      Locals:         0      13       0       0       0
      Temps:          0       4       0       0       0
      Totals:         0      17       0       0       0
Total ram usage:       17 bytes
 Hardware stack levels required when called:   11
 This function calls:
		_checkIfShoudReset
		_clear_callback
		_combineZones
		_enable_callback
		_init
		_init_event_timer
		_monitor_water_pressure
		_printFaultState
		_printPumpState
		_printf
		_process_event_timer
		_process_get_status_message
		_process_message
		_pump_run
		_receiveMessage
		_ser_int
		_serial_process_loop
		_shutdown
		_standby
		_start_main
		_start_pump
 This function is called by:
		Startup code after reset
 This function uses a non-reentrant model


 *************** function _start_pump *****************
 Defined at:
		line 3 in file "start_pump_state.c"
 Parameters:    Size  Location     Type
		None
 Auto vars:     Size  Location     Type
		None
 Return value:  Size  Location     Type
                  1    wreg      void 
 Registers used:
		wreg, fsr0l, fsr0h, status,2, status,0, pclath, cstack
 Tracked objects:
		On entry : 
		On exit  : 
		Unchanged: 
 Data sizes:     COMMON   BANK0   BANK1   BANK3   BANK2
      Params:         0       0       0       0       0
      Locals:         0       0       0       0       0
      Temps:          0       1       0       0       0
      Totals:         0       1       0       0       0
Total ram usage:        1 bytes
 Hardware stack levels used:    1
 Hardware stack levels required when called:    8
 This function calls:
		_clear_callback
		_clear_callback_for_shutdown
		_enable_callback
 This function is called by:
		_main
 This function uses a non-reentrant model


 *************** function _start_main *****************
 Defined at:
		line 4 in file "start_main.c"
 Parameters:    Size  Location     Type
		None
 Auto vars:     Size  Location     Type
		None
 Return value:  Size  Location     Type
                  1    wreg      void 
 Registers used:
		wreg, fsr0l, fsr0h, status,2, status,0, pclath, cstack
 Tracked objects:
		On entry : 
		On exit  : 
		Unchanged: 
 Data sizes:     COMMON   BANK0   BANK1   BANK3   BANK2
      Params:         0       0       0       0       0
      Locals:         0       0       0       0       0
      Temps:          0       1       0       0       0
      Totals:         0       1       0       0       0
Total ram usage:        1 bytes
 Hardware stack levels used:    1
 Hardware stack levels required when called:    8
 This function calls:
		_clear_callback
		_enable_callback
		_monitor_pump_run
 This function is called by:
		_main
 This function uses a non-reentrant model


 *************** function _standby *****************
 Defined at:
		line 3 in file "standby_state.c"
 Parameters:    Size  Location     Type
		None
 Auto vars:     Size  Location     Type
		None
 Return value:  Size  Location     Type
                  1    wreg      void 
 Registers used:
		wreg, fsr0l, fsr0h, status,2, status,0, pclath, cstack
 Tracked objects:
		On entry : 
		On exit  : 
		Unchanged: 
 Data sizes:     COMMON   BANK0   BANK1   BANK3   BANK2
      Params:         0       0       0       0       0
      Locals:         0       0       0       0       0
      Temps:          0       1       0       0       0
      Totals:         0       1       0       0       0
Total ram usage:        1 bytes
 Hardware stack levels used:    1
 Hardware stack levels required when called:    7
 This function calls:
		_clear_callback
		_enable_callback
 This function is called by:
		_main
 This function uses a non-reentrant model


 *************** function _shutdown *****************
 Defined at:
		line 4 in file "shutdown_state.c"
 Parameters:    Size  Location     Type
		None
 Auto vars:     Size  Location     Type
		None
 Return value:  Size  Location     Type
                  1    wreg      void 
 Registers used:
		wreg, fsr0l, fsr0h, status,2, status,0, pclath, cstack
 Tracked objects:
		On entry : 
		On exit  : 
		Unchanged: 
 Data sizes:     COMMON   BANK0   BANK1   BANK3   BANK2
      Params:         0       0       0       0       0
      Locals:         0       0       0       0       0
      Temps:          0       0       0       0       0
      Totals:         0       0       0       0       0
Total ram usage:        0 bytes
 Hardware stack levels used:    1
 Hardware stack levels required when called:    7
 This function calls:
		_enable_callback
 This function is called by:
		_main
 This function uses a non-reentrant model


 *************** function _serial_process_loop *****************
 Defined at:
		line 114 in file "serial.c"
 Parameters:    Size  Location     Type
		None
 Auto vars:     Size  Location     Type
  a               1   19[BANK0 ] unsigned char 
 Return value:  Size  Location     Type
                  1    wreg      void 
 Registers used:
		wreg, fsr0l, fsr0h, status,2, status,0, btemp+1, pclath, cstack
 Tracked objects:
		On entry : 
		On exit  : 
		Unchanged: 
 Data sizes:     COMMON   BANK0   BANK1   BANK3   BANK2
      Params:         0       0       0       0       0
      Locals:         0       1       0       0       0
      Temps:          0       1       0       0       0
      Totals:         0       2       0       0       0
Total ram usage:        2 bytes
 Hardware stack levels used:    1
 Hardware stack levels required when called:    8
 This function calls:
		_has_data
		_not_full
		_pop
		_push
		_puts
 This function is called by:
		_main
 This function uses a non-reentrant model


 *************** function _puts *****************
 Defined at:
		line 221 in file "serial.c"
 Parameters:    Size  Location     Type
  str             2   14[BANK0 ] PTR const unsigned char 
		 -> STR_21(16), STR_20(16), 
 Auto vars:     Size  Location     Type
  c               2   16[BANK0 ] PTR const unsigned char 
		 -> STR_21(16), STR_20(16), 
 Return value:  Size  Location     Type
                  2   14[BANK0 ] int 
 Registers used:
		wreg, fsr0l, fsr0h, status,2, status,0, btemp+1, pclath, cstack
 Tracked objects:
		On entry : 
		On exit  : 
		Unchanged: 
 Data sizes:     COMMON   BANK0   BANK1   BANK3   BANK2
      Params:         0       2       0       0       0
      Locals:         0       2       0       0       0
      Temps:          0       0       0       0       0
      Totals:         0       4       0       0       0
Total ram usage:        4 bytes
 Hardware stack levels used:    1
 Hardware stack levels required when called:    7
 This function calls:
		_putch
 This function is called by:
		_serial_process_loop
 This function uses a non-reentrant model


 *************** function _not_full *****************
 Defined at:
		line 60 in file "serial_buffer.c"
 Parameters:    Size  Location     Type
  buff            1    wreg     PTR struct .
		 -> inbound(36), 
 Auto vars:     Size  Location     Type
  buff            1    9[BANK0 ] PTR struct .
		 -> inbound(36), 
 Return value:  Size  Location     Type
                  1    wreg      unsigned char 
 Registers used:
		wreg, fsr0l, fsr0h, status,2, status,0
 Tracked objects:
		On entry : 
		On exit  : 
		Unchanged: 
 Data sizes:     COMMON   BANK0   BANK1   BANK3   BANK2
      Params:         0       0       0       0       0
      Locals:         0       1       0       0       0
      Temps:          0       2       0       0       0
      Totals:         0       3       0       0       0
Total ram usage:        3 bytes
 Hardware stack levels used:    1
 Hardware stack levels required when called:    5
 This function calls:
		Nothing
 This function is called by:
		_serial_process_loop
 This function uses a non-reentrant model


 *************** function _receiveMessage *****************
 Defined at:
		line 230 in file "serial.c"
 Parameters:    Size  Location     Type
		None
 Auto vars:     Size  Location     Type
  c               1   16[BANK0 ] unsigned char 
 Return value:  Size  Location     Type
                  1    wreg      PTR unsigned char 
 Registers used:
		wreg, fsr0l, fsr0h, status,2, status,0, btemp+1, pclath, cstack
 Tracked objects:
		On entry : 
		On exit  : 
		Unchanged: 
 Data sizes:     COMMON   BANK0   BANK1   BANK3   BANK2
      Params:         0       0       0       0       0
      Locals:         0       1       0       0       0
      Temps:          0       1       0       0       0
      Totals:         0       2       0       0       0
Total ram usage:        2 bytes
 Hardware stack levels used:    1
 Hardware stack levels required when called:    6
 This function calls:
		_has_data
		_pop
 This function is called by:
		_main
 This function uses a non-reentrant model


 *************** function _pop *****************
 Defined at:
		line 27 in file "serial_buffer.c"
 Parameters:    Size  Location     Type
  buff            1    wreg     PTR struct .
		 -> inbound(36), outbound(36), 
 Auto vars:     Size  Location     Type
  buff            1   14[BANK0 ] PTR struct .
		 -> inbound(36), outbound(36), 
  d               1   13[BANK0 ] unsigned char 
 Return value:  Size  Location     Type
                  1    wreg      unsigned char 
 Registers used:
		wreg, fsr0l, fsr0h, status,2, status,0
 Tracked objects:
		On entry : 
		On exit  : 
		Unchanged: 
 Data sizes:     COMMON   BANK0   BANK1   BANK3   BANK2
      Params:         0       0       0       0       0
      Locals:         0       2       0       0       0
      Temps:          0       6       0       0       0
      Totals:         0       8       0       0       0
Total ram usage:        8 bytes
 Hardware stack levels used:    1
 Hardware stack levels required when called:    5
 This function calls:
		Nothing
 This function is called by:
		_serial_process_loop
		_receiveMessage
		_sendChars
 This function uses a non-reentrant model


 *************** function _has_data *****************
 Defined at:
		line 51 in file "serial_buffer.c"
 Parameters:    Size  Location     Type
  buff            1    wreg     PTR struct .
		 -> inbound(36), outbound(36), 
 Auto vars:     Size  Location     Type
  buff            1    7[BANK0 ] PTR struct .
		 -> inbound(36), outbound(36), 
 Return value:  Size  Location     Type
                  1    wreg      unsigned char 
 Registers used:
		wreg, fsr0l, fsr0h, status,2, status,0
 Tracked objects:
		On entry : 
		On exit  : 
		Unchanged: 
 Data sizes:     COMMON   BANK0   BANK1   BANK3   BANK2
      Params:         0       0       0       0       0
      Locals:         0       1       0       0       0
      Temps:          0       0       0       0       0
      Totals:         0       1       0       0       0
Total ram usage:        1 bytes
 Hardware stack levels used:    1
 Hardware stack levels required when called:    5
 This function calls:
		Nothing
 This function is called by:
		_serial_process_loop
		_receiveMessage
 This function uses a non-reentrant model


 *************** function _pump_run *****************
 Defined at:
		line 4 in file "pump_run.c"
 Parameters:    Size  Location     Type
		None
 Auto vars:     Size  Location     Type
		None
 Return value:  Size  Location     Type
                  1    wreg      void 
 Registers used:
		wreg, fsr0l, fsr0h, status,2, status,0, pclath, cstack
 Tracked objects:
		On entry : 
		On exit  : 
		Unchanged: 
 Data sizes:     COMMON   BANK0   BANK1   BANK3   BANK2
      Params:         0       0       0       0       0
      Locals:         0       0       0       0       0
      Temps:          0       0       0       0       0
      Totals:         0       0       0       0       0
Total ram usage:        0 bytes
 Hardware stack levels used:    1
 Hardware stack levels required when called:    8
 This function calls:
		_clear_callback
		_enable_callback
		_monitor_pump_run
 This function is called by:
		_main
 This function uses a non-reentrant model


 *************** function _monitor_pump_run *****************
 Defined at:
		line 38 in file "pump_run.c"
 Parameters:    Size  Location     Type
		None
 Auto vars:     Size  Location     Type
		None
 Return value:  Size  Location     Type
                  1    wreg      void 
 Registers used:
		wreg, fsr0l, fsr0h, status,2, status,0, pclath, cstack
 Tracked objects:
		On entry : 
		On exit  : 
		Unchanged: 
 Data sizes:     COMMON   BANK0   BANK1   BANK3   BANK2
      Params:         0       0       0       0       0
      Locals:         0       0       0       0       0
      Temps:          0       1       0       0       0
      Totals:         0       1       0       0       0
Total ram usage:        1 bytes
 Hardware stack levels used:    1
 Hardware stack levels required when called:    7
 This function calls:
		_clear_callback
		_enable_callback
 This function is called by:
		_pump_run
		_start_main
 This function uses a non-reentrant model


 *************** function _process_message *****************
 Defined at:
		line 104 in file "serial_message.c"
 Parameters:    Size  Location     Type
  inmessage       1    wreg     PTR unsigned char 
		 -> receiveMessage@message(10), NULL(0), 
 Auto vars:     Size  Location     Type
  inmessage       1   25[BANK0 ] PTR unsigned char 
		 -> receiveMessage@message(10), NULL(0), 
  address         1    0        unsigned char 
  msgType         1   23[BANK0 ] unsigned char 
 Return value:  Size  Location     Type
                  1    wreg      void 
 Registers used:
		wreg, fsr0l, fsr0h, status,2, status,0, btemp+1, pclath, cstack
 Tracked objects:
		On entry : 
		On exit  : 
		Unchanged: 
 Data sizes:     COMMON   BANK0   BANK1   BANK3   BANK2
      Params:         0       0       0       0       0
      Locals:         0       3       0       0       0
      Temps:          0       2       0       0       0
      Totals:         0       5       0       0       0
Total ram usage:        5 bytes
 Hardware stack levels used:    1
 Hardware stack levels required when called:   10
 This function calls:
		_process_get_status_message
		_process_reset_pump
		_process_set_address_message
		_process_set_zones_message
 This function is called by:
		_main
 This function uses a non-reentrant model


 *************** function _process_set_zones_message *****************
 Defined at:
		line 65 in file "serial_message.c"
 Parameters:    Size  Location     Type
  inmessage       1    wreg     PTR unsigned char 
		 -> receiveMessage@message(10), NULL(0), 
 Auto vars:     Size  Location     Type
  inmessage       1   20[BANK0 ] PTR unsigned char 
		 -> receiveMessage@message(10), NULL(0), 
 Return value:  Size  Location     Type
                  1    wreg      void 
 Registers used:
		wreg, fsr0l, fsr0h, status,2, status,0, btemp+1, pclath, cstack
 Tracked objects:
		On entry : 
		On exit  : 
		Unchanged: 
 Data sizes:     COMMON   BANK0   BANK1   BANK3   BANK2
      Params:         0       0       0       0       0
      Locals:         0       1       0       0       0
      Temps:          0       2       0       0       0
      Totals:         0       3       0       0       0
Total ram usage:        3 bytes
 Hardware stack levels used:    1
 Hardware stack levels required when called:    8
 This function calls:
		_combineZones
		_output_message
		_setBaseMessage
		_xtochar
 This function is called by:
		_process_message
 This function uses a non-reentrant model


 *************** function _xtochar *****************
 Defined at:
		line 18 in file "serial_message.c"
 Parameters:    Size  Location     Type
  x               1    wreg     unsigned char 
 Auto vars:     Size  Location     Type
  x               1    7[BANK0 ] unsigned char 
 Return value:  Size  Location     Type
                  1    wreg      unsigned char 
 Registers used:
		wreg, status,2, status,0
 Tracked objects:
		On entry : 
		On exit  : 
		Unchanged: 
 Data sizes:     COMMON   BANK0   BANK1   BANK3   BANK2
      Params:         0       0       0       0       0
      Locals:         0       1       0       0       0
      Temps:          0       0       0       0       0
      Totals:         0       1       0       0       0
Total ram usage:        1 bytes
 Hardware stack levels used:    1
 Hardware stack levels required when called:    5
 This function calls:
		Nothing
 This function is called by:
		_process_set_zones_message
 This function uses a non-reentrant model


 *************** function _process_set_address_message *****************
 Defined at:
		line 88 in file "serial_message.c"
 Parameters:    Size  Location     Type
  inmessage       1    wreg     PTR unsigned char 
		 -> receiveMessage@message(10), NULL(0), 
 Auto vars:     Size  Location     Type
  inmessage       1   20[BANK0 ] PTR unsigned char 
		 -> receiveMessage@message(10), NULL(0), 
  new_address     1    0        unsigned char 
 Return value:  Size  Location     Type
                  1    wreg      void 
 Registers used:
		wreg, fsr0l, fsr0h, status,2, status,0, btemp+1, pclath, cstack
 Tracked objects:
		On entry : 
		On exit  : 
		Unchanged: 
 Data sizes:     COMMON   BANK0   BANK1   BANK3   BANK2
      Params:         0       0       0       0       0
      Locals:         0       2       0       0       0
      Temps:          0       1       0       0       0
      Totals:         0       3       0       0       0
Total ram usage:        3 bytes
 Hardware stack levels used:    1
 Hardware stack levels required when called:    8
 This function calls:
		_output_message
		_setBaseMessage
 This function is called by:
		_process_message
 This function uses a non-reentrant model


 *************** function _process_reset_pump *****************
 Defined at:
		line 97 in file "serial_message.c"
 Parameters:    Size  Location     Type
  inmessage       1    wreg     PTR unsigned char 
		 -> receiveMessage@message(10), NULL(0), 
 Auto vars:     Size  Location     Type
  inmessage       1   19[BANK0 ] PTR unsigned char 
		 -> receiveMessage@message(10), NULL(0), 
 Return value:  Size  Location     Type
                  1    wreg      void 
 Registers used:
		wreg, fsr0l, fsr0h, status,2, status,0, btemp+1, pclath, cstack
 Tracked objects:
		On entry : 
		On exit  : 
		Unchanged: 
 Data sizes:     COMMON   BANK0   BANK1   BANK3   BANK2
      Params:         0       0       0       0       0
      Locals:         0       1       0       0       0
      Temps:          0       1       0       0       0
      Totals:         0       2       0       0       0
Total ram usage:        2 bytes
 Hardware stack levels used:    1
 Hardware stack levels required when called:    9
 This function calls:
		_output_message
		_resetPump
		_setBaseMessage
 This function is called by:
		_process_message
 This function uses a non-reentrant model


 *************** function _process_get_status_message *****************
 Defined at:
		line 76 in file "serial_message.c"
 Parameters:    Size  Location     Type
  inmessage       1    wreg     PTR unsigned char 
		 -> receiveMessage@message(10), NULL(0), main@sendGetMessageBuffer(10), 
 Auto vars:     Size  Location     Type
  inmessage       1   19[BANK0 ] PTR unsigned char 
		 -> receiveMessage@message(10), NULL(0), main@sendGetMessageBuffer(10), 
 Return value:  Size  Location     Type
                  1    wreg      void 
 Registers used:
		wreg, fsr0l, fsr0h, status,2, status,0, btemp+1, pclath, cstack
 Tracked objects:
		On entry : 
		On exit  : 
		Unchanged: 
 Data sizes:     COMMON   BANK0   BANK1   BANK3   BANK2
      Params:         0       0       0       0       0
      Locals:         0       1       0       0       0
      Temps:          0       1       0       0       0
      Totals:         0       2       0       0       0
Total ram usage:        2 bytes
 Hardware stack levels used:    1
 Hardware stack levels required when called:    8
 This function calls:
		_combineZones
		_output_message
		_setBaseMessage
 This function is called by:
		_main
		_process_message
 This function uses a non-reentrant model


 *************** function _setBaseMessage *****************
 Defined at:
		line 42 in file "serial_message.c"
 Parameters:    Size  Location     Type
  messageType     1    wreg     unsigned char 
  msgAddress      1    8[BANK0 ] unsigned char 
 Auto vars:     Size  Location     Type
  messageType     1   12[BANK0 ] unsigned char 
  v               1   13[BANK0 ] unsigned char 
 Return value:  Size  Location     Type
                  1    wreg      void 
 Registers used:
		wreg, status,2, status,0, pclath, cstack
 Tracked objects:
		On entry : 
		On exit  : 
		Unchanged: 
 Data sizes:     COMMON   BANK0   BANK1   BANK3   BANK2
      Params:         0       1       0       0       0
      Locals:         0       2       0       0       0
      Temps:          0       3       0       0       0
      Totals:         0       6       0       0       0
Total ram usage:        6 bytes
 Hardware stack levels used:    1
 Hardware stack levels required when called:    6
 This function calls:
		_chartox
 This function is called by:
		_process_set_zones_message
		_process_get_status_message
		_process_set_address_message
		_process_reset_pump
 This function uses a non-reentrant model


 *************** function _chartox *****************
 Defined at:
		line 33 in file "serial_message.c"
 Parameters:    Size  Location     Type
  c               1    wreg     unsigned char 
 Auto vars:     Size  Location     Type
  c               1    7[BANK0 ] unsigned char 
 Return value:  Size  Location     Type
                  1    wreg      unsigned char 
 Registers used:
		wreg, status,2, status,0
 Tracked objects:
		On entry : 
		On exit  : 
		Unchanged: 
 Data sizes:     COMMON   BANK0   BANK1   BANK3   BANK2
      Params:         0       0       0       0       0
      Locals:         0       1       0       0       0
      Temps:          0       0       0       0       0
      Totals:         0       1       0       0       0
Total ram usage:        1 bytes
 Hardware stack levels used:    1
 Hardware stack levels required when called:    5
[...]
      Temps:          0       0       0       0       0
      Totals:         0       0       0       0       0
Total ram usage:        0 bytes
 Hardware stack levels used:    1
 Hardware stack levels required when called:    8
 This function calls:
		_init
		_init_event_timer
 This function is called by:
		_checkIfShoudReset
		_process_reset_pump
 This function uses a non-reentrant model


 *************** function _init_event_timer *****************
 Defined at:
		line 41 in file "timer_event.c"
 Parameters:    Size  Location     Type
		None
 Auto vars:     Size  Location     Type
		None
 Return value:  Size  Location     Type
                  1    wreg      void 
 Registers used:
		wreg, fsr0l, fsr0h, status,2, status,0, pclath, cstack
 Tracked objects:
		On entry : 
		On exit  : 
		Unchanged: 
 Data sizes:     COMMON   BANK0   BANK1   BANK3   BANK2
      Params:         0       0       0       0       0
      Locals:         0       0       0       0       0
      Temps:          0       1       0       0       0
      Totals:         0       1       0       0       0
Total ram usage:        1 bytes
 Hardware stack levels used:    1
 Hardware stack levels required when called:    7
 This function calls:
		_enable_callback
 This function is called by:
		_resetPump
		_main
 This function uses a non-reentrant model


 *************** function _enable_callback *****************
 Defined at:
		line 16 in file "timer_event.c"
 Parameters:    Size  Location     Type
  callback        1    wreg     unsigned char 
  time_delay      2   11[BANK0 ] int 
 Auto vars:     Size  Location     Type
  callback        1   14[BANK0 ] unsigned char 
 Return value:  Size  Location     Type
                  1    wreg      void 
 Registers used:
		wreg, fsr0l, fsr0h, status,2, status,0, pclath, cstack
 Tracked objects:
		On entry : 
		On exit  : 
		Unchanged: 
 Data sizes:     COMMON   BANK0   BANK1   BANK3   BANK2
      Params:         0       2       0       0       0
      Locals:         0       1       0       0       0
      Temps:          0       1       0       0       0
      Totals:         0       4       0       0       0
Total ram usage:        4 bytes
 Hardware stack levels used:    1
 Hardware stack levels required when called:    6
 This function calls:
		___bmul
 This function is called by:
		_EventFaultStateLEDCallBack
		_EventIdleTimeoutCallBack
		_EventLowFogPressureCallBack
		_EventLowWaterLevelCallBack
		_monitor_water_pressure
		_main
		_pump_run
		_monitor_pump_run
		_shutdown
		_standby
		_start_main
		_start_pump
		_init_event_timer
 This function uses a non-reentrant model


 *************** function ___bmul *****************
 Defined at:
		line 4 in file "C:\Program Files (x86)\Microchip\xc8\v2.05\pic\sources\c90\common\Umul8.c"
 Parameters:    Size  Location     Type
  multiplier      1    wreg     unsigned char 
  multiplicand    1    7[BANK0 ] unsigned char 
 Auto vars:     Size  Location     Type
  multiplier      1   10[BANK0 ] unsigned char 
  product         1    9[BANK0 ] unsigned char 
 Return value:  Size  Location     Type
                  1    wreg      unsigned char 
 Registers used:
		wreg, status,2, status,0
 Tracked objects:
		On entry : 
		On exit  : 
		Unchanged: 
 Data sizes:     COMMON   BANK0   BANK1   BANK3   BANK2
      Params:         0       1       0       0       0
      Locals:         0       2       0       0       0
      Temps:          0       1       0       0       0
      Totals:         0       4       0       0       0
Total ram usage:        4 bytes
 Hardware stack levels used:    1
 Hardware stack levels required when called:    5
 This function calls:
		Nothing
 This function is called by:
		_enable_callback
		_clear_callback
		_process_event_timer
 This function uses a non-reentrant model


 *************** function _init *****************
 Defined at:
		line 169 in file "pump_control.c"
 Parameters:    Size  Location     Type
		None
 Auto vars:     Size  Location     Type
		None
 Return value:  Size  Location     Type
                  1    wreg      void 
 Registers used:
		wreg, status,2, status,0, pclath, cstack
 Tracked objects:
		On entry : 
		On exit  : 
		Unchanged: 
 Data sizes:     COMMON   BANK0   BANK1   BANK3   BANK2
      Params:         0       0       0       0       0
      Locals:         0       0       0       0       0
      Temps:          0       0       0       0       0
      Totals:         0       0       0       0       0
Total ram usage:        0 bytes
 Hardware stack levels used:    1
 Hardware stack levels required when called:    6
 This function calls:
		_combineZones
		_ser_int
 This function is called by:
		_resetPump
		_main
 This function uses a non-reentrant model


 *************** function _ser_int *****************
 Defined at:
		line 55 in file "serial.c"
 Parameters:    Size  Location     Type
		None
 Auto vars:     Size  Location     Type
		None
 Return value:  Size  Location     Type
                  1    wreg      void 
 Registers used:
		wreg
 Tracked objects:
		On entry : 
		On exit  : 
		Unchanged: 
 Data sizes:     COMMON   BANK0   BANK1   BANK3   BANK2
      Params:         0       0       0       0       0
      Locals:         0       0       0       0       0
      Temps:          0       0       0       0       0
      Totals:         0       0       0       0       0
Total ram usage:        0 bytes
 Hardware stack levels used:    1
 Hardware stack levels required when called:    5
 This function calls:
		Nothing
 This function is called by:
		_init
		_main
		_mainserial3
 This function uses a non-reentrant model


 *************** function _combineZones *****************
 Defined at:
		line 114 in file "pump_control.c"
 Parameters:    Size  Location     Type
		None
 Auto vars:     Size  Location     Type
		None
 Return value:  Size  Location     Type
                  1    wreg      void 
 Registers used:
		wreg, status,2, status,0
 Tracked objects:
		On entry : 
		On exit  : 
		Unchanged: 
 Data sizes:     COMMON   BANK0   BANK1   BANK3   BANK2
      Params:         0       0       0       0       0
      Locals:         0       0       0       0       0
      Temps:          0       1       0       0       0
      Totals:         0       1       0       0       0
Total ram usage:        1 bytes
 Hardware stack levels used:    1
 Hardware stack levels required when called:    5
 This function calls:
		Nothing
 This function is called by:
		_init
		_main
		_process_set_zones_message
		_process_get_status_message
 This function uses a non-reentrant model


 *************** function _event_timer_isr *****************
 Defined at:
		line 64 in file "timer_event.c"
 Parameters:    Size  Location     Type
		None
 Auto vars:     Size  Location     Type
		None
 Return value:  Size  Location     Type
                  1    wreg      void 
 Registers used:
		wreg, fsr0l, fsr0h, status,2, status,0, btemp+1, pclath, cstack
 Tracked objects:
		On entry : 
		On exit  : 
		Unchanged: 
 Data sizes:     COMMON   BANK0   BANK1   BANK3   BANK2
      Params:         0       0       0       0       0
      Locals:         0       0       0       0       0
      Temps:          0       5       0       0       0
      Totals:         0       5       0       0       0
Total ram usage:        5 bytes
 Hardware stack levels used:    1
 Hardware stack levels required when called:    4
 This function calls:
		_usart_interrupt
 This function is called by:
		Interrupt level 1
 This function uses a non-reentrant model


 *************** function _usart_interrupt *****************
 Defined at:
		line 144 in file "serial.c"
 Parameters:    Size  Location     Type
		None
 Auto vars:     Size  Location     Type
  a               1   10[COMMON] unsigned char 
 Return value:  Size  Location     Type
                  1    wreg      void 
 Registers used:
		wreg, fsr0l, fsr0h, status,2, status,0, btemp+1, pclath, cstack
 Tracked objects:
		On entry : 
		On exit  : 
		Unchanged: 
 Data sizes:     COMMON   BANK0   BANK1   BANK3   BANK2
      Params:         0       0       0       0       0
      Locals:         1       0       0       0       0
      Temps:          1       0       0       0       0
      Totals:         2       0       0       0       0
Total ram usage:        2 bytes
 Hardware stack levels used:    1
 Hardware stack levels required when called:    3
 This function calls:
		i1_has_data
		i1_not_full
		i1_pop
		i1_push
		i1_puts
 This function is called by:
		_event_timer_isr
 This function uses a non-reentrant model


 *************** function i1_puts *****************
 Defined at:
		line 221 in file "serial.c"
 Parameters:    Size  Location     Type
  str             2    0[BANK0 ] PTR const unsigned char 
		 -> STR_21(16), STR_20(16), 
 Auto vars:     Size  Location     Type
  puts            2    7[COMMON] PTR const unsigned char 
		 -> STR_21(16), STR_20(16), 
 Return value:  Size  Location     Type
                  2    0[BANK0 ] int 
 Registers used:
		wreg, fsr0l, fsr0h, status,2, status,0, btemp+1, pclath, cstack
 Tracked objects:
		On entry : 
		On exit  : 
		Unchanged: 
 Data sizes:     COMMON   BANK0   BANK1   BANK3   BANK2
      Params:         0       2       0       0       0
      Locals:         2       0       0       0       0
      Temps:          0       0       0       0       0
      Totals:         2       2       0       0       0
Total ram usage:        4 bytes
 Hardware stack levels used:    1
 Hardware stack levels required when called:    2
 This function calls:
		i1_putch
 This function is called by:
		_usart_interrupt
 This function uses a non-reentrant model


 *************** function i1_putch *****************
 Defined at:
		line 217 in file "serial.c"
 Parameters:    Size  Location     Type
  c               1    wreg     unsigned char 
 Auto vars:     Size  Location     Type
  c               1    6[COMMON] unsigned char 
 Return value:  Size  Location     Type
                  1    wreg      void 
 Registers used:
		wreg, fsr0l, fsr0h, status,2, status,0, pclath, cstack
 Tracked objects:
		On entry : 
		On exit  : 
		Unchanged: 
 Data sizes:     COMMON   BANK0   BANK1   BANK3   BANK2
      Params:         0       0       0       0       0
      Locals:         1       0       0       0       0
      Temps:          1       0       0       0       0
      Totals:         2       0       0       0       0
Total ram usage:        2 bytes
 Hardware stack levels used:    1
 Hardware stack levels required when called:    1
 This function calls:
		i1_push
 This function is called by:
		i1_puts
 This function uses a non-reentrant model


 *************** function i1_push *****************
 Defined at:
		line 10 in file "serial_buffer.c"
 Parameters:    Size  Location     Type
  buff            1    wreg     PTR struct .
		 -> inbound(36), outbound(36), 
  d               1    0[COMMON] unsigned char 
 Auto vars:     Size  Location     Type
  buff            1    4[COMMON] PTR struct .
		 -> inbound(36), outbound(36), 
 Return value:  Size  Location     Type
                  1    wreg      void 
 Registers used:
		wreg, fsr0l, fsr0h, status,2, status,0
 Tracked objects:
		On entry : 
		On exit  : 
		Unchanged: 
 Data sizes:     COMMON   BANK0   BANK1   BANK3   BANK2
      Params:         1       0       0       0       0
      Locals:         1       0       0       0       0
      Temps:          3       0       0       0       0
      Totals:         5       0       0       0       0
Total ram usage:        5 bytes
 Hardware stack levels used:    1
 This function calls:
		Nothing
 This function is called by:
		_usart_interrupt
		i1_putch
 This function uses a non-reentrant model


 *************** function i1_pop *****************
 Defined at:
		line 27 in file "serial_buffer.c"
 Parameters:    Size  Location     Type
  buff            1    wreg     PTR struct .
		 -> inbound(36), outbound(36), 
 Auto vars:     Size  Location     Type
  buff            1    7[COMMON] PTR struct .
		 -> inbound(36), outbound(36), 
  pop             1    6[COMMON] unsigned char 
 Return value:  Size  Location     Type
                  1    wreg      unsigned char 
 Registers used:
		wreg, fsr0l, fsr0h, status,2, status,0
 Tracked objects:
		On entry : 
		On exit  : 
		Unchanged: 
 Data sizes:     COMMON   BANK0   BANK1   BANK3   BANK2
      Params:         0       0       0       0       0
      Locals:         2       0       0       0       0
      Temps:          6       0       0       0       0
      Totals:         8       0       0       0       0
Total ram usage:        8 bytes
 Hardware stack levels used:    1
 This function calls:
		Nothing
 This function is called by:
		_usart_interrupt
 This function uses a non-reentrant model


 *************** function i1_not_full *****************
 Defined at:
		line 60 in file "serial_buffer.c"
 Parameters:    Size  Location     Type
  buff            1    wreg     PTR struct .
		 -> inbound(36), 
 Auto vars:     Size  Location     Type
  buff            1    2[COMMON] PTR struct .
		 -> inbound(36), 
 Return value:  Size  Location     Type
                  1    wreg      unsigned char 
 Registers used:
		wreg, fsr0l, fsr0h, status,2, status,0
 Tracked objects:
		On entry : 
		On exit  : 
		Unchanged: 
 Data sizes:     COMMON   BANK0   BANK1   BANK3   BANK2
      Params:         0       0       0       0       0
      Locals:         1       0       0       0       0
      Temps:          2       0       0       0       0
      Totals:         3       0       0       0       0
Total ram usage:        3 bytes
 Hardware stack levels used:    1
 This function calls:
		Nothing
 This function is called by:
		_usart_interrupt
 This function uses a non-reentrant model


 *************** function i1_has_data *****************
 Defined at:
		line 51 in file "serial_buffer.c"
 Parameters:    Size  Location     Type
  buff            1    wreg     PTR struct .
		 -> inbound(36), outbound(36), 
 Auto vars:     Size  Location     Type
  buff            1    0[COMMON] PTR struct .
		 -> inbound(36), outbound(36), 
 Return value:  Size  Location     Type
                  1    wreg      unsigned char 
 Registers used:
		wreg, fsr0l, fsr0h, status,2, status,0
 Tracked objects:
		On entry : 
		On exit  : 
		Unchanged: 
 Data sizes:     COMMON   BANK0   BANK1   BANK3   BANK2
      Params:         0       0       0       0       0
      Locals:         1       0       0       0       0
      Temps:          0       0       0       0       0
      Totals:         1       0       0       0       0
Total ram usage:        1 bytes
 Hardware stack levels used:    1
 This function calls:
		Nothing
 This function is called by:
		_usart_interrupt
 This function uses a non-reentrant model



MODULE INFORMATION

Module		Function		Class		Link	Load	Size
serial.c
		_output_message		CODE           	0F21	0000	51
		_serial_process_loop		CODE           	00A7	0000	68
		_putch         		CODE           	0BFE	0000	13
		_ser_int       		CODE           	0DB3	0000	36
		_usart_interrupt		CODE           	06AF	0000	78
		_puts          		CODE           	0E71	0000	42
		_receiveMessage		CODE           	0612	0000	80

serial.c estimated size: 368

C:\Program Files (x86)\Microchip\xc8\v2.05\pic\sources\c90\common\doprnt.c
		_printf        		CODE           	005F	0000	73

C:\Program Files (x86)\Microchip\xc8\v2.05\pic\sources\c90\common\doprnt.c estimated size: 73

EventIdleTimeout.c
		_EventIdleTimeoutCallBack		CODE           	0EF2	0000	48

EventIdleTimeout.c estimated size: 48

EventFaultStateLed.c
		_EventFaultStateLEDCallBack		CODE           	03C5	0000	137

EventFaultStateLed.c estimated size: 137

start_main.c
		_start_main    		CODE           	0EC4	0000	47

start_main.c estimated size: 47

C:\Program Files (x86)\Microchip\xc8\v2.05\pic\sources\c90\common\Umul8.c
		___bmul        		CODE           	0C7A	0000	20

C:\Program Files (x86)\Microchip\xc8\v2.05\pic\sources\c90\common\Umul8.c estimated size: 20

EventDumpsolenoid.c
		_EventDumpSolenoidCallBack		CODE           	0BC3	0000	7

EventDumpsolenoid.c estimated size: 7

standby_state.c
		_standby       		CODE           	0F88	0000	58

standby_state.c estimated size: 58

start_pump_state.c
		_start_pump    		CODE           	04D3	0000	127

start_pump_state.c estimated size: 127

shared
		i1_puts        		CODE           	0E1F	0000	42
		i1_push        		CODE           	0D4F	0000	33
		i1_putch       		CODE           	0BEA	0000	11
		__stringtab    		STRING         	0800	0000	19
		i1_pop         		CODE           	0792	0000	74
		__initialization		CODE           	0015	0000	38
		__fptable      		ENTRY          	003E	0000	34
		i1_has_data    		CODE           	0BC9	0000	8
		i1_not_full    		CODE           	0C8D	0000	22

shared estimated size: 281

pump_control.c
		_printFaultState		CODE           	07FF	0000	2
		_init          		CODE           	0747	0000	76
		_resetPump     		CODE           	0BD8	0000	10
		_combineZones  		CODE           	0BF4	0000	11
		_checkIfShoudReset		CODE           	0C68	0000	19
		_main          		CODE           	0241	0000	240
		_printPumpState		CODE           	07FE	0000	2

pump_control.c estimated size: 360

serial_message.c
		_chartox       		CODE           	0C0A	0000	14
		_setBaseMessage		CODE           	0551	0000	110
		_process_get_status_message		CODE           	0D17	0000	29
		_process_set_address_message		CODE           	00EA	0000	22
		_process_message		CODE           	0661	0000	79
		_xtochar       		CODE           	0DF9	0000	39
		_process_reset_pump		CODE           	0D33	0000	29
		_process_set_zones_message		CODE           	0FC1	0000	64

serial_message.c estimated size: 386

timer_event.c
		_clear_callback_for_shutdown		CODE           	0E48	0000	42
		_enable_callback		CODE           	0F53	0000	54
		_process_event_timer		CODE           	0330	0000	150
		_init_event_timer		CODE           	05BE	0000	85
		_event_timer_isr		CODE           	0CFD	0000	27
		_clear_callback		CODE           	0C26	0000	17

timer_event.c estimated size: 375

EventLowWaterLevel.c
		_EventLowWaterLevelCallBack		CODE           	0CB7	0000	24

EventLowWaterLevel.c estimated size: 24

EventRunSignalDebounce.c
		_EventRunSignalDebounceCallBack		CODE           	0C17	0000	16

EventRunSignalDebounce.c estimated size: 16

shutdown_state.c
		_shutdown      		CODE           	0C46	0000	18

shutdown_state.c estimated size: 18

serial_buffer.c
		_pop           		CODE           	06FC	0000	76
		_push          		CODE           	0D6F	0000	35
		_has_data      		CODE           	0BE1	0000	10
		_not_full      		CODE           	0CCE	0000	24

serial_buffer.c estimated size: 145

MonitorWaterPressure.c
		_monitor_water_pressure		CODE           	0DD6	0000	36

MonitorWaterPressure.c estimated size: 36

EventPODebounce.c
		_EventPODebounceCallBack		CODE           	0C36	0000	17

EventPODebounce.c estimated size: 17

EventLowWaterPressure.c
		_EventLowWaterPressureDebounceCallBack		CODE           	0CA2	0000	22
		_EventLowWaterPressureCallBack		CODE           	0E9A	0000	43

EventLowWaterPressure.c estimated size: 65

EventLowFogPressure.c
		_EventLowFogPressureCallBack		CODE           	07DB	0000	36

EventLowFogPressure.c estimated size: 36

pump_run.c
		_monitor_pump_run		CODE           	044D	0000	135
		_pump_run      		CODE           	0D91	0000	35

pump_run.c estimated size: 170

