Microchip MPLAB XC8 Compiler V2.05 ()

Linker command line:

-W-3 --edf=C:\Program Files (x86)\Microchip\xc8\v2.05\pic\dat\en_msgs.txt \
  -cs -h+dist/default/debug\aecv7.X.debug.sym \
  --cmf=dist/default/debug\aecv7.X.debug.cmf -z -Q18F4550 \
  -oC:\Users\antho\AppData\Local\Temp\spu4.2 --defsym=__MPLAB_BUILD=1 \
  -Mdist/default/debug/aecv7.X.debug.map -E1 -ver=XC8 --acfsm=1493 \
  -ASTACK=0400h-07FFh -pstack=STACK -ACODE=00h-07DBFh -ACONST=00h-07DBFh \
  -ASMALLCONST=0800h-08FFhx117,07D00h-07DBFh -AMEDIUMCONST=0800h-07DBFh \
  -ACOMRAM=01h-05Fh -AABS1=00h-03F3h,0400h-07FFh \
  -ABIGRAM=01h-03F3h,0400h-07FFh \
  -ARAM=060h-0FFh,0100h-01FFhx2,0300h-03F3h,0400h-04FFhx4 -ABANK0=060h-0FFh \
  -ABANK1=0100h-01FFh -ABANK2=0200h-02FFh -ABANK3=0300h-03F3h \
  -ABANK4=0400h-04FFh -ABANK5=0500h-05FFh -ABANK6=0600h-06FFh \
  -ABANK7=0700h-07FFh \
  -ASFR=0F60h-0FD3h,0FD5h-0FDAh,0FE0h-0FE2h,0FE8h-0FEAh,0FF0h-0FFCh \
  -preset_vec=00h,intcode=08h,intcodelo,powerup,init -pramtop=0800h \
  -psmallconst=SMALLCONST -pmediumconst=MEDIUMCONST -pconst=CONST \
  -AFARRAM=00h-00h -ACONFIG=0300000h-030000Dh -pconfig=CONFIG \
  -AIDLOC=0200000h-0200007h -pidloc=IDLOC -AEEDATA=0F00000h-0F000FFh \
  -peeprom_data=EEDATA \
  -prdata=COMRAM,nvrram=COMRAM,nvbit=COMRAM,rbss=COMRAM,rbit=COMRAM \
  -pfarbss=FARRAM,fardata=FARRAM,nvFARRAM=FARRAM \
  -pintsave_regs=BIGRAM,bigbss=BIGRAM,bigdata=BIGRAM -pbss=RAM \
  -pidata=CODE,irdata=CODE,ibigdata=CODE,ifardata=CODE -prparam=COMRAM \
  C:\Users\antho\AppData\Local\Temp\spu4.o \
  dist/default/debug\aecv7.X.debug.o 

Object code version is 3.11

Machine type is 18F4550

Call graph: (short form)




                Name                               Link     Load   Length Selector   Space Scale
C:\Users\antho\AppData\Local\Temp\spu4.o
                init                                  E        E        4        4       0
                reset_vec                             0        0        4        0       0
                idloc                            200000   200000        8   200000       0
                config                           300000   300000        E   300000       0
dist/default/debug\aecv7.X.debug.o
                eeprom_data                      F00000   F00000        8   F00000       0
                intcode                               8        8        6        4       0
                temp                                 4C       4C        1        1       1
                mediumconst                        7C54     7C54      16C     3E2A       0
                text65                             195C     195C       1C      C82       0
                text64                             12D2     12D2       60        4       0
                text63                             19E8     19E8       14      C82       0
                text62                             1728     1728       32        4       0
                text61                             1A2E     1A2E       10      C82       0
                text60                              EC2      EC2       8E        4       0
                text59                             105A     105A       6E        4       0
                intcode_body                       1566     1566       44        4       0
                text57                             1856     1856       26        4       0
                text56                              FDC      FDC       7E        4       0
                text55                             1522     1522       44        4       0
                text54                             1332     1332       5E        4       0
                text53                             1A48     1A48        A      C82       0
                text52                             18C4     18C4       20        4       0
                text51                             1992     1992       18      C82       0
                text50                             165A     165A       38        4       0
                text49                              E34      E34       8E        4       0
                text48                             1272     1272       60        4       0
                text47                             19D4     19D4       14      C82       0
                text46                             11A0     11A0       6C        4       0
                text45                             1622     1622       38        4       0
                text44                             17B6     17B6       2A        4       0
                text43                              D9E      D9E       96        4       0
                text42                             148E     148E       4E        4       0
                text41                              518      518      148        4       0
                text40                              788      788      124        4       0
                text39                             16F6     16F6       32        4       0
                text38                              2D0      2D0      248        4       0
                text37                              660      660      128        4       0
                text36                               12       12      2BE        4       0
                text35                             13EA     13EA       56        4       0
                text34                             1808     1808       28        4       0
                text33                              A34      A34       B6        4       0
                text32                             1922     1922       1E      C82       0
                text31                             178A     178A       2C        4       0
                text30                             1A1E     1A1E       10      C82       0
                text29                             1A3E     1A3E        A      C82       0
                text28                              8AC      8AC       D2        4       0
                text27                             14DC     14DC       46        4       0
                text26                             16C4     16C4       32        4       0
                text25                             1830     1830       26        4       0
                text24                             1692     1692       32        4       0
                text23                             1904     1904       1E      C82       0
                text22                             19FC     19FC       12      C82       0
                text21                              97E      97E       B6        4       0
                text20                             1440     1440       4E        4       0
                text19                             19C0     19C0       14      C82       0
                text18                              F50      F50       8C        4       0
                text17                             18A0     18A0       24        4       0
                text16                             17E0     17E0       28        4       0
                text15                             187C     187C       24        4       0
                text14                             15E6     15E6       3C        4       0
                text13                             1134     1134       6C        4       0
                text12                              B9C      B9C       B2        4       0
                text11                              CFE      CFE       A0        4       0
                text10                             175A     175A       30        4       0
                text9                              19AA     19AA       16      C82       0
                text8                               AEA      AEA       B2        4       0
                text7                              1A0E     1A0E       10      C82       0
                text6                              1978     1978       1A      C82       0
                text5                              1940     1940       1C      C82       0
                text4                              1390     1390       5A        4       0
                text3                              15AA     15AA       3C        4       0
                text2                               C4E      C4E       B0        4       0
                text1                              1A52     1A52        4      C82       0
                text0                              10C8     10C8       6C        4       0
                cstackCOMRAM                          1        1       3E        1       1
                cstackBANK0                          B6       B6       46       60       1
                cstackBANK1                         149      149        B      100       1
                bssBIGRAM_1                         154      154      208      154       1
                dataBANK1                           12A      12A       1F      100       1
                bssBANK1                            100      100       2A      100       1
                bssBANK0                             60       60       56       60       1
                bssCOMRAM                            3F       3F        D        1       1
                cinit                              120C     120C       66        4       0
                idataBANK1                         18E4     18E4       1F        4       0

TOTAL           Name                               Link     Load   Length     Space
        CLASS   STACK          

        CLASS   CODE           
                intcode                               8        8        6         0
                init                                  E        E        4         0
                reset_vec                             0        0        4         0
                text65                             195C     195C       1C         0
                text64                             12D2     12D2       60         0
                text63                             19E8     19E8       14         0
                text62                             1728     1728       32         0
                text61                             1A2E     1A2E       10         0
                text60                              EC2      EC2       8E         0
                text59                             105A     105A       6E         0
                intcode_body                       1566     1566       44         0
                text57                             1856     1856       26         0
                text56                              FDC      FDC       7E         0
                text55                             1522     1522       44         0
                text54                             1332     1332       5E         0
                text53                             1A48     1A48        A         0
                text52                             18C4     18C4       20         0
                text51                             1992     1992       18         0
                text50                             165A     165A       38         0
                text49                              E34      E34       8E         0
                text48                             1272     1272       60         0
                text47                             19D4     19D4       14         0
                text46                             11A0     11A0       6C         0
                text45                             1622     1622       38         0
                text44                             17B6     17B6       2A         0
                text43                              D9E      D9E       96         0
                text42                             148E     148E       4E         0
                text41                              518      518      148         0
                text40                              788      788      124         0
                text39                             16F6     16F6       32         0
                text38                              2D0      2D0      248         0
                text37                              660      660      128         0
                text36                               12       12      2BE         0
                text35                             13EA     13EA       56         0
                text34                             1808     1808       28         0
                text33                              A34      A34       B6         0
                text32                             1922     1922       1E         0
                text31                             178A     178A       2C         0
                text30                             1A1E     1A1E       10         0
                text29                             1A3E     1A3E        A         0
                text28                              8AC      8AC       D2         0
                text27                             14DC     14DC       46         0
                text26                             16C4     16C4       32         0
                text25                             1830     1830       26         0
                text24                             1692     1692       32         0
                text23                             1904     1904       1E         0
                text22                             19FC     19FC       12         0
                text21                              97E      97E       B6         0
                text20                             1440     1440       4E         0
                text19                             19C0     19C0       14         0
                text18                              F50      F50       8C         0
                text17                             18A0     18A0       24         0
                text16                             17E0     17E0       28         0
                text15                             187C     187C       24         0
                text14                             15E6     15E6       3C         0
                text13                             1134     1134       6C         0
                text12                              B9C      B9C       B2         0
                text11                              CFE      CFE       A0         0
                text10                             175A     175A       30         0
                text9                              19AA     19AA       16         0
                text8                               AEA      AEA       B2         0
                text7                              1A0E     1A0E       10         0
                text6                              1978     1978       1A         0
                text5                              1940     1940       1C         0
                text4                              1390     1390       5A         0
                text3                              15AA     15AA       3C         0
                text2                               C4E      C4E       B0         0
                text1                              1A52     1A52        4         0
                text0                              10C8     10C8       6C         0
                cinit                              120C     120C       66         0
                idataBANK1                         18E4     18E4       1F         0

        CLASS   CONST          

        CLASS   SMALLCONST     

        CLASS   MEDIUMCONST    
                mediumconst                        7C54     7C54      16C         0

        CLASS   COMRAM         
                temp                                 4C       4C        1         1
                cstackCOMRAM                          1        1       3E         1
                bssCOMRAM                            3F       3F        D         1

        CLASS   ABS1           

        CLASS   BIGRAM         
                bssBIGRAM_1                         154      154      208         1

        CLASS   RAM            

        CLASS   BANK0          
                cstackBANK0                          B6       B6       46         1
                bssBANK0                             60       60       56         1

        CLASS   BANK1          
                cstackBANK1                         149      149        B         1
                dataBANK1                           12A      12A       1F         1
                bssBANK1                            100      100       2A         1

        CLASS   BANK2          

        CLASS   BANK3          

        CLASS   BANK4          

        CLASS   BANK5          

        CLASS   BANK6          

        CLASS   BANK7          

        CLASS   SFR            

        CLASS   FARRAM         

        CLASS   CONFIG         
                config                           300000   300000        E         0

        CLASS   IDLOC          
                idloc                            200000   200000        8         0

        CLASS   EEDATA         
                eeprom_data                      F00000   F00000        8         0



SEGMENTS        Name                           Load    Length   Top    Selector   Space  Class

                reset_vec                      000000  000004  000004         0       0  CODE    
                cstackCOMRAM                   000001  00004C  00004D         1       1  COMRAM  
                intcode                        000008  0018FB  001903         4       0  CODE    
                bssBANK0                       000060  00009C  0000FC        60       1  BANK0   
                bssBANK1                       000100  000054  000154       100       1  BANK1   
                bssBIGRAM_1                    000154  000208  00035C       154       1  BIGRAM  
                text23                         001904  000152  001A56       C82       0  CODE    
                mediumconst                    007C54  00016C  007DC0      3E2A       0  MEDIUMCO
                idloc                          200000  000008  200008    200000       0  IDLOC   
                config                         300000  00000E  30000E    300000       0  CONFIG  
                eeprom_data                    F00000  000008  F00008    F00000       0  EEDATA  


UNUSED ADDRESS RANGES

        Name                Unused          Largest block    Delta
        BANK0            0000FC-0000FF                4
        BANK3            00035C-0003F3               98
        BANK4            000400-0004FF              100
        BANK5            000500-0005FF              100
        BANK6            000600-0006FF              100
        BANK7            000700-0007FF              100
        BIGRAM           00004D-00005F               13
                         0000FC-0000FF                4
                         00035C-0003F3               98
                         000400-0007FF              400
        CODE             000004-000007                4
                         001903-001903                1
                         001A56-007C53             61FE
        COMRAM           00004D-00005F               13
        CONST            000004-000007                4
                         001903-001903                1
                         001A56-007C53             61FE
        EEDATA           F00008-F000FF               F8
        MEDIUMCONST      001903-001903                1
                         001A56-007C53             61FE
        RAM              0000FC-0000FF                4
                         00035C-0003F3               98
                         000400-0007FF              100
        SFR              000F60-000FD3               74
                         000FD5-000FDA                6
                         000FE0-000FE2                3
                         000FE8-000FEA                3
                         000FF0-000FFC                D
        SMALLCONST       001903-001903                1
                         001A56-007C53              100
        STACK            000400-0007FF              400

                                  Symbol Table

?___aodiv                                       cstackCOMRAM 000014
?___aomod                                       cstackCOMRAM 000014
?_abs                                           cstackCOMRAM 000026
?_ctoa                                          cstackCOMRAM 000037
?_dtoa                                          cstackBANK0  0000B6
?_pad                                           cstackCOMRAM 00002C
?_printf                                        cstackBANK0  0000EF
?_receiveMessage                                cstackBANK0  0000F9
?_stoa                                          cstackCOMRAM 000025
?_strlen                                        cstackCOMRAM 000014
?_vfpfcnvrt                                     cstackBANK0  0000D2
?_vfprintf                                      cstackBANK0  0000E7
_ADCON1                                         (abs)        000FC1
_CREN                                           (abs)        007D5C
_EventDumpSolenoidCallBack                      text29       001A3E
_EventFaultStateLEDCallBack                     text28       0008AC
_EventFaultStateLEDCallBack$217                 cstackCOMRAM 000018
_EventFaultStateLEDCallBack$218                 cstackCOMRAM 00001A
_EventFaultStateLEDCallBack$219                 cstackCOMRAM 00001C
_EventIdleTimeoutCallBack                       text27       0014DC
_EventLowFogPressureCallBack                    text26       0016C4
_EventLowWaterLevelCallBack                     text25       001830
_EventLowWaterPressureCallBack                  text24       001692
_EventLowWaterPressureDebounceCallBack          text23       001904
_EventPODebounceCallBack                        text22       0019FC
_EventRunSignalDebounceCallBack                 text30       001A1E
_GIE                                            (abs)        007F97
_IRCF0                                          (abs)        007E9C
_IRCF1                                          (abs)        007E9D
_IRCF2                                          (abs)        007E9E
_OERR                                           (abs)        007D59
_PCFG3                                          (abs)        007E0B
_PEIE                                           (abs)        007F96
_PORTA                                          (abs)        000F80
_PORTAbits                                      (abs)        000F80
_PORTB                                          (abs)        000F81
_PORTBbits                                      (abs)        000F81
_PORTD                                          (abs)        000F83
_PumpStateMappings                              dataBANK1    00012A
_RBPU                                           (abs)        007F8F
_RCIE                                           (abs)        007CED
_RCIF                                           (abs)        007CF5
_RCREG                                          (abs)        000FAE
_RCSTA                                          (abs)        000FAB
_SPBRG                                          (abs)        000FAF
_SPEN                                           (abs)        007D5F
_SYNC                                           (abs)        007D64
_T0CS                                           (abs)        007EAD
_TMR0IE                                         (abs)        007F95
_TMR0IF                                         (abs)        007F92
_TRISA                                          (abs)        000F92
_TRISAbits                                      (abs)        000F92
_TRISB                                          (abs)        000F93
_TRISBbits                                      (abs)        000F93
_TRISC6                                         (abs)        007CA6
_TRISC7                                         (abs)        007CA7
_TRISD                                          (abs)        000F95
_TRMT                                           (abs)        007D61
_TX9                                            (abs)        007D66
_TXEN                                           (abs)        007D65
_TXIE                                           (abs)        007CEC
_TXIF                                           (abs)        007CF4
_TXREG                                          (abs)        000FAD
_TXSTA                                          (abs)        000FAC
__CFG_BOR$ON                                    (abs)        000000
__CFG_BORV$1                                    (abs)        000000
__CFG_CCP2MX$ON                                 (abs)        000000
__CFG_CP0$OFF                                   (abs)        000000
__CFG_CP1$OFF                                   (abs)        000000
__CFG_CP2$OFF                                   (abs)        000000
__CFG_CP3$OFF                                   (abs)        000000
__CFG_CPB$OFF                                   (abs)        000000
__CFG_CPD$OFF                                   (abs)        000000
__CFG_CPUDIV$OSC1_PLL2                          (abs)        000000
__CFG_EBTR0$OFF                                 (abs)        000000
__CFG_EBTR1$OFF                                 (abs)        000000
__CFG_EBTR2$OFF                                 (abs)        000000
__CFG_EBTR3$OFF                                 (abs)        000000
__CFG_EBTRB$OFF                                 (abs)        000000
__CFG_FCMEN$OFF                                 (abs)        000000
__CFG_FOSC$INTOSCIO_EC                          (abs)        000000
__CFG_ICPRT$OFF                                 (abs)        000000
__CFG_IESO$OFF                                  (abs)        000000
__CFG_LPT1OSC$OFF                               (abs)        000000
__CFG_LVP$ON                                    (abs)        000000
__CFG_MCLRE$ON                                  (abs)        000000
__CFG_PBADEN$OFF                                (abs)        000000
__CFG_PLLDIV$1                                  (abs)        000000
__CFG_PWRT$OFF                                  (abs)        000000
__CFG_STVREN$ON                                 (abs)        000000
__CFG_USBDIV$1                                  (abs)        000000
__CFG_VREGEN$OFF                                (abs)        000000
__CFG_WDT$OFF                                   (abs)        000000
__CFG_WDTPS$32768                               (abs)        000000
__CFG_WRT0$OFF                                  (abs)        000000
__CFG_WRT1$OFF                                  (abs)        000000
__CFG_WRT2$OFF                                  (abs)        000000
__CFG_WRT3$OFF                                  (abs)        000000
__CFG_WRTB$OFF                                  (abs)        000000
__CFG_WRTC$OFF                                  (abs)        000000
__CFG_WRTD$OFF                                  (abs)        000000
__CFG_XINST$OFF                                 (abs)        000000
__HRAM                                          (abs)        000000
__Habs1                                         abs1         000000
__Hbank0                                        bank0        000000
__Hbank1                                        bank1        000000
__Hbank2                                        bank2        000000
__Hbank3                                        bank3        000000
__Hbank4                                        bank4        000000
__Hbank5                                        bank5        000000
__Hbank6                                        bank6        000000
__Hbank7                                        bank7        000000
__Hbigbss                                       bigbss       000000
__Hbigdata                                      bigdata      000000
__Hbigram                                       bigram       000000
__Hbss                                          bss          000000
__HbssBANK0                                     bssBANK0     000000
__HbssBANK1                                     bssBANK1     000000
__HbssBIGRAM_1                                  bssBIGRAM_1  000000
__HbssCOMRAM                                    bssCOMRAM    000000
__Hcinit                                        cinit        000000
__Hclrtext                                      clrtext      000000
__Hcomram                                       comram       000000
__Hconfig                                       config       30000E
__Hconst                                        const        000000
__HcstackBANK0                                  cstackBANK0  000000
__HcstackBANK1                                  cstackBANK1  000000
__HcstackCOMRAM                                 cstackCOMRAM 000000
__Hdata                                         data         000000
__HdataBANK1                                    dataBANK1    000000
__Heeprom_data                                  eeprom_data  F00008
__Hfarbss                                       farbss       000000
__Hfardata                                      fardata      000000
__Hibigdata                                     ibigdata     000000
__Hidata                                        idata        000000
__HidataBANK1                                   idataBANK1   000000
__Hidloc                                        idloc        200008
__Hifardata                                     ifardata     000000
__Hinit                                         init         000012
__Hintcode                                      intcode      00000E
__Hintcode_body                                 intcode_body 000000
__Hintcodelo                                    intcodelo    00000E
__Hintentry                                     intentry     000000
__Hintret                                       intret       000000
__Hintsave_regs                                 intsave_regs 000000
__Hirdata                                       irdata       000000
__Hmediumconst                                  mediumconst  007DC0
__HnvFARRAM                                     nvFARRAM     000000
__Hnvbit                                        nvbit        000000
__Hnvrram                                       nvrram       000000
__Hparam                                        rparam       000000
__Hpowerup                                      powerup      00000E
__Hram                                          ram          000000
__Hramtop                                       ramtop       000800
__Hrbit                                         rbit         000000
__Hrbss                                         rbss         000000
__Hrdata                                        rdata        000000
__Hreset_vec                                    reset_vec    000004
__Hrparam                                       rparam       000000
__Hsfr                                          sfr          000000
__Hsmallconst                                   smallconst   000000
__Hspace_0                                      (abs)        F00008
__Hspace_1                                      (abs)        00035C
__Hspace_2                                      (abs)        000000
__Hstack                                        stack        000000
__Hstruct                                       struct       000000
__Htemp                                         temp         00004D
__Htext                                         text         000000
__Htext0                                        text0        000000
__Htext1                                        text1        000000
__Htext10                                       text10       000000
__Htext11                                       text11       000000
__Htext12                                       text12       000000
__Htext13                                       text13       000000
__Htext14                                       text14       000000
__Htext15                                       text15       000000
__Htext16                                       text16       000000
__Htext17                                       text17       000000
__Htext18                                       text18       000000
__Htext19                                       text19       000000
__Htext2                                        text2        000000
__Htext20                                       text20       000000
__Htext21                                       text21       000000
__Htext22                                       text22       000000
__Htext23                                       text23       000000
__Htext24                                       text24       000000
__Htext25                                       text25       000000
__Htext26                                       text26       000000
__Htext27                                       text27       000000
__Htext28                                       text28       000000
__Htext29                                       text29       000000
__Htext3                                        text3        000000
__Htext30                                       text30       000000
__Htext31                                       text31       000000
__Htext32                                       text32       000000
__Htext33                                       text33       000000
__Htext34                                       text34       000000
__Htext35                                       text35       000000
__Htext36                                       text36       000000
__Htext37                                       text37       000000
__Htext38                                       text38       000000
__Htext39                                       text39       000000
__Htext4                                        text4        000000
__Htext40                                       text40       000000
__Htext41                                       text41       000000
__Htext42                                       text42       000000
__Htext43                                       text43       000000
__Htext44                                       text44       000000
__Htext45                                       text45       000000
__Htext46                                       text46       000000
__Htext47                                       text47       000000
__Htext48                                       text48       000000
__Htext49                                       text49       000000
__Htext5                                        text5        000000
__Htext50                                       text50       000000
__Htext51                                       text51       000000
__Htext52                                       text52       000000
__Htext53                                       text53       000000
__Htext54                                       text54       000000
__Htext55                                       text55       000000
__Htext56                                       text56       000000
__Htext57                                       text57       000000
__Htext59                                       text59       000000
__Htext6                                        text6        000000
__Htext60                                       text60       000000
__Htext61                                       text61       000000
__Htext62                                       text62       000000
__Htext63                                       text63       000000
__Htext64                                       text64       000000
__Htext65                                       text65       000000
__Htext66                                       text66       000000
__Htext7                                        text7        000000
__Htext8                                        text8        000000
__Htext9                                        text9        000000
__LRAM                                          (abs)        000001
__Labs1                                         abs1         000000
__Lbank0                                        bank0        000000
__Lbank1                                        bank1        000000
__Lbank2                                        bank2        000000
__Lbank3                                        bank3        000000
__Lbank4                                        bank4        000000
__Lbank5                                        bank5        000000
__Lbank6                                        bank6        000000
__Lbank7                                        bank7        000000
__Lbigbss                                       bigbss       000000
__Lbigdata                                      bigdata      000000
__Lbigram                                       bigram       000000
__Lbss                                          bss          000000
__LbssBANK0                                     bssBANK0     000000
__LbssBANK1                                     bssBANK1     000000
__LbssBIGRAM_1                                  bssBIGRAM_1  000000
__LbssCOMRAM                                    bssCOMRAM    000000
__Lcinit                                        cinit        000000
__Lclrtext                                      clrtext      000000
__Lcomram                                       comram       000000
__Lconfig                                       config       300000
__Lconst                                        const        000000
__LcstackBANK0                                  cstackBANK0  000000
__LcstackBANK1                                  cstackBANK1  000000
__LcstackCOMRAM                                 cstackCOMRAM 000000
__Ldata                                         data         000000
__LdataBANK1                                    dataBANK1    000000
__Leeprom_data                                  eeprom_data  F00000
__Lfarbss                                       farbss       000000
__Lfardata                                      fardata      000000
__Libigdata                                     ibigdata     000000
__Lidata                                        idata        000000
__LidataBANK1                                   idataBANK1   000000
__Lidloc                                        idloc        200000
__Lifardata                                     ifardata     000000
__Linit                                         init         00000E
__Lintcode                                      intcode      000008
__Lintcode_body                                 intcode_body 000000
__Lintcodelo                                    intcodelo    00000E
__Lintentry                                     intentry     000000
__Lintret                                       intret       000000
__Lintsave_regs                                 intsave_regs 000000
__Lirdata                                       irdata       000000
__Lmediumconst                                  mediumconst  007C54
__LnvFARRAM                                     nvFARRAM     000000
__Lnvbit                                        nvbit        000000
__Lnvrram                                       nvrram       000000
__Lparam                                        rparam       000000
__Lpowerup                                      powerup      00000E
__Lram                                          ram          000000
__Lramtop                                       ramtop       000800
__Lrbit                                         rbit         000000
__Lrbss                                         rbss         000000
__Lrdata                                        rdata        000000
__Lreset_vec                                    reset_vec    000000
__Lrparam                                       rparam       000000
__Lsfr                                          sfr          000000
__Lsmallconst                                   smallconst   000000
__Lspace_0                                      (abs)        000000
__Lspace_1                                      (abs)        000000
__Lspace_2                                      (abs)        000000
__Lstack                                        stack        000000
__Lstruct                                       struct       000000
__Ltemp                                         temp         00004C
__Ltext                                         text         000000
__Ltext0                                        text0        000000
__Ltext1                                        text1        000000
__Ltext10                                       text10       000000
__Ltext11                                       text11       000000
__Ltext12                                       text12       000000
__Ltext13                                       text13       000000
__Ltext14                                       text14       000000
__Ltext15                                       text15       000000
__Ltext16                                       text16       000000
__Ltext17                                       text17       000000
__Ltext18                                       text18       000000
__Ltext19                                       text19       000000
__Ltext2                                        text2        000000
__Ltext20                                       text20       000000
__Ltext21                                       text21       000000
__Ltext22                                       text22       000000
__Ltext23                                       text23       000000
__Ltext24                                       text24       000000
__Ltext25                                       text25       000000
__Ltext26                                       text26       000000
__Ltext27                                       text27       000000
__Ltext28                                       text28       000000
__Ltext29                                       text29       000000
__Ltext3                                        text3        000000
__Ltext30                                       text30       000000
__Ltext31                                       text31       000000
__Ltext32                                       text32       000000
__Ltext33                                       text33       000000
__Ltext34                                       text34       000000
__Ltext35                                       text35       000000
__Ltext36                                       text36       000000
__Ltext37                                       text37       000000
__Ltext38                                       text38       000000
__Ltext39                                       text39       000000
__Ltext4                                        text4        000000
__Ltext40                                       text40       000000
__Ltext41                                       text41       000000
__Ltext42                                       text42       000000
__Ltext43                                       text43       000000
__Ltext44                                       text44       000000
__Ltext45                                       text45       000000
__Ltext46                                       text46       000000
__Ltext47                                       text47       000000
__Ltext48                                       text48       000000
__Ltext49                                       text49       000000
__Ltext5                                        text5        000000
__Ltext50                                       text50       000000
__Ltext51                                       text51       000000
__Ltext52                                       text52       000000
__Ltext53                                       text53       000000
__Ltext54                                       text54       000000
__Ltext55                                       text55       000000
__Ltext56                                       text56       000000
__Ltext57                                       text57       000000
__Ltext59                                       text59       000000
__Ltext6                                        text6        000000
__Ltext60                                       text60       000000
__Ltext61                                       text61       000000
__Ltext62                                       text62       000000
__Ltext63                                       text63       000000
__Ltext64                                       text64       000000
__Ltext65                                       text65       000000
__Ltext66                                       text66       000000
__Ltext7                                        text7        000000
__Ltext8                                        text8        000000
__Ltext9                                        text9        000000
__S0                                            (abs)        F00008
__S1                                            (abs)        00035C
__S2                                            (abs)        000000
___aodiv                                        text41       000518
___aodiv@counter                                cstackCOMRAM 000024
___aodiv@dividend                               cstackCOMRAM 000014
___aodiv@divisor                                cstackCOMRAM 00001C
___aodiv@quotient                               cstackCOMRAM 000026
___aodiv@sign                                   cstackCOMRAM 000025
___aomod                                        text40       000788
___aomod@counter                                cstackCOMRAM 000024
___aomod@dividend                               cstackCOMRAM 000014
___aomod@divisor                                cstackCOMRAM 00001C
___aomod@sign                                   cstackCOMRAM 000025
___inthi_sp                                     stack        000000
___intlo_sp                                     stack        000000
___param_bank                                   (abs)        000000
___rparam_used                                  (abs)        000001
___sp                                           stack        000000
__accesstop                                     (abs)        000060
__activetblptr                                  (abs)        000002
__end_of_EventDumpSolenoidCallBack              text29       001A48
__end_of_EventFaultStateLEDCallBack             text28       00097E
__end_of_EventIdleTimeoutCallBack               text27       001522
__end_of_EventLowFogPressureCallBack            text26       0016F6
__end_of_EventLowWaterLevelCallBack             text25       001856
__end_of_EventLowWaterPressureCallBack          text24       0016C4
__end_of_EventLowWaterPressureDebounceCallBack  text23       001922
__end_of_EventPODebounceCallBack                text22       001A0E
__end_of_EventRunSignalDebounceCallBack         text30       001A2E
__end_of___aodiv                                text41       000660
__end_of___aomod                                text40       0008AC
__end_of__initialization                        cinit        001264
__end_of_abs                                    text39       001728
__end_of_chartox                                text19       0019D4
__end_of_checkIfShoudReset                      text52       0018E4
__end_of_clear_callback                         text51       0019AA
__end_of_clear_callback_for_shutdown            text31       0017B6
__end_of_ctoa                                   text42       0014DC
__end_of_dtoa                                   text38       000518
__end_of_enable_callback                        text55       001566
__end_of_event_timer_isr                        intcode_body 0015AA
__end_of_fputc                                  text46       00120C
__end_of_fputs                                  text45       00165A
__end_of_getch_timeout                          text9        0019C0
__end_of_has_data                               text7        001A1E
__end_of_init                                   text56       00105A
__end_of_init_event_timer                       text54       001390
__end_of_main                                   text0        001134
__end_of_monitor_pump_run                       text11       000D9E
__end_of_monitor_water_pressure                 text50       001692
__end_of_not_full                               text65       001978
__end_of_output_message                         text20       00148E
__end_of_pad                                    text43       000E34
__end_of_pop                                    text49       000EC2
__end_of_printFaultState                        text33       000AEA
__end_of_printPumpState                         text32       001940
__end_of_printf                                 text34       001830
__end_of_process_event_timer                    text21       000A34
__end_of_process_get_status_message             text17       0018C4
__end_of_process_message                        text12       000C4E
__end_of_process_reset_pump                     text16       001808
__end_of_process_set_address_message            text15       0018A0
__end_of_process_set_zones_message              text13       0011A0
__end_of_pump_run                               text10       00178A
__end_of_push                                   text48       0012D2
__end_of_putch                                  text47       0019E8
__end_of_puts                                   text62       00175A
__end_of_receiveMessage                         text8        000B9C
__end_of_resetPump                              text53       001A52
__end_of_ser_int                                text57       00187C
__end_of_serial_process_loop                    text6        001992
__end_of_setBaseMessage                         text18       000FDC
__end_of_shutdown                               text5        00195C
__end_of_standby                                text4        0013EA
__end_of_start_main                             text3        0015E6
__end_of_start_pump                             text2        000CFE
__end_of_stoa                                   text37       000788
__end_of_strlen                                 text44       0017E0
__end_of_toggleLeds                             text1        001A56
__end_of_usart_interrupt                        text59       0010C8
__end_of_vfpfcnvrt                              text36       0002D0
__end_of_vfprintf                               text35       001440
__end_of_xtochar                                text14       001622
__end_ofi2_has_data                             text61       001A3E
__end_ofi2_pop                                  text60       000F50
__end_ofi2_push                                 text64       001332
__end_ofi2_putch                                text63       0019FC
__initialization                                cinit        00120C
__mediumconst                                   mediumconst  007C54
__pbssBANK0                                     bssBANK0     000060
__pbssBANK1                                     bssBANK1     000100
__pbssBIGRAM_1                                  bssBIGRAM_1  000154
__pbssCOMRAM                                    bssCOMRAM    00003F
__pcinit                                        cinit        00120C
__pcstackBANK0                                  cstackBANK0  0000B6
__pcstackBANK1                                  cstackBANK1  000149
__pcstackCOMRAM                                 cstackCOMRAM 000001
__pdataBANK1                                    dataBANK1    00012A
__pidataBANK1                                   idataBANK1   0018E4
__pintcode                                      intcode      000008
__pintcode_body                                 intcode_body 001566
__pmediumconst                                  mediumconst  007C54
__ptext0                                        text0        0010C8
__ptext1                                        text1        001A52
__ptext10                                       text10       00175A
__ptext11                                       text11       000CFE
__ptext12                                       text12       000B9C
__ptext13                                       text13       001134
__ptext14                                       text14       0015E6
__ptext15                                       text15       00187C
__ptext16                                       text16       0017E0
__ptext17                                       text17       0018A0
__ptext18                                       text18       000F50
__ptext19                                       text19       0019C0
__ptext2                                        text2        000C4E
__ptext20                                       text20       001440
__ptext21                                       text21       00097E
__ptext22                                       text22       0019FC
__ptext23                                       text23       001904
__ptext24                                       text24       001692
__ptext25                                       text25       001830
__ptext26                                       text26       0016C4
__ptext27                                       text27       0014DC
__ptext28                                       text28       0008AC
__ptext29                                       text29       001A3E
__ptext3                                        text3        0015AA
__ptext30                                       text30       001A1E
__ptext31                                       text31       00178A
__ptext32                                       text32       001922
__ptext33                                       text33       000A34
__ptext34                                       text34       001808
__ptext35                                       text35       0013EA
__ptext36                                       text36       000012
__ptext37                                       text37       000660
__ptext38                                       text38       0002D0
__ptext39                                       text39       0016F6
__ptext4                                        text4        001390
__ptext40                                       text40       000788
__ptext41                                       text41       000518
__ptext42                                       text42       00148E
__ptext43                                       text43       000D9E
__ptext44                                       text44       0017B6
__ptext45                                       text45       001622
__ptext46                                       text46       0011A0
__ptext47                                       text47       0019D4
__ptext48                                       text48       001272
__ptext49                                       text49       000E34
__ptext5                                        text5        001940
__ptext50                                       text50       00165A
__ptext51                                       text51       001992
__ptext52                                       text52       0018C4
__ptext53                                       text53       001A48
__ptext54                                       text54       001332
__ptext55                                       text55       001522
__ptext56                                       text56       000FDC
__ptext57                                       text57       001856
__ptext59                                       text59       00105A
__ptext6                                        text6        001978
__ptext60                                       text60       000EC2
__ptext61                                       text61       001A2E
__ptext62                                       text62       001728
__ptext63                                       text63       0019E8
__ptext64                                       text64       0012D2
__ptext65                                       text65       00195C
__ptext66                                       text66       000000
__ptext7                                        text7        001A0E
__ptext8                                        text8        000AEA
__ptext9                                        text9        0019AA
__ramtop                                        ramtop       000800
__size_of_EventDumpSolenoidCallBack             (abs)        000000
__size_of_EventFaultStateLEDCallBack            (abs)        000000
__size_of_EventIdleTimeoutCallBack              (abs)        000000
__size_of_EventLowFogPressureCallBack           (abs)        000000
__size_of_EventLowWaterLevelCallBack            (abs)        000000
__size_of_EventLowWaterPressureCallBack         (abs)        000000
__size_of_EventLowWaterPressureDebounceCallBack (abs)        000000
__size_of_EventPODebounceCallBack               (abs)        000000
__size_of_EventRunSignalDebounceCallBack        (abs)        000000
__size_of___aodiv                               (abs)        000000
__size_of___aomod                               (abs)        000000
__size_of_abs                                   (abs)        000000
__size_of_chartox                               (abs)        000000
__size_of_checkIfShoudReset                     (abs)        000000
__size_of_clear_callback                        (abs)        000000
__size_of_clear_callback_for_shutdown           (abs)        000000
__size_of_ctoa                                  (abs)        000000
__size_of_dtoa                                  (abs)        000000
__size_of_enable_callback                       (abs)        000000
__size_of_event_timer_isr                       (abs)        000000
__size_of_fputc                                 (abs)        000000
__size_of_fputs                                 (abs)        000000
__size_of_getch_timeout                         (abs)        000000
__size_of_has_data                              (abs)        000000
__size_of_init                                  (abs)        000000
__size_of_init_event_timer                      (abs)        000000
__size_of_main                                  (abs)        000000
__size_of_monitor_pump_run                      (abs)        000000
__size_of_monitor_water_pressure                (abs)        000000
__size_of_not_full                              (abs)        000000
__size_of_output_message                        (abs)        000000
__size_of_pad                                   (abs)        000000
__size_of_pop                                   (abs)        000000
__size_of_printFaultState                       (abs)        000000
__size_of_printPumpState                        (abs)        000000
__size_of_printf                                (abs)        000000
__size_of_process_event_timer                   (abs)        000000
__size_of_process_get_status_message            (abs)        000000
__size_of_process_message                       (abs)        000000
__size_of_process_reset_pump                    (abs)        000000
__size_of_process_set_address_message           (abs)        000000
__size_of_process_set_zones_message             (abs)        000000
__size_of_pump_run                              (abs)        000000
__size_of_push                                  (abs)        000000
__size_of_putch                                 (abs)        000000
__size_of_puts                                  (abs)        000000
__size_of_receiveMessage                        (abs)        000000
__size_of_resetPump                             (abs)        000000
__size_of_ser_int                               (abs)        000000
__size_of_serial_process_loop                   (abs)        000000
__size_of_setBaseMessage                        (abs)        000000
__size_of_shutdown                              (abs)        000000
__size_of_standby                               (abs)        000000
__size_of_start_main                            (abs)        000000
__size_of_start_pump                            (abs)        000000
__size_of_stoa                                  (abs)        000000
__size_of_strlen                                (abs)        000000
__size_of_toggleLeds                            (abs)        000000
__size_of_usart_interrupt                       (abs)        000000
__size_of_vfpfcnvrt                             (abs)        000000
__size_of_vfprintf                              (abs)        000000
__size_of_xtochar                               (abs)        000000
__size_ofi2_has_data                            (abs)        000000
__size_ofi2_pop                                 (abs)        000000
__size_ofi2_push                                (abs)        000000
__size_ofi2_putch                               (abs)        000000
__smallconst                                    smallconst   000000
_abs                                            text39       0016F6
_chartox                                        text19       0019C0
_checkIfShoudReset                              text52       0018C4
_clear_callback                                 text51       001992
_clear_callback_for_shutdown                    text31       00178A
_ctoa                                           text42       00148E
_dbuf                                           bssBANK1     000100
_dtoa                                           text38       0002D0
_dtoa$1827                                      cstackBANK0  0000C0
_enable_callback                                text55       001522
_event_timer_isr                                intcode      000008
_fault_flags                                    bssCOMRAM    000047
_flags                                          bssCOMRAM    000043
_fputc                                          text46       0011A0
_fputs                                          text45       001622
_getch_timeout                                  text9        0019AA
_has_data                                       text7        001A0E
_inIdleDumpHour                                 bssCOMRAM    00004A
_inbound                                        bssBIGRAM_1  000258
_init                                           text56       000FDC
_init_event_timer                               text54       001332
_main                                           text0        0010C8
_monitor_pump_run                               text11       000CFE
_monitor_water_pressure                         text50       00165A
_not_full                                       text65       00195C
_nout                                           bssBANK0     0000A8
_outbound                                       bssBIGRAM_1  000154
_outputMessage                                  bssBANK0     0000AC
_output_message                                 text20       001440
_pad                                            text43       000D9E
_pop                                            text49       000E34
_prec                                           bssCOMRAM    000041
_printFaultState                                text33       000A34
_printPumpState                                 text32       001922
_printf                                         text34       001808
_process_event_timer                            text21       00097E
_process_get_status_message                     text17       0018A0
_process_message                                text12       000B9C
_process_reset_pump                             text16       0017E0
_process_set_address_message                    text15       00187C
_process_set_zones_message                      text13       001134
_pump_run                                       text10       00175A
_push                                           text48       001272
_putch                                          text47       0019D4
_puts                                           text62       001728
_receiveMessage                                 text8        000AEA
_resetPump                                      text53       001A48
_ser_int                                        text57       001856
_serial_process_loop                            text6        001978
_setBaseMessage                                 text18       000F50
_shutdown                                       text5        001940
_standby                                        text4        001390
_start_main                                     text3        0015AA
_start_pump                                     text2        000C4E
_state                                          bssCOMRAM    00004B
_stoa                                           text37       000660
_strlen                                         text44       0017B6
_timer_count                                    bssCOMRAM    000049
_timer_events                                   bssBANK0     000060
_toggleLeds                                     text1        001A52
_usart_interrupt                                text59       00105A
_vfpfcnvrt                                      text36       000012
_vfprintf                                       text35       0013EA
_width                                          bssCOMRAM    00003F
_xtochar                                        text14       0015E6
_zones                                          bssCOMRAM    000045
abs@a                                           cstackCOMRAM 000026
btemp                                           temp         00004C
chartox@c                                       cstackCOMRAM 000014
clear_callback@callback                         cstackCOMRAM 000014
ctoa@c                                          cstackCOMRAM 000039
ctoa@fp                                         cstackCOMRAM 000037
ctoa@w                                          cstackCOMRAM 00003A
dtoa@d                                          cstackBANK0  0000B8
dtoa@fp                                         cstackBANK0  0000B6
dtoa@i                                          cstackBANK0  0000D0
dtoa@n                                          cstackBANK0  0000C8
dtoa@p                                          cstackBANK0  0000C2
dtoa@s                                          cstackBANK0  0000C6
dtoa@w                                          cstackBANK0  0000C4
enable_callback@callback                        cstackCOMRAM 000016
enable_callback@time_delay                      cstackCOMRAM 000014
end_of_initialization                           cinit        001264
fputc@c                                         cstackCOMRAM 00001C
fputc@fp                                        cstackCOMRAM 00001E
fputs@c                                         cstackCOMRAM 000029
fputs@fp                                        cstackCOMRAM 000027
fputs@i                                         cstackCOMRAM 00002A
fputs@s                                         cstackCOMRAM 000025
has_data@buff                                   cstackCOMRAM 000014
i2_has_data                                     text61       001A2E
i2_pop                                          text60       000EC2
i2_push                                         text64       0012D2
i2_putch                                        text63       0019E8
i2has_data@buff                                 cstackCOMRAM 000001
i2pop@buff                                      cstackCOMRAM 000001
i2pop@d                                         cstackCOMRAM 000005
i2push@buff                                     cstackCOMRAM 000001
i2push@d                                        cstackCOMRAM 000003
i2putch@c                                       cstackCOMRAM 000008
int$flags                                       temp         00004C
int_func                                        intcode_body 001566
intlevel0                                       text         000000
intlevel1                                       text         000000
intlevel2                                       text         000000
intlevel3                                       text         000000
main@F3632                                      dataBANK1    000138
main@c                                          cstackBANK1  000153
main@sendGetMessageBuffer                       cstackBANK1  000149
not_full@buff                                   cstackCOMRAM 000001
output_message@i                                cstackCOMRAM 00001E
output_message@message                          cstackCOMRAM 00001C
pad@buf                                         cstackCOMRAM 00002E
pad@fp                                          cstackCOMRAM 00002C
pad@i                                           cstackCOMRAM 000033
pad@p                                           cstackCOMRAM 000030
pad@w                                           cstackCOMRAM 000035
pop@buff                                        cstackCOMRAM 000014
pop@d                                           cstackCOMRAM 000018
printf@ap                                       cstackBANK0  0000F7
printf@fmt                                      cstackBANK0  0000EF
process_event_timer@i                           cstackCOMRAM 000020
process_get_status_message@inmessage            cstackCOMRAM 000020
process_message@inmessage                       cstackCOMRAM 000025
process_message@msgType                         cstackCOMRAM 000029
process_reset_pump@inmessage                    cstackCOMRAM 000020
process_set_address_message@inmessage           cstackCOMRAM 000020
process_set_zones_message@inmessage             cstackCOMRAM 000020
push@buff                                       cstackCOMRAM 000014
push@d                                          cstackCOMRAM 000016
putch@c                                         cstackCOMRAM 00001B
puts@c                                          cstackCOMRAM 00000B
puts@str                                        cstackCOMRAM 000009
receiveMessage@c                                cstackBANK0  0000FB
receiveMessage@len                              bssBANK0     0000AA
receiveMessage@message                          bssBANK1     000120
setBaseMessage@messageType                      cstackCOMRAM 000019
setBaseMessage@msgAddress                       cstackCOMRAM 000015
setBaseMessage@v                                cstackCOMRAM 00001A
stackhi                                         (abs)        0007FF
stacklo                                         (abs)        000400
start                                           init         00000E
start_initialization                            cinit        00120C
stoa@F1144                                      dataBANK1    000142
stoa@cp                                         cstackCOMRAM 000035
stoa@fp                                         cstackCOMRAM 000025
stoa@i                                          cstackCOMRAM 000031
stoa@l                                          cstackCOMRAM 000039
stoa@nuls                                       cstackCOMRAM 00002A
stoa@p                                          cstackCOMRAM 000037
stoa@s                                          cstackCOMRAM 000027
stoa@w                                          cstackCOMRAM 000033
strlen@a                                        cstackCOMRAM 000016
strlen@s                                        cstackCOMRAM 000014
ttemp5                                          temp         00004D
ttemp6                                          temp         000050
ttemp7                                          temp         000054
usart_interrupt@a                               cstackCOMRAM 00000D
vfpfcnvrt@ap                                    cstackBANK0  0000D6
vfpfcnvrt@c                                     cstackBANK0  0000E6
vfpfcnvrt@cp                                    cstackBANK0  0000E2
vfpfcnvrt@fmt                                   cstackBANK0  0000D4
vfpfcnvrt@fp                                    cstackBANK0  0000D2
vfpfcnvrt@ll                                    cstackBANK0  0000DA
vfpfcnvrt@vp                                    cstackBANK0  0000E4
vfprintf@ap                                     cstackBANK0  0000EB
vfprintf@cfmt                                   cstackBANK0  0000ED
vfprintf@fmt                                    cstackBANK0  0000E9
vfprintf@fp                                     cstackBANK0  0000E7
wtemp8                                          temp         00004D
xtochar@x                                       cstackCOMRAM 000014


FUNCTION INFORMATION:

 *************** function _main *****************
 Defined at:
		line 256 in file "pump_control.c"
 Parameters:    Size  Location     Type
		None
 Auto vars:     Size  Location     Type
  c               1   10[BANK1 ] unsigned char 
  sendGetMessa   10    0[BANK1 ] unsigned char [10]
  message         2    0        PTR unsigned char 
		 -> receiveMessage@message(10), NULL(0), 
  msg_counter     2    0        unsigned int 
 Return value:  Size  Location     Type
                  1    wreg      void 
 Registers used:
		wreg, fsr1l, fsr1h, fsr2l, fsr2h, status,2, status,0, pclath, tosl, tblptrl, tblptrh, tblptru, prodl, prodh, cstack
 Tracked objects:
		On entry : 
		On exit  : 
		Unchanged: 
 Data sizes:     COMRAM   BANK0   BANK1   BANK2   BANK3   BANK4   BANK5   BANK6   BANK7
      Params:         0       0       0       0       0       0       0       0       0
      Locals:         0       0      15       0       0       0       0       0       0
      Temps:          0       0       0       0       0       0       0       0       0
      Totals:         0       0      15       0       0       0       0       0       0
Total ram usage:       15 bytes
 Hardware stack levels required when called:   15
 This function calls:
		_checkIfShoudReset
		_clear_callback
		_enable_callback
		_has_data
		_init
		_init_event_timer
		_monitor_water_pressure
		_pop
		_printFaultState
		_printPumpState
		_printf
		_process_event_timer
		_process_get_status_message
		_process_message
		_pump_run
		_push
		_receiveMessage
		_ser_int
		_serial_process_loop
		_shutdown
		_standby
		_start_main
		_start_pump
		_toggleLeds
 This function is called by:
		Startup code after reset
 This function uses a non-reentrant model


 *************** function _toggleLeds *****************
 Defined at:
		line 250 in file "pump_control.c"
 Parameters:    Size  Location     Type
		None
 Auto vars:     Size  Location     Type
		None
 Return value:  Size  Location     Type
                  1    wreg      void 
 Registers used:
		status,2, status,0
 Tracked objects:
		On entry : 
		On exit  : 
		Unchanged: 
 Data sizes:     COMRAM   BANK0   BANK1   BANK2   BANK3   BANK4   BANK5   BANK6   BANK7
      Params:         0       0       0       0       0       0       0       0       0
      Locals:         0       0       0       0       0       0       0       0       0
      Temps:          0       0       0       0       0       0       0       0       0
      Totals:         0       0       0       0       0       0       0       0       0
Total ram usage:        0 bytes
 Hardware stack levels used:    1
 Hardware stack levels required when called:    5
 This function calls:
		Nothing
 This function is called by:
		_main
 This function uses a non-reentrant model


 *************** function _start_pump *****************
 Defined at:
		line 3 in file "start_pump_state.c"
 Parameters:    Size  Location     Type
		None
 Auto vars:     Size  Location     Type
		None
 Return value:  Size  Location     Type
                  1    wreg      void 
 Registers used:
		wreg, fsr2l, fsr2h, status,2, status,0, prodl, prodh, cstack
 Tracked objects:
		On entry : 
		On exit  : 
		Unchanged: 
 Data sizes:     COMRAM   BANK0   BANK1   BANK2   BANK3   BANK4   BANK5   BANK6   BANK7
      Params:         0       0       0       0       0       0       0       0       0
      Locals:         0       0       0       0       0       0       0       0       0
      Temps:          0       0       0       0       0       0       0       0       0
      Totals:         0       0       0       0       0       0       0       0       0
Total ram usage:        0 bytes
 Hardware stack levels used:    1
 Hardware stack levels required when called:    7
 This function calls:
		_clear_callback
		_clear_callback_for_shutdown
		_enable_callback
 This function is called by:
		_main
 This function uses a non-reentrant model


 *************** function _start_main *****************
 Defined at:
		line 4 in file "start_main.c"
 Parameters:    Size  Location     Type
		None
 Auto vars:     Size  Location     Type
		None
 Return value:  Size  Location     Type
                  1    wreg      void 
 Registers used:
		wreg, fsr2l, fsr2h, status,2, status,0, prodl, prodh, cstack
 Tracked objects:
		On entry : 
		On exit  : 
		Unchanged: 
 Data sizes:     COMRAM   BANK0   BANK1   BANK2   BANK3   BANK4   BANK5   BANK6   BANK7
      Params:         0       0       0       0       0       0       0       0       0
      Locals:         0       0       0       0       0       0       0       0       0
      Temps:          0       0       0       0       0       0       0       0       0
      Totals:         0       0       0       0       0       0       0       0       0
Total ram usage:        0 bytes
 Hardware stack levels used:    1
 Hardware stack levels required when called:    7
 This function calls:
		_clear_callback
		_enable_callback
		_monitor_pump_run
 This function is called by:
		_main
 This function uses a non-reentrant model


 *************** function _standby *****************
 Defined at:
		line 3 in file "standby_state.c"
 Parameters:    Size  Location     Type
		None
 Auto vars:     Size  Location     Type
		None
 Return value:  Size  Location     Type
                  1    wreg      void 
 Registers used:
		wreg, fsr2l, fsr2h, status,2, status,0, prodl, prodh, cstack
 Tracked objects:
		On entry : 
		On exit  : 
		Unchanged: 
 Data sizes:     COMRAM   BANK0   BANK1   BANK2   BANK3   BANK4   BANK5   BANK6   BANK7
      Params:         0       0       0       0       0       0       0       0       0
[...]
      Params:         0       0       0       0       0       0       0       0       0
      Locals:         0       0       0       0       0       0       0       0       0
      Temps:          0       0       0       0       0       0       0       0       0
      Totals:         0       0       0       0       0       0       0       0       0
Total ram usage:        0 bytes
 Hardware stack levels used:    1
 Hardware stack levels required when called:    6
 This function calls:
		_enable_callback
 This function is called by:
		_resetPump
		_main
 This function uses a non-reentrant model


 *************** function _enable_callback *****************
 Defined at:
		line 16 in file "timer_event.c"
 Parameters:    Size  Location     Type
  callback        1    wreg     unsigned char 
  time_delay      2   19[COMRAM] int 
 Auto vars:     Size  Location     Type
  callback        1   21[COMRAM] unsigned char 
 Return value:  Size  Location     Type
                  1    wreg      void 
 Registers used:
		wreg, fsr2l, fsr2h, status,2, status,0, prodl, prodh
 Tracked objects:
		On entry : 
		On exit  : 
		Unchanged: 
 Data sizes:     COMRAM   BANK0   BANK1   BANK2   BANK3   BANK4   BANK5   BANK6   BANK7
      Params:         2       0       0       0       0       0       0       0       0
      Locals:         1       0       0       0       0       0       0       0       0
      Temps:          0       0       0       0       0       0       0       0       0
      Totals:         3       0       0       0       0       0       0       0       0
Total ram usage:        3 bytes
 Hardware stack levels used:    1
 Hardware stack levels required when called:    5
 This function calls:
		Nothing
 This function is called by:
		_EventFaultStateLEDCallBack
		_EventIdleTimeoutCallBack
		_EventLowFogPressureCallBack
		_EventLowWaterLevelCallBack
		_monitor_water_pressure
		_main
		_pump_run
		_monitor_pump_run
		_shutdown
		_standby
		_start_main
		_start_pump
		_init_event_timer
 This function uses a non-reentrant model


 *************** function _init *****************
 Defined at:
		line 137 in file "pump_control.c"
 Parameters:    Size  Location     Type
		None
 Auto vars:     Size  Location     Type
		None
 Return value:  Size  Location     Type
                  1    wreg      void 
 Registers used:
		wreg, status,2, cstack
 Tracked objects:
		On entry : 
		On exit  : 
		Unchanged: 
 Data sizes:     COMRAM   BANK0   BANK1   BANK2   BANK3   BANK4   BANK5   BANK6   BANK7
      Params:         0       0       0       0       0       0       0       0       0
      Locals:         0       0       0       0       0       0       0       0       0
      Temps:          0       0       0       0       0       0       0       0       0
      Totals:         0       0       0       0       0       0       0       0       0
Total ram usage:        0 bytes
 Hardware stack levels used:    1
 Hardware stack levels required when called:    6
 This function calls:
		_ser_int
 This function is called by:
		_resetPump
		_main
 This function uses a non-reentrant model


 *************** function _ser_int *****************
 Defined at:
		line 51 in file "serial.c"
 Parameters:    Size  Location     Type
		None
 Auto vars:     Size  Location     Type
		None
 Return value:  Size  Location     Type
                  1    wreg      void 
 Registers used:
		wreg, status,2
 Tracked objects:
		On entry : 
		On exit  : 
		Unchanged: 
 Data sizes:     COMRAM   BANK0   BANK1   BANK2   BANK3   BANK4   BANK5   BANK6   BANK7
      Params:         0       0       0       0       0       0       0       0       0
      Locals:         0       0       0       0       0       0       0       0       0
      Temps:          0       0       0       0       0       0       0       0       0
      Totals:         0       0       0       0       0       0       0       0       0
Total ram usage:        0 bytes
 Hardware stack levels used:    1
 Hardware stack levels required when called:    5
 This function calls:
		Nothing
 This function is called by:
		_init
		_main
		_mainserial3
 This function uses a non-reentrant model


 *************** function _event_timer_isr *****************
 Defined at:
		line 64 in file "timer_event.c"
 Parameters:    Size  Location     Type
		None
 Auto vars:     Size  Location     Type
		None
 Return value:  Size  Location     Type
                  1    wreg      void 
 Registers used:
		wreg, fsr2l, fsr2h, status,2, status,0, tblptrl, tblptrh, tblptru, cstack
 Tracked objects:
		On entry : 
		On exit  : 
		Unchanged: 
 Data sizes:     COMRAM   BANK0   BANK1   BANK2   BANK3   BANK4   BANK5   BANK6   BANK7
      Params:         0       0       0       0       0       0       0       0       0
      Locals:         0       0       0       0       0       0       0       0       0
      Temps:          6       0       0       0       0       0       0       0       0
      Totals:         6       0       0       0       0       0       0       0       0
Total ram usage:        6 bytes
 Hardware stack levels used:    1
 Hardware stack levels required when called:    4
 This function calls:
		_usart_interrupt
 This function is called by:
		Interrupt level 2
 This function uses a non-reentrant model


 *************** function _usart_interrupt *****************
 Defined at:
		line 136 in file "serial.c"
 Parameters:    Size  Location     Type
		None
 Auto vars:     Size  Location     Type
  a               1   12[COMRAM] unsigned char 
 Return value:  Size  Location     Type
                  1    wreg      void 
 Registers used:
		wreg, fsr2l, fsr2h, status,2, status,0, tblptrl, tblptrh, tblptru, cstack
 Tracked objects:
		On entry : 
		On exit  : 
		Unchanged: 
 Data sizes:     COMRAM   BANK0   BANK1   BANK2   BANK3   BANK4   BANK5   BANK6   BANK7
      Params:         0       0       0       0       0       0       0       0       0
      Locals:         1       0       0       0       0       0       0       0       0
      Temps:          0       0       0       0       0       0       0       0       0
      Totals:         1       0       0       0       0       0       0       0       0
Total ram usage:        1 bytes
 Hardware stack levels used:    1
 Hardware stack levels required when called:    3
 This function calls:
		_not_full
		_puts
		i2_has_data
		i2_pop
		i2_push
 This function is called by:
		_event_timer_isr
 This function uses a non-reentrant model


 *************** function i2_pop *****************
 Defined at:
		line 27 in file "serial_buffer.c"
 Parameters:    Size  Location     Type
  buff            2    0[COMRAM] PTR struct .
		 -> outbound(260), inbound(260), 
 Auto vars:     Size  Location     Type
  pop             1    4[COMRAM] unsigned char 
 Return value:  Size  Location     Type
                  1    wreg      unsigned char 
 Registers used:
		wreg, fsr2l, fsr2h, status,2, status,0
 Tracked objects:
		On entry : 
		On exit  : 
		Unchanged: 
 Data sizes:     COMRAM   BANK0   BANK1   BANK2   BANK3   BANK4   BANK5   BANK6   BANK7
      Params:         2       0       0       0       0       0       0       0       0
      Locals:         1       0       0       0       0       0       0       0       0
      Temps:          2       0       0       0       0       0       0       0       0
      Totals:         5       0       0       0       0       0       0       0       0
Total ram usage:        5 bytes
 Hardware stack levels used:    1
 This function calls:
		Nothing
 This function is called by:
		_usart_interrupt
 This function uses a non-reentrant model


 *************** function i2_has_data *****************
 Defined at:
		line 51 in file "serial_buffer.c"
 Parameters:    Size  Location     Type
  buff            2    0[COMRAM] PTR struct .
		 -> outbound(260), inbound(260), 
 Auto vars:     Size  Location     Type
		None
 Return value:  Size  Location     Type
                  1    wreg      unsigned char 
 Registers used:
		wreg, fsr2l, fsr2h, status,2, status,0
 Tracked objects:
		On entry : 
		On exit  : 
		Unchanged: 
 Data sizes:     COMRAM   BANK0   BANK1   BANK2   BANK3   BANK4   BANK5   BANK6   BANK7
      Params:         2       0       0       0       0       0       0       0       0
      Locals:         0       0       0       0       0       0       0       0       0
      Temps:          0       0       0       0       0       0       0       0       0
      Totals:         2       0       0       0       0       0       0       0       0
Total ram usage:        2 bytes
 Hardware stack levels used:    1
 This function calls:
		Nothing
 This function is called by:
		_usart_interrupt
 This function uses a non-reentrant model


 *************** function _puts *****************
 Defined at:
		line 213 in file "serial.c"
 Parameters:    Size  Location     Type
  str             2    8[COMRAM] PTR const unsigned char 
		 -> STR_21(16), 
 Auto vars:     Size  Location     Type
  c               2   10[COMRAM] PTR const unsigned char 
		 -> STR_21(16), 
 Return value:  Size  Location     Type
                  2    8[COMRAM] int 
 Registers used:
		wreg, fsr2l, fsr2h, status,2, status,0, tblptrl, tblptrh, tblptru, cstack
 Tracked objects:
		On entry : 
		On exit  : 
		Unchanged: 
 Data sizes:     COMRAM   BANK0   BANK1   BANK2   BANK3   BANK4   BANK5   BANK6   BANK7
      Params:         2       0       0       0       0       0       0       0       0
      Locals:         2       0       0       0       0       0       0       0       0
      Temps:          0       0       0       0       0       0       0       0       0
      Totals:         4       0       0       0       0       0       0       0       0
Total ram usage:        4 bytes
 Hardware stack levels used:    1
 Hardware stack levels required when called:    2
 This function calls:
		i2_putch
 This function is called by:
		_usart_interrupt
 This function uses a non-reentrant model


 *************** function i2_putch *****************
 Defined at:
		line 209 in file "serial.c"
 Parameters:    Size  Location     Type
  c               1    wreg     unsigned char 
 Auto vars:     Size  Location     Type
  c               1    7[COMRAM] unsigned char 
 Return value:  Size  Location     Type
                  1    wreg      void 
 Registers used:
		wreg, fsr2l, fsr2h, status,2, status,0, cstack
 Tracked objects:
		On entry : 
		On exit  : 
		Unchanged: 
 Data sizes:     COMRAM   BANK0   BANK1   BANK2   BANK3   BANK4   BANK5   BANK6   BANK7
      Params:         0       0       0       0       0       0       0       0       0
      Locals:         1       0       0       0       0       0       0       0       0
      Temps:          0       0       0       0       0       0       0       0       0
      Totals:         1       0       0       0       0       0       0       0       0
Total ram usage:        1 bytes
 Hardware stack levels used:    1
 Hardware stack levels required when called:    1
 This function calls:
		i2_push
 This function is called by:
		_puts
 This function uses a non-reentrant model


 *************** function i2_push *****************
 Defined at:
		line 10 in file "serial_buffer.c"
 Parameters:    Size  Location     Type
  buff            2    0[COMRAM] PTR struct .
		 -> outbound(260), inbound(260), 
  d               1    2[COMRAM] unsigned char 
 Auto vars:     Size  Location     Type
		None
 Return value:  Size  Location     Type
                  1    wreg      void 
 Registers used:
		wreg, fsr2l, fsr2h, status,2, status,0
 Tracked objects:
		On entry : 
		On exit  : 
		Unchanged: 
 Data sizes:     COMRAM   BANK0   BANK1   BANK2   BANK3   BANK4   BANK5   BANK6   BANK7
      Params:         3       0       0       0       0       0       0       0       0
      Locals:         0       0       0       0       0       0       0       0       0
      Temps:          4       0       0       0       0       0       0       0       0
      Totals:         7       0       0       0       0       0       0       0       0
Total ram usage:        7 bytes
 Hardware stack levels used:    1
 This function calls:
		Nothing
 This function is called by:
		_usart_interrupt
		i2_putch
 This function uses a non-reentrant model


 *************** function _not_full *****************
 Defined at:
		line 60 in file "serial_buffer.c"
 Parameters:    Size  Location     Type
  buff            2    0[COMRAM] PTR struct .
		 -> inbound(260), 
 Auto vars:     Size  Location     Type
		None
 Return value:  Size  Location     Type
                  1    wreg      unsigned char 
 Registers used:
		wreg, fsr2l, fsr2h, status,2, status,0
 Tracked objects:
		On entry : 
		On exit  : 
		Unchanged: 
 Data sizes:     COMRAM   BANK0   BANK1   BANK2   BANK3   BANK4   BANK5   BANK6   BANK7
      Params:         2       0       0       0       0       0       0       0       0
      Locals:         0       0       0       0       0       0       0       0       0
      Temps:          2       0       0       0       0       0       0       0       0
      Totals:         4       0       0       0       0       0       0       0       0
Total ram usage:        4 bytes
 Hardware stack levels used:    1
 This function calls:
		Nothing
 This function is called by:
		_usart_interrupt
 This function uses a non-reentrant model



MODULE INFORMATION

Module		Function		Class		Link	Load	Size
serial.c
		_output_message		CODE           	1440	0000	79
		_serial_process_loop		CODE           	1978	0000	27
		_putch         		CODE           	19D4	0000	21
		_ser_int       		CODE           	1856	0000	39
		_usart_interrupt		CODE           	105A	0000	111
		_getch_timeout 		CODE           	19AA	0000	23
		_puts          		CODE           	1728	0000	51
		_receiveMessage		CODE           	0AEA	0000	179

serial.c estimated size: 530

EventIdleTimeout.c
		_EventIdleTimeoutCallBack		CODE           	14DC	0000	71

EventIdleTimeout.c estimated size: 71

EventFaultStateLed.c
		_EventFaultStateLEDCallBack		CODE           	08AC	0000	211

EventFaultStateLed.c estimated size: 211

C:\Program Files (x86)\Microchip\xc8\v2.05\pic\sources\c99\common\printf.c
		_printf        		CODE           	1808	0000	41

C:\Program Files (x86)\Microchip\xc8\v2.05\pic\sources\c99\common\printf.c estimated size: 41

start_main.c
		_start_main    		CODE           	15AA	0000	61

start_main.c estimated size: 61

C:\Program Files (x86)\Microchip\xc8\v2.05\pic\sources\c99\common\nf_fputc.c
		_fputc         		CODE           	11A0	0000	109

C:\Program Files (x86)\Microchip\xc8\v2.05\pic\sources\c99\common\nf_fputc.c estimated size: 109

C:\Program Files (x86)\Microchip\xc8\v2.05\pic\sources\c99\common\aodiv.c
		___aodiv       		CODE           	0518	0000	329

C:\Program Files (x86)\Microchip\xc8\v2.05\pic\sources\c99\common\aodiv.c estimated size: 329

C:\Program Files (x86)\Microchip\xc8\v2.05\pic\sources\c99\common\strlen.c
		_strlen        		CODE           	17B6	0000	43

C:\Program Files (x86)\Microchip\xc8\v2.05\pic\sources\c99\common\strlen.c estimated size: 43

EventDumpsolenoid.c
		_EventDumpSolenoidCallBack		CODE           	1A3E	0000	11

EventDumpsolenoid.c estimated size: 11

standby_state.c
		_standby       		CODE           	1390	0000	91

standby_state.c estimated size: 91

C:\Program Files (x86)\Microchip\xc8\v2.05\pic\sources\c99\common\doprnt.c
		_vfpfcnvrt     		CODE           	0012	0000	703
		_pad           		CODE           	0D9E	0000	151
		_ctoa          		CODE           	148E	0000	79
		_dtoa          		CODE           	02D0	0000	585
		_vfprintf      		CODE           	13EA	0000	87
		_stoa          		CODE           	0660	0000	297

C:\Program Files (x86)\Microchip\xc8\v2.05\pic\sources\c99\common\doprnt.c estimated size: 1902

start_pump_state.c
		_start_pump    		CODE           	0C4E	0000	177

start_pump_state.c estimated size: 177

shared
		i2_push        		CODE           	12D2	0000	97
		i2_putch       		CODE           	19E8	0000	21
		i2_pop         		CODE           	0EC2	0000	143
		__initialization		CODE           	120C	0000	89
		i2_has_data    		CODE           	1A2E	0000	17

shared estimated size: 367

pump_control.c
		_printFaultState		CODE           	0A34	0000	183
		_init          		CODE           	0FDC	0000	127
		_resetPump     		CODE           	1A48	0000	11
		_checkIfShoudReset		CODE           	18C4	0000	33
		_main          		CODE           	10C8	0000	109
		_toggleLeds    		CODE           	1A52	0000	5
		_printPumpState		CODE           	1922	0000	31

pump_control.c estimated size: 499

serial_message.c
		_chartox       		CODE           	19C0	0000	21
		_setBaseMessage		CODE           	0F50	0000	141
		_process_get_status_message		CODE           	18A0	0000	37
		_process_set_address_message		CODE           	187C	0000	37
		_process_message		CODE           	0B9C	0000	179
		_xtochar       		CODE           	15E6	0000	61
		_process_reset_pump		CODE           	17E0	0000	41
		_process_set_zones_message		CODE           	1134	0000	109

serial_message.c estimated size: 626

timer_event.c
		_clear_callback_for_shutdown		CODE           	178A	0000	45
		_enable_callback		CODE           	1522	0000	69
		_process_event_timer		CODE           	097E	0000	183
		_init_event_timer		CODE           	1332	0000	95
		_event_timer_isr		CODE           	0008	0000	75
		_clear_callback		CODE           	1992	0000	25

timer_event.c estimated size: 492

C:\Program Files (x86)\Microchip\xc8\v2.05\pic\sources\c99\common\abs.c
		_abs           		CODE           	16F6	0000	51

C:\Program Files (x86)\Microchip\xc8\v2.05\pic\sources\c99\common\abs.c estimated size: 51

EventLowWaterLevel.c
		_EventLowWaterLevelCallBack		CODE           	1830	0000	39

EventLowWaterLevel.c estimated size: 39

C:\Program Files (x86)\Microchip\xc8\v2.05\pic\sources\c99\common\nf_fputs.c
		_fputs         		CODE           	1622	0000	57

C:\Program Files (x86)\Microchip\xc8\v2.05\pic\sources\c99\common\nf_fputs.c estimated size: 57

EventRunSignalDebounce.c
		_EventRunSignalDebounceCallBack		CODE           	1A1E	0000	17

EventRunSignalDebounce.c estimated size: 17

shutdown_state.c
		_shutdown      		CODE           	1940	0000	29

shutdown_state.c estimated size: 29

serial_buffer.c
		_pop           		CODE           	0E34	0000	143
		_push          		CODE           	1272	0000	97
		_has_data      		CODE           	1A0E	0000	17
		_not_full      		CODE           	195C	0000	29

serial_buffer.c estimated size: 286

MonitorWaterPressure.c
		_monitor_water_pressure		CODE           	165A	0000	57

MonitorWaterPressure.c estimated size: 57

EventPODebounce.c
		_EventPODebounceCallBack		CODE           	19FC	0000	19

EventPODebounce.c estimated size: 19

C:\Program Files (x86)\Microchip\xc8\v2.05\pic\sources\c99\common\aomod.c
		___aomod       		CODE           	0788	0000	293

C:\Program Files (x86)\Microchip\xc8\v2.05\pic\sources\c99\common\aomod.c estimated size: 293

EventLowWaterPressure.c
		_EventLowWaterPressureDebounceCallBack		CODE           	1904	0000	31
		_EventLowWaterPressureCallBack		CODE           	1692	0000	51

EventLowWaterPressure.c estimated size: 82

EventLowFogPressure.c
		_EventLowFogPressureCallBack		CODE           	16C4	0000	51

EventLowFogPressure.c estimated size: 51

pump_run.c
		_monitor_pump_run		CODE           	0CFE	0000	161
		_pump_run      		CODE           	175A	0000	49

pump_run.c estimated size: 210

