Microchip MPLAB XC8 Compiler V2.05 ()

Linker command line:

-W-3 --edf=C:\Program Files (x86)\Microchip\xc8\v2.05\pic\dat\en_msgs.txt \
  -cs -h+dist/default/production\aecv7.X.production.sym \
  --cmf=dist/default/production\aecv7.X.production.cmf -z -Q18F4550 \
  -oC:\Users\antho\AppData\Local\Temp\s16k8.2 --defsym=__MPLAB_BUILD=1 \
  -Mdist/default/production/aecv7.X.production.map -E1 -ver=XC8 \
  --acfsm=1493 -ASTACK=0316h-07FFh -pstack=STACK -ACODE=00h-07FFFh \
  -ACONST=00h-07FFFh -ASMALLCONST=0800h-08FFhx120 \
  -AMEDIUMCONST=0800h-07FFFh -ACOMRAM=01h-05Fh -AABS1=00h-07FFh \
  -ABIGRAM=01h-07FFh -ARAM=060h-0FFh,0100h-01FFhx7 -ABANK0=060h-0FFh \
  -ABANK1=0100h-01FFh -ABANK2=0200h-02FFh -ABANK3=0300h-03FFh \
  -ABANK4=0400h-04FFh -ABANK5=0500h-05FFh -ABANK6=0600h-06FFh \
  -ABANK7=0700h-07FFh -ASFR=0F60h-0FFFh \
  -preset_vec=00h,intcode=08h,intcodelo,powerup,init -pramtop=0800h \
  -psmallconst=SMALLCONST -pmediumconst=MEDIUMCONST -pconst=CONST \
  -AFARRAM=00h-00h -ACONFIG=0300000h-030000Dh -pconfig=CONFIG \
  -AIDLOC=0200000h-0200007h -pidloc=IDLOC -AEEDATA=0F00000h-0F000FFh \
  -peeprom_data=EEDATA \
  -prdata=COMRAM,nvrram=COMRAM,nvbit=COMRAM,rbss=COMRAM,rbit=COMRAM \
  -pfarbss=FARRAM,fardata=FARRAM,nvFARRAM=FARRAM \
  -pintsave_regs=BIGRAM,bigbss=BIGRAM,bigdata=BIGRAM -pbss=RAM \
  -pidata=CODE,irdata=CODE,ibigdata=CODE,ifardata=CODE -prparam=COMRAM \
  C:\Users\antho\AppData\Local\Temp\s16k8.o \
  dist/default/production\aecv7.X.production.o 

Object code version is 3.11

Machine type is 18F4550

Call graph: (short form)




                Name                               Link     Load   Length Selector   Space Scale
C:\Users\antho\AppData\Local\Temp\s16k8.o
                init                                  E        E        4        4       0
                reset_vec                             0        0        4        0       0
                idloc                            200000   200000        8   200000       0
                config                           300000   300000        E   300000       0
dist/default/production\aecv7.X.production.o
                eeprom_data                      F00000   F00000        8   F00000       0
                intcode                               8        8        6        4       0
                temp                                 4C       4C        1        1       1
                mediumconst                        7EBC     7EBC      144     3F5E       0
                text55                              FE8      FE8       1C        4       0
                text54                              9D2      9D2       60        4       0
                text53                             1076     1076       14        4       0
                text52                              E1A      E1A       32        4       0
                text51                             10BC     10BC       10        4       0
                text50                              718      718       8E        4       0
                text49                              82C      82C       6E        4       0
                intcode_body                        CC2      CC2       44        4       0
                text47                             10CC     10CC        C        4       0
                text46                              F46      F46       26        4       0
                text45                              7A6      7A6       86        4       0
                text44                              C7E      C7E       44        4       0
                text43                              A32      A32       5E        4       0
                text42                             10E2     10E2        A        4       0
                text41                              FAE      FAE       1E        4       0
                text40                             1036     1036       18        4       0
                text39                              D7E      D7E       38        4       0
                text38                              972      972       60        4       0
                text37                             1062     1062       14        4       0
                text36                              906      906       6C        4       0
                text35                               12       12      130        4       0
                text34                              B98      B98       52        4       0
                text33                              EF8      EF8       28        4       0
                text32                             10EE     10EE        2        4       0
                text31                             10EC     10EC        2        4       0
                text30                              E7C      E7C       2C        4       0
                text29                             10AC     10AC       10        4       0
                text28                             10D8     10D8        A        4       0
                text27                              26C      26C       D2        4       0
                text26                              C38      C38       46        4       0
                text25                              DE8      DE8       32        4       0
                text24                              F20      F20       26        4       0
                text23                              DB6      DB6       32        4       0
                text22                              F90      F90       1E        4       0
                text21                             108A     108A       12        4       0
                text20                              33E      33E       B6        4       0
                text19                              BEA      BEA       4E        4       0
                text18                             104E     104E       14        4       0
                text17                              89A      89A       6C        4       0
                text16                              ED0      ED0       28        4       0
                text15                              EA8      EA8       28        4       0
                text14                              F6C      F6C       24        4       0
                text13                              D42      D42       3C        4       0
                text12                              B42      B42       56        4       0
                text11                              3F4      3F4       B2        4       0
                text10                              554      554       9E        4       0
                text9                               E4C      E4C       30        4       0
                text8                              109C     109C       10        4       0
                text7                               68A      68A       8E        4       0
                text6                               5F2      5F2       98        4       0
                text5                              1004     1004       1A        4       0
                text4                               FCC      FCC       1C        4       0
                text3                               AEA      AEA       58        4       0
                text2                               D06      D06       3C        4       0
                text1                               4A6      4A6       AE        4       0
                text0                               142      142      12A        4       0
                cstackCOMRAM                          1        1       30        1       1
                cstackBANK0                          EA       EA        E       60       1
                cstackBANK1                         100      100        E      100       1
                bssBIGRAM                           10E      10E      208      10E       1
                dataBANK0                            D2       D2       18       60       1
                bssBANK0                             60       60       72       60       1
                bssCOMRAM                            31       31       1A        1       1
                cinit                               A90      A90       5A        4       0
                nvCOMRAM                             4B       4B        1        1       1
                idataBANK0                         101E     101E       18        4       0

TOTAL           Name                               Link     Load   Length     Space
        CLASS   STACK          

        CLASS   CODE           
                intcode                               8        8        6         0
                init                                  E        E        4         0
                reset_vec                             0        0        4         0
                text55                              FE8      FE8       1C         0
                text54                              9D2      9D2       60         0
                text53                             1076     1076       14         0
                text52                              E1A      E1A       32         0
                text51                             10BC     10BC       10         0
                text50                              718      718       8E         0
                text49                              82C      82C       6E         0
                intcode_body                        CC2      CC2       44         0
                text47                             10CC     10CC        C         0
                text46                              F46      F46       26         0
                text45                              7A6      7A6       86         0
                text44                              C7E      C7E       44         0
                text43                              A32      A32       5E         0
                text42                             10E2     10E2        A         0
                text41                              FAE      FAE       1E         0
                text40                             1036     1036       18         0
                text39                              D7E      D7E       38         0
                text38                              972      972       60         0
                text37                             1062     1062       14         0
                text36                              906      906       6C         0
                text35                               12       12      130         0
                text34                              B98      B98       52         0
                text33                              EF8      EF8       28         0
                text32                             10EE     10EE        2         0
                text31                             10EC     10EC        2         0
                text30                              E7C      E7C       2C         0
                text29                             10AC     10AC       10         0
                text28                             10D8     10D8        A         0
                text27                              26C      26C       D2         0
                text26                              C38      C38       46         0
                text25                              DE8      DE8       32         0
                text24                              F20      F20       26         0
                text23                              DB6      DB6       32         0
                text22                              F90      F90       1E         0
                text21                             108A     108A       12         0
                text20                              33E      33E       B6         0
                text19                              BEA      BEA       4E         0
                text18                             104E     104E       14         0
                text17                              89A      89A       6C         0
                text16                              ED0      ED0       28         0
                text15                              EA8      EA8       28         0
                text14                              F6C      F6C       24         0
                text13                              D42      D42       3C         0
                text12                              B42      B42       56         0
                text11                              3F4      3F4       B2         0
                text10                              554      554       9E         0
                text9                               E4C      E4C       30         0
                text8                              109C     109C       10         0
                text7                               68A      68A       8E         0
                text6                               5F2      5F2       98         0
                text5                              1004     1004       1A         0
                text4                               FCC      FCC       1C         0
                text3                               AEA      AEA       58         0
                text2                               D06      D06       3C         0
                text1                               4A6      4A6       AE         0
                text0                               142      142      12A         0
                cinit                               A90      A90       5A         0
                idataBANK0                         101E     101E       18         0

        CLASS   CONST          

        CLASS   SMALLCONST     

        CLASS   MEDIUMCONST    
                mediumconst                        7EBC     7EBC      144         0

        CLASS   COMRAM         
                temp                                 4C       4C        1         1
                cstackCOMRAM                          1        1       30         1
                bssCOMRAM                            31       31       1A         1
                nvCOMRAM                             4B       4B        1         1

        CLASS   ABS1           

        CLASS   BIGRAM         
                bssBIGRAM                           10E      10E      208         1

        CLASS   RAM            

        CLASS   BANK0          
                cstackBANK0                          EA       EA        E         1
                dataBANK0                            D2       D2       18         1
                bssBANK0                             60       60       72         1

        CLASS   BANK1          
                cstackBANK1                         100      100        E         1

        CLASS   BANK2          

        CLASS   BANK3          

        CLASS   BANK4          

        CLASS   BANK5          

        CLASS   BANK6          

        CLASS   BANK7          

        CLASS   SFR            

        CLASS   FARRAM         

        CLASS   CONFIG         
                config                           300000   300000        E         0

        CLASS   IDLOC          
                idloc                            200000   200000        8         0

        CLASS   EEDATA         
                eeprom_data                      F00000   F00000        8         0



SEGMENTS        Name                           Load    Length   Top    Selector   Space  Class

                reset_vec                      000000  000004  000004         0       0  CODE    
                cstackCOMRAM                   000001  00004C  00004D         1       1  COMRAM  
                intcode                        000008  0010E8  0010F0         4       0  CODE    
                bssBANK0                       000060  000098  0000F8        60       1  BANK0   
                cstackBANK1                    000100  00000E  00010E       100       1  BANK1   
                bssBIGRAM                      00010E  000208  000316       10E       1  BIGRAM  
                mediumconst                    007EBC  000144  008000      3F5E       0  MEDIUMCO
                idloc                          200000  000008  200008    200000       0  IDLOC   
                config                         300000  00000E  30000E    300000       0  CONFIG  
                eeprom_data                    F00000  000008  F00008    F00000       0  EEDATA  


UNUSED ADDRESS RANGES

        Name                Unused          Largest block    Delta
        BANK0            0000F8-0000FF                8
        BANK3            000316-0003FF               EA
        BANK4            000400-0004FF              100
        BANK5            000500-0005FF              100
        BANK6            000600-0006FF              100
        BANK7            000700-0007FF              100
        BIGRAM           00004D-00005F               13
                         0000F8-0000FF                8
                         000316-0007FF              4EA
        CODE             000004-000007                4
                         0010F0-007EBB             6DCC
        COMRAM           00004D-00005F               13
        CONST            000004-000007                4
                         0010F0-007EBB             6DCC
        EEDATA           F00008-F000FF               F8
        MEDIUMCONST      0010F0-007EBB             6DCC
        RAM              0000F8-0000FF                8
                         000316-0007FF              100
        SFR              000F60-000FFF               A0
        SMALLCONST       0010F0-007EBB              100
        STACK            000316-0007FF              4EA

                                  Symbol Table

?_printf                                        cstackBANK0  0000F0
?_receiveMessage                                cstackCOMRAM 000019
?_vfpfcnvrt                                     cstackCOMRAM 000025
?_vfprintf                                      cstackBANK0  0000EA
_ADCON1                                         (abs)        000FC1
_CREN                                           (abs)        007D5C
_EventDumpSolenoidCallBack                      text28       0010D8
_EventFaultStateLEDCallBack                     text27       00026C
_EventFaultStateLEDCallBack$217                 cstackCOMRAM 000018
_EventFaultStateLEDCallBack$218                 cstackCOMRAM 00001A
_EventFaultStateLEDCallBack$219                 cstackCOMRAM 00001C
_EventIdleTimeoutCallBack                       text26       000C38
_EventLowFogPressureCallBack                    text25       000DE8
_EventLowWaterLevelCallBack                     text24       000F20
_EventLowWaterPressureCallBack                  text23       000DB6
_EventLowWaterPressureDebounceCallBack          text22       000F90
_EventPODebounceCallBack                        text21       00108A
_EventRunSignalDebounceCallBack                 text29       0010AC
_GIE                                            (abs)        007F97
_IRCF0                                          (abs)        007E9C
_IRCF1                                          (abs)        007E9D
_IRCF2                                          (abs)        007E9E
_OERR                                           (abs)        007D59
_PCFG3                                          (abs)        007E0B
_PEIE                                           (abs)        007F96
_PORTA                                          (abs)        000F80
_PORTAbits                                      (abs)        000F80
_PORTB                                          (abs)        000F81
_PORTCbits                                      (abs)        000F82
_PORTD                                          (abs)        000F83
_PORTEbits                                      (abs)        000F84
_PumpStateMappings                              dataBANK0    0000D2
_RBPU                                           (abs)        007F8F
_RCIE                                           (abs)        007CED
_RCIF                                           (abs)        007CF5
_RCREG                                          (abs)        000FAE
_RCSTA                                          (abs)        000FAB
_SPBRG                                          (abs)        000FAF
_SPEN                                           (abs)        007D5F
_SYNC                                           (abs)        007D64
_T0CS                                           (abs)        007EAD
_TMR0IE                                         (abs)        007F95
_TMR0IF                                         (abs)        007F92
_TRISA                                          (abs)        000F92
_TRISAbits                                      (abs)        000F92
_TRISB                                          (abs)        000F93
_TRISC6                                         (abs)        007CA6
_TRISC7                                         (abs)        007CA7
_TRISCbits                                      (abs)        000F94
_TRISD                                          (abs)        000F95
_TRISEbits                                      (abs)        000F96
_TRMT                                           (abs)        007D61
_TX9                                            (abs)        007D66
_TXEN                                           (abs)        007D65
_TXIE                                           (abs)        007CEC
_TXIF                                           (abs)        007CF4
_TXREG                                          (abs)        000FAD
_TXSTA                                          (abs)        000FAC
__CFG_BOR$ON                                    (abs)        000000
__CFG_BORV$1                                    (abs)        000000
__CFG_CCP2MX$ON                                 (abs)        000000
__CFG_CP0$OFF                                   (abs)        000000
__CFG_CP1$OFF                                   (abs)        000000
__CFG_CP2$OFF                                   (abs)        000000
__CFG_CP3$OFF                                   (abs)        000000
__CFG_CPB$OFF                                   (abs)        000000
__CFG_CPD$OFF                                   (abs)        000000
__CFG_CPUDIV$OSC1_PLL2                          (abs)        000000
__CFG_EBTR0$OFF                                 (abs)        000000
__CFG_EBTR1$OFF                                 (abs)        000000
__CFG_EBTR2$OFF                                 (abs)        000000
__CFG_EBTR3$OFF                                 (abs)        000000
__CFG_EBTRB$OFF                                 (abs)        000000
__CFG_FCMEN$OFF                                 (abs)        000000
__CFG_FOSC$INTOSCIO_EC                          (abs)        000000
__CFG_ICPRT$OFF                                 (abs)        000000
__CFG_IESO$OFF                                  (abs)        000000
__CFG_LPT1OSC$OFF                               (abs)        000000
__CFG_LVP$ON                                    (abs)        000000
__CFG_MCLRE$ON                                  (abs)        000000
__CFG_PBADEN$OFF                                (abs)        000000
__CFG_PLLDIV$1                                  (abs)        000000
__CFG_PWRT$OFF                                  (abs)        000000
__CFG_STVREN$ON                                 (abs)        000000
__CFG_USBDIV$1                                  (abs)        000000
__CFG_VREGEN$OFF                                (abs)        000000
__CFG_WDT$OFF                                   (abs)        000000
__CFG_WDTPS$32768                               (abs)        000000
__CFG_WRT0$OFF                                  (abs)        000000
__CFG_WRT1$OFF                                  (abs)        000000
__CFG_WRT2$OFF                                  (abs)        000000
__CFG_WRT3$OFF                                  (abs)        000000
__CFG_WRTB$OFF                                  (abs)        000000
__CFG_WRTC$OFF                                  (abs)        000000
__CFG_WRTD$OFF                                  (abs)        000000
__CFG_XINST$OFF                                 (abs)        000000
__HRAM                                          (abs)        000000
__Habs1                                         abs1         000000
__Hbank0                                        bank0        000000
__Hbank1                                        bank1        000000
__Hbank2                                        bank2        000000
__Hbank3                                        bank3        000000
__Hbank4                                        bank4        000000
__Hbank5                                        bank5        000000
__Hbank6                                        bank6        000000
__Hbank7                                        bank7        000000
__Hbigbss                                       bigbss       000000
__Hbigdata                                      bigdata      000000
__Hbigram                                       bigram       000000
__Hbss                                          bss          000000
__HbssBANK0                                     bssBANK0     000000
__HbssBIGRAM                                    bssBIGRAM    000000
__HbssCOMRAM                                    bssCOMRAM    000000
__Hcinit                                        cinit        000000
__Hclrtext                                      clrtext      000000
__Hcomram                                       comram       000000
__Hconfig                                       config       30000E
__Hconst                                        const        000000
__HcstackBANK0                                  cstackBANK0  000000
__HcstackBANK1                                  cstackBANK1  000000
__HcstackCOMRAM                                 cstackCOMRAM 000000
__Hdata                                         data         000000
__HdataBANK0                                    dataBANK0    000000
__Heeprom_data                                  eeprom_data  F00008
__Hfarbss                                       farbss       000000
__Hfardata                                      fardata      000000
__Hibigdata                                     ibigdata     000000
__Hidata                                        idata        000000
__HidataBANK0                                   idataBANK0   000000
__Hidloc                                        idloc        200008
__Hifardata                                     ifardata     000000
__Hinit                                         init         000012
__Hintcode                                      intcode      00000E
__Hintcode_body                                 intcode_body 000000
__Hintcodelo                                    intcodelo    00000E
__Hintentry                                     intentry     000000
__Hintret                                       intret       000000
__Hintsave_regs                                 intsave_regs 000000
__Hirdata                                       irdata       000000
__Hmediumconst                                  mediumconst  008000
__HnvCOMRAM                                     nvCOMRAM     000000
__HnvFARRAM                                     nvFARRAM     000000
__Hnvbit                                        nvbit        000000
__Hnvrram                                       nvrram       000000
__Hparam                                        rparam       000000
__Hpowerup                                      powerup      00000E
__Hram                                          ram          000000
__Hramtop                                       ramtop       000800
__Hrbit                                         rbit         000000
__Hrbss                                         rbss         000000
__Hrdata                                        rdata        000000
__Hreset_vec                                    reset_vec    000004
__Hrparam                                       rparam       000000
__Hsfr                                          sfr          000000
__Hsmallconst                                   smallconst   000000
__Hspace_0                                      (abs)        F00008
__Hspace_1                                      (abs)        000316
__Hspace_2                                      (abs)        000000
__Hstack                                        stack        000000
__Hstruct                                       struct       000000
__Htemp                                         temp         00004D
__Htext                                         text         000000
__Htext0                                        text0        000000
__Htext1                                        text1        000000
__Htext10                                       text10       000000
__Htext11                                       text11       000000
__Htext12                                       text12       000000
__Htext13                                       text13       000000
__Htext14                                       text14       000000
__Htext15                                       text15       000000
__Htext16                                       text16       000000
__Htext17                                       text17       000000
__Htext18                                       text18       000000
__Htext19                                       text19       000000
__Htext2                                        text2        000000
__Htext20                                       text20       000000
__Htext21                                       text21       000000
__Htext22                                       text22       000000
__Htext23                                       text23       000000
__Htext24                                       text24       000000
__Htext25                                       text25       000000
__Htext26                                       text26       000000
__Htext27                                       text27       000000
__Htext28                                       text28       000000
__Htext29                                       text29       000000
__Htext3                                        text3        000000
__Htext30                                       text30       000000
__Htext31                                       text31       000000
__Htext32                                       text32       000000
__Htext33                                       text33       000000
__Htext34                                       text34       000000
__Htext35                                       text35       000000
__Htext36                                       text36       000000
__Htext37                                       text37       000000
__Htext38                                       text38       000000
__Htext39                                       text39       000000
__Htext4                                        text4        000000
__Htext40                                       text40       000000
__Htext41                                       text41       000000
__Htext42                                       text42       000000
__Htext43                                       text43       000000
__Htext44                                       text44       000000
__Htext45                                       text45       000000
__Htext46                                       text46       000000
__Htext47                                       text47       000000
__Htext49                                       text49       000000
__Htext5                                        text5        000000
__Htext50                                       text50       000000
__Htext51                                       text51       000000
__Htext52                                       text52       000000
__Htext53                                       text53       000000
__Htext54                                       text54       000000
__Htext55                                       text55       000000
__Htext56                                       text56       000000
__Htext6                                        text6        000000
__Htext7                                        text7        000000
__Htext8                                        text8        000000
__Htext9                                        text9        000000
__LRAM                                          (abs)        000001
__Labs1                                         abs1         000000
__Lbank0                                        bank0        000000
__Lbank1                                        bank1        000000
__Lbank2                                        bank2        000000
__Lbank3                                        bank3        000000
__Lbank4                                        bank4        000000
__Lbank5                                        bank5        000000
__Lbank6                                        bank6        000000
__Lbank7                                        bank7        000000
__Lbigbss                                       bigbss       000000
__Lbigdata                                      bigdata      000000
__Lbigram                                       bigram       000000
__Lbss                                          bss          000000
__LbssBANK0                                     bssBANK0     000000
__LbssBIGRAM                                    bssBIGRAM    000000
__LbssCOMRAM                                    bssCOMRAM    000000
__Lcinit                                        cinit        000000
__Lclrtext                                      clrtext      000000
__Lcomram                                       comram       000000
__Lconfig                                       config       300000
__Lconst                                        const        000000
__LcstackBANK0                                  cstackBANK0  000000
__LcstackBANK1                                  cstackBANK1  000000
__LcstackCOMRAM                                 cstackCOMRAM 000000
__Ldata                                         data         000000
__LdataBANK0                                    dataBANK0    000000
__Leeprom_data                                  eeprom_data  F00000
__Lfarbss                                       farbss       000000
__Lfardata                                      fardata      000000
__Libigdata                                     ibigdata     000000
__Lidata                                        idata        000000
__LidataBANK0                                   idataBANK0   000000
__Lidloc                                        idloc        200000
__Lifardata                                     ifardata     000000
__Linit                                         init         00000E
__Lintcode                                      intcode      000008
__Lintcode_body                                 intcode_body 000000
__Lintcodelo                                    intcodelo    00000E
__Lintentry                                     intentry     000000
__Lintret                                       intret       000000
__Lintsave_regs                                 intsave_regs 000000
__Lirdata                                       irdata       000000
__Lmediumconst                                  mediumconst  007EBC
__LnvCOMRAM                                     nvCOMRAM     000000
__LnvFARRAM                                     nvFARRAM     000000
__Lnvbit                                        nvbit        000000
__Lnvrram                                       nvrram       000000
__Lparam                                        rparam       000000
__Lpowerup                                      powerup      00000E
__Lram                                          ram          000000
__Lramtop                                       ramtop       000800
__Lrbit                                         rbit         000000
__Lrbss                                         rbss         000000
__Lrdata                                        rdata        000000
__Lreset_vec                                    reset_vec    000000
__Lrparam                                       rparam       000000
__Lsfr                                          sfr          000000
__Lsmallconst                                   smallconst   000000
__Lspace_0                                      (abs)        000000
__Lspace_1                                      (abs)        000000
__Lspace_2                                      (abs)        000000
__Lstack                                        stack        000000
__Lstruct                                       struct       000000
__Ltemp                                         temp         00004C
__Ltext                                         text         000000
__Ltext0                                        text0        000000
__Ltext1                                        text1        000000
__Ltext10                                       text10       000000
__Ltext11                                       text11       000000
__Ltext12                                       text12       000000
__Ltext13                                       text13       000000
__Ltext14                                       text14       000000
__Ltext15                                       text15       000000
__Ltext16                                       text16       000000
__Ltext17                                       text17       000000
__Ltext18                                       text18       000000
__Ltext19                                       text19       000000
__Ltext2                                        text2        000000
__Ltext20                                       text20       000000
__Ltext21                                       text21       000000
__Ltext22                                       text22       000000
__Ltext23                                       text23       000000
__Ltext24                                       text24       000000
__Ltext25                                       text25       000000
__Ltext26                                       text26       000000
__Ltext27                                       text27       000000
__Ltext28                                       text28       000000
__Ltext29                                       text29       000000
__Ltext3                                        text3        000000
__Ltext30                                       text30       000000
__Ltext31                                       text31       000000
__Ltext32                                       text32       000000
__Ltext33                                       text33       000000
__Ltext34                                       text34       000000
__Ltext35                                       text35       000000
__Ltext36                                       text36       000000
__Ltext37                                       text37       000000
__Ltext38                                       text38       000000
__Ltext39                                       text39       000000
__Ltext4                                        text4        000000
__Ltext40                                       text40       000000
__Ltext41                                       text41       000000
__Ltext42                                       text42       000000
__Ltext43                                       text43       000000
__Ltext44                                       text44       000000
__Ltext45                                       text45       000000
__Ltext46                                       text46       000000
__Ltext47                                       text47       000000
__Ltext49                                       text49       000000
__Ltext5                                        text5        000000
__Ltext50                                       text50       000000
__Ltext51                                       text51       000000
__Ltext52                                       text52       000000
__Ltext53                                       text53       000000
__Ltext54                                       text54       000000
__Ltext55                                       text55       000000
__Ltext56                                       text56       000000
__Ltext6                                        text6        000000
__Ltext7                                        text7        000000
__Ltext8                                        text8        000000
__Ltext9                                        text9        000000
__S0                                            (abs)        F00008
__S1                                            (abs)        000316
__S2                                            (abs)        000000
___inthi_sp                                     stack        000000
___intlo_sp                                     stack        000000
___param_bank                                   (abs)        000000
___rparam_used                                  (abs)        000001
___sp                                           stack        000000
__accesstop                                     (abs)        000060
__activetblptr                                  (abs)        000002
__end_of_EventDumpSolenoidCallBack              text28       0010E2
__end_of_EventFaultStateLEDCallBack             text27       00033E
__end_of_EventIdleTimeoutCallBack               text26       000C7E
__end_of_EventLowFogPressureCallBack            text25       000E1A
__end_of_EventLowWaterLevelCallBack             text24       000F46
__end_of_EventLowWaterPressureCallBack          text23       000DE8
__end_of_EventLowWaterPressureDebounceCallBack  text22       000FAE
__end_of_EventPODebounceCallBack                text21       00109C
__end_of_EventRunSignalDebounceCallBack         text29       0010BC
__end_of__initialization                        cinit        000ADC
__end_of_chartox                                text18       001062
__end_of_checkIfShoudReset                      text41       000FCC
__end_of_clear_callback                         text40       00104E
__end_of_clear_callback_for_shutdown            text30       000EA8
__end_of_combineZones                           text47       0010D8
__end_of_enable_callback                        text44       000CC2
__end_of_event_timer_isr                        intcode_body 000D06
__end_of_fputc                                  text36       000972
__end_of_has_data                               text8        0010AC
__end_of_init                                   text45       00082C
__end_of_init_event_timer                       text43       000A90
__end_of_main                                   text0        00026C
__end_of_monitor_pump_run                       text10       0005F2
__end_of_monitor_water_pressure                 text39       000DB6
__end_of_not_full                               text55       001004
__end_of_output_message                         text19       000C38
__end_of_pop                                    text7        000718
__end_of_printFaultState                        text32       0010F0
__end_of_printPumpState                         text31       0010EE
__end_of_printf                                 text33       000F20
__end_of_process_event_timer                    text20       0003F4
__end_of_process_get_status_message             text16       000EF8
__end_of_process_message                        text11       0004A6
__end_of_process_reset_pump                     text15       000ED0
__end_of_process_set_address_message            text14       000F90
__end_of_process_set_zones_message              text12       000B98
__end_of_pump_run                               text9        000E7C
__end_of_push                                   text38       0009D2
__end_of_putch                                  text37       001076
__end_of_puts                                   text52       000E4C
__end_of_receiveMessage                         text6        00068A
__end_of_resetPump                              text42       0010EC
__end_of_ser_int                                text46       000F6C
__end_of_serial_process_loop                    text5        00101E
__end_of_setBaseMessage                         text17       000906
__end_of_shutdown                               text4        000FE8
__end_of_standby                                text3        000B42
__end_of_start_main                             text2        000D42
__end_of_start_pump                             text1        000554
__end_of_usart_interrupt                        text49       00089A
__end_of_vfpfcnvrt                              text35       000142
__end_of_vfprintf                               text34       000BEA
__end_of_xtochar                                text13       000D7E
__end_ofi2_has_data                             text51       0010CC
__end_ofi2_pop                                  text50       0007A6
__end_ofi2_push                                 text54       000A32
__end_ofi2_putch                                text53       00108A
__initialization                                cinit        000A90
__mediumconst                                   mediumconst  007EBC
__pbssBANK0                                     bssBANK0     000060
__pbssBIGRAM                                    bssBIGRAM    00010E
__pbssCOMRAM                                    bssCOMRAM    000031
__pcinit                                        cinit        000A90
__pcstackBANK0                                  cstackBANK0  0000EA
__pcstackBANK1                                  cstackBANK1  000100
__pcstackCOMRAM                                 cstackCOMRAM 000001
__pdataBANK0                                    dataBANK0    0000D2
__pidataBANK0                                   idataBANK0   00101E
__pintcode                                      intcode      000008
__pintcode_body                                 intcode_body 000CC2
__pmediumconst                                  mediumconst  007EBC
__pnvCOMRAM                                     nvCOMRAM     00004B
__ptext0                                        text0        000142
__ptext1                                        text1        0004A6
__ptext10                                       text10       000554
__ptext11                                       text11       0003F4
__ptext12                                       text12       000B42
__ptext13                                       text13       000D42
__ptext14                                       text14       000F6C
__ptext15                                       text15       000EA8
__ptext16                                       text16       000ED0
__ptext17                                       text17       00089A
__ptext18                                       text18       00104E
__ptext19                                       text19       000BEA
__ptext2                                        text2        000D06
__ptext20                                       text20       00033E
__ptext21                                       text21       00108A
__ptext22                                       text22       000F90
__ptext23                                       text23       000DB6
__ptext24                                       text24       000F20
__ptext25                                       text25       000DE8
__ptext26                                       text26       000C38
__ptext27                                       text27       00026C
__ptext28                                       text28       0010D8
__ptext29                                       text29       0010AC
__ptext3                                        text3        000AEA
__ptext30                                       text30       000E7C
__ptext31                                       text31       0010EC
__ptext32                                       text32       0010EE
__ptext33                                       text33       000EF8
__ptext34                                       text34       000B98
__ptext35                                       text35       000012
__ptext36                                       text36       000906
__ptext37                                       text37       001062
__ptext38                                       text38       000972
__ptext39                                       text39       000D7E
__ptext4                                        text4        000FCC
__ptext40                                       text40       001036
__ptext41                                       text41       000FAE
__ptext42                                       text42       0010E2
__ptext43                                       text43       000A32
__ptext44                                       text44       000C7E
__ptext45                                       text45       0007A6
__ptext46                                       text46       000F46
__ptext47                                       text47       0010CC
__ptext49                                       text49       00082C
__ptext5                                        text5        001004
__ptext50                                       text50       000718
__ptext51                                       text51       0010BC
__ptext52                                       text52       000E1A
__ptext53                                       text53       001076
__ptext54                                       text54       0009D2
__ptext55                                       text55       000FE8
__ptext56                                       text56       000000
__ptext6                                        text6        0005F2
__ptext7                                        text7        00068A
__ptext8                                        text8        00109C
__ptext9                                        text9        000E4C
__ramtop                                        ramtop       000800
__size_of_EventDumpSolenoidCallBack             (abs)        000000
__size_of_EventFaultStateLEDCallBack            (abs)        000000
__size_of_EventIdleTimeoutCallBack              (abs)        000000
__size_of_EventLowFogPressureCallBack           (abs)        000000
__size_of_EventLowWaterLevelCallBack            (abs)        000000
__size_of_EventLowWaterPressureCallBack         (abs)        000000
__size_of_EventLowWaterPressureDebounceCallBack (abs)        000000
__size_of_EventPODebounceCallBack               (abs)        000000
__size_of_EventRunSignalDebounceCallBack        (abs)        000000
__size_of_chartox                               (abs)        000000
__size_of_checkIfShoudReset                     (abs)        000000
__size_of_clear_callback                        (abs)        000000
__size_of_clear_callback_for_shutdown           (abs)        000000
__size_of_combineZones                          (abs)        000000
__size_of_enable_callback                       (abs)        000000
__size_of_event_timer_isr                       (abs)        000000
__size_of_fputc                                 (abs)        000000
__size_of_has_data                              (abs)        000000
__size_of_init                                  (abs)        000000
__size_of_init_event_timer                      (abs)        000000
__size_of_main                                  (abs)        000000
__size_of_monitor_pump_run                      (abs)        000000
__size_of_monitor_water_pressure                (abs)        000000
__size_of_not_full                              (abs)        000000
__size_of_output_message                        (abs)        000000
__size_of_pop                                   (abs)        000000
__size_of_printFaultState                       (abs)        000000
__size_of_printPumpState                        (abs)        000000
__size_of_printf                                (abs)        000000
__size_of_process_event_timer                   (abs)        000000
__size_of_process_get_status_message            (abs)        000000
__size_of_process_message                       (abs)        000000
__size_of_process_reset_pump                    (abs)        000000
__size_of_process_set_address_message           (abs)        000000
__size_of_process_set_zones_message             (abs)        000000
__size_of_pump_run                              (abs)        000000
__size_of_push                                  (abs)        000000
__size_of_putch                                 (abs)        000000
__size_of_puts                                  (abs)        000000
__size_of_receiveMessage                        (abs)        000000
__size_of_resetPump                             (abs)        000000
__size_of_ser_int                               (abs)        000000
__size_of_serial_process_loop                   (abs)        000000
__size_of_setBaseMessage                        (abs)        000000
__size_of_shutdown                              (abs)        000000
__size_of_standby                               (abs)        000000
__size_of_start_main                            (abs)        000000
__size_of_start_pump                            (abs)        000000
__size_of_usart_interrupt                       (abs)        000000
__size_of_vfpfcnvrt                             (abs)        000000
__size_of_vfprintf                              (abs)        000000
__size_of_xtochar                               (abs)        000000
__size_ofi2_has_data                            (abs)        000000
__size_ofi2_pop                                 (abs)        000000
__size_ofi2_push                                (abs)        000000
__size_ofi2_putch                               (abs)        000000
__smallconst                                    smallconst   000000
_chartox                                        text18       00104E
_checkIfShoudReset                              text41       000FAE
_clear_callback                                 text40       001036
_clear_callback_for_shutdown                    text30       000E7C
_combineZones                                   text47       0010CC
_combinedZones                                  nvCOMRAM     00004B
_commsZones                                     bssCOMRAM    00003E
_enable_callback                                text44       000C7E
_event_timer_isr                                intcode      000008
_fault_flags                                    bssCOMRAM    00003B
_flags                                          bssCOMRAM    000037
_fputc                                          text36       000906
_has_data                                       text8        00109C
_inIdleDumpHour                                 bssCOMRAM    00003F
_inbound                                        bssBIGRAM    00010E
_init                                           text45       0007A6
_init_event_timer                               text43       000A32
_main                                           text0        000142
_monitor_pump_run                               text10       000554
_monitor_water_pressure                         text39       000D7E
_not_full                                       text55       000FE8
_nout                                           bssCOMRAM    000031
_outbound                                       bssBIGRAM    000212
_outputMessage                                  bssCOMRAM    000041
_output_message                                 text19       000BEA
_pop                                            text7        00068A
_prec                                           bssCOMRAM    000035
_printFaultState                                text32       0010EE
_printPumpState                                 text31       0010EC
_printf                                         text33       000EF8
_process_event_timer                            text20       00033E
_process_get_status_message                     text16       000ED0
_process_message                                text11       0003F4
_process_reset_pump                             text15       000EA8
_process_set_address_message                    text14       000F6C
_process_set_zones_message                      text12       000B42
_pump_run                                       text9        000E4C
_push                                           text38       000972
_putch                                          text37       001062
_puts                                           text52       000E1A
_receiveMessage                                 text6        0005F2
_resetPump                                      text42       0010E2
_ser_int                                        text46       000F46
_serial_process_loop                            text5        001004
_setBaseMessage                                 text17       00089A
_shutdown                                       text4        000FCC
_standby                                        text3        000AEA
_start_main                                     text2        000D06
_start_pump                                     text1        0004A6
_state                                          bssCOMRAM    000040
_timer_count                                    bssCOMRAM    00003D
_timer_events                                   bssBANK0     000060
_usart_interrupt                                text49       00082C
_vfpfcnvrt                                      text35       000012
_vfprintf                                       text34       000B98
_width                                          bssCOMRAM    000033
_xtochar                                        text13       000D42
btemp                                           temp         00004C
chartox@c                                       cstackCOMRAM 000014
clear_callback@callback                         cstackCOMRAM 000014
enable_callback@callback                        cstackCOMRAM 000016
enable_callback@time_delay                      cstackCOMRAM 000014
end_of_initialization                           cinit        000ADC
fputc@c                                         cstackCOMRAM 00001C
fputc@fp                                        cstackCOMRAM 00001E
has_data@buff                                   cstackCOMRAM 000014
i2_has_data                                     text51       0010BC
i2_pop                                          text50       000718
i2_push                                         text54       0009D2
i2_putch                                        text53       001076
i2has_data@buff                                 cstackCOMRAM 000001
i2pop@buff                                      cstackCOMRAM 000001
i2pop@d                                         cstackCOMRAM 000005
i2push@buff                                     cstackCOMRAM 000001
i2push@d                                        cstackCOMRAM 000003
i2putch@c                                       cstackCOMRAM 000008
int$flags                                       temp         00004C
int_func                                        intcode_body 000CC2
intlevel0                                       text         000000
intlevel1                                       text         000000
intlevel2                                       text         000000
intlevel3                                       text         000000
main@F3636                                      dataBANK0    0000E0
main@message                                    cstackBANK1  00010A
main@msg_counter                                cstackBANK1  00010C
main@sendGetMessageBuffer                       cstackBANK1  000100
not_full@buff                                   cstackCOMRAM 000001
output_message@i                                cstackCOMRAM 00001E
output_message@message                          cstackCOMRAM 00001C
pop@buff                                        cstackCOMRAM 000014
pop@d                                           cstackCOMRAM 000018
printf@ap                                       cstackBANK0  0000F4
printf@fmt                                      cstackBANK0  0000F0
process_event_timer@i                           cstackCOMRAM 000020
process_get_status_message@inmessage            cstackCOMRAM 000020
process_message@inmessage                       cstackCOMRAM 000023
process_message@msgType                         cstackCOMRAM 000027
process_reset_pump@inmessage                    cstackCOMRAM 000020
process_set_address_message@inmessage           cstackCOMRAM 000020
process_set_zones_message@inmessage             cstackCOMRAM 000020
push@buff                                       cstackCOMRAM 000014
push@d                                          cstackCOMRAM 000016
putch@c                                         cstackCOMRAM 00001B
puts@c                                          cstackCOMRAM 00000B
puts@str                                        cstackCOMRAM 000009
receiveMessage@c                                cstackCOMRAM 00001B
receiveMessage@len                              bssCOMRAM    000039
receiveMessage@message                          bssBANK0     0000C8
setBaseMessage@messageType                      cstackCOMRAM 000019
setBaseMessage@msgAddress                       cstackCOMRAM 000015
setBaseMessage@v                                cstackCOMRAM 00001A
stackhi                                         (abs)        0007FF
stacklo                                         (abs)        000316
start                                           init         00000E
start_initialization                            cinit        000A90
ttemp5                                          temp         00004D
ttemp6                                          temp         000050
ttemp7                                          temp         000054
usart_interrupt@a                               cstackCOMRAM 00000D
vfpfcnvrt@ap                                    cstackCOMRAM 000029
vfpfcnvrt@fmt                                   cstackCOMRAM 000027
vfpfcnvrt@fp                                    cstackCOMRAM 000025
vfpfcnvrt@vp                                    cstackCOMRAM 00002D
vfprintf@ap                                     cstackBANK0  0000EE
vfprintf@cfmt                                   cstackCOMRAM 00002F
vfprintf@fmt                                    cstackBANK0  0000EC
vfprintf@fp                                     cstackBANK0  0000EA
wtemp8                                          temp         00004D
xtochar@x                                       cstackCOMRAM 000014


FUNCTION INFORMATION:

 *************** function _main *****************
 Defined at:
		line 264 in file "pump_control.c"
 Parameters:    Size  Location     Type
		None
 Auto vars:     Size  Location     Type
  sendGetMessa   10    0[BANK1 ] unsigned char [10]
  msg_counter     2   12[BANK1 ] unsigned int 
  message         2   10[BANK1 ] PTR unsigned char 
		 -> receiveMessage@message(10), NULL(0), 
 Return value:  Size  Location     Type
                  1    wreg      void 
 Registers used:
		wreg, fsr1l, fsr1h, fsr2l, fsr2h, status,2, status,0, pclath, tosl, tblptrl, tblptrh, tblptru, prodl, prodh, cstack
 Tracked objects:
		On entry : 
		On exit  : 
		Unchanged: 
 Data sizes:     COMRAM   BANK0   BANK1   BANK2   BANK3   BANK4   BANK5   BANK6   BANK7
      Params:         0       0       0       0       0       0       0       0       0
      Locals:         0       0      14       0       0       0       0       0       0
      Temps:          0       2       0       0       0       0       0       0       0
      Totals:         0       2      14       0       0       0       0       0       0
Total ram usage:       16 bytes
 Hardware stack levels required when called:   12
 This function calls:
		_checkIfShoudReset
		_clear_callback
		_combineZones
		_enable_callback
		_init
		_init_event_timer
		_monitor_water_pressure
		_printFaultState
		_printPumpState
		_printf
		_process_event_timer
		_process_get_status_message
		_process_message
		_pump_run
		_receiveMessage
		_ser_int
		_serial_process_loop
		_shutdown
		_standby
		_start_main
		_start_pump
 This function is called by:
		Startup code after reset
 This function uses a non-reentrant model


 *************** function _start_pump *****************
 Defined at:
		line 3 in file "start_pump_state.c"
 Parameters:    Size  Location     Type
		None
 Auto vars:     Size  Location     Type
		None
 Return value:  Size  Location     Type
                  1    wreg      void 
 Registers used:
		wreg, fsr2l, fsr2h, status,2, status,0, prodl, prodh, cstack
 Tracked objects:
		On entry : 
		On exit  : 
		Unchanged: 
 Data sizes:     COMRAM   BANK0   BANK1   BANK2   BANK3   BANK4   BANK5   BANK6   BANK7
      Params:         0       0       0       0       0       0       0       0       0
      Locals:         0       0       0       0       0       0       0       0       0
      Temps:          0       0       0       0       0       0       0       0       0
      Totals:         0       0       0       0       0       0       0       0       0
Total ram usage:        0 bytes
 Hardware stack levels used:    1
 Hardware stack levels required when called:    7
 This function calls:
		_clear_callback
		_clear_callback_for_shutdown
		_enable_callback
 This function is called by:
		_main
 This function uses a non-reentrant model


 *************** function _start_main *****************
 Defined at:
		line 4 in file "start_main.c"
 Parameters:    Size  Location     Type
		None
 Auto vars:     Size  Location     Type
		None
 Return value:  Size  Location     Type
                  1    wreg      void 
 Registers used:
		wreg, fsr2l, fsr2h, status,2, status,0, prodl, prodh, cstack
 Tracked objects:
		On entry : 
		On exit  : 
		Unchanged: 
 Data sizes:     COMRAM   BANK0   BANK1   BANK2   BANK3   BANK4   BANK5   BANK6   BANK7
      Params:         0       0       0       0       0       0       0       0       0
      Locals:         0       0       0       0       0       0       0       0       0
      Temps:          0       0       0       0       0       0       0       0       0
      Totals:         0       0       0       0       0       0       0       0       0
Total ram usage:        0 bytes
 Hardware stack levels used:    1
 Hardware stack levels required when called:    7
 This function calls:
		_clear_callback
		_enable_callback
		_monitor_pump_run
 This function is called by:
		_main
 This function uses a non-reentrant model


 *************** function _standby *****************
 Defined at:
		line 3 in file "standby_state.c"
 Parameters:    Size  Location     Type
		None
 Auto vars:     Size  Location     Type
		None
 Return value:  Size  Location     Type
                  1    wreg      void 
 Registers used:
		wreg, fsr2l, fsr2h, status,2, status,0, prodl, prodh, cstack
 Tracked objects:
		On entry : 
		On exit  : 
		Unchanged: 
 Data sizes:     COMRAM   BANK0   BANK1   BANK2   BANK3   BANK4   BANK5   BANK6   BANK7
      Params:         0       0       0       0       0       0       0       0       0
      Locals:         0       0       0       0       0       0       0       0       0
      Temps:          0       0       0       0       0       0       0       0       0
      Totals:         0       0       0       0       0       0       0       0       0
Total ram usage:        0 bytes
 Hardware stack levels used:    1
 Hardware stack levels required when called:    6
 This function calls:
		_clear_callback
		_enable_callback
 This function is called by:
		_main
 This function uses a non-reentrant model


 *************** function _shutdown *****************
 Defined at:
		line 4 in file "shutdown_state.c"
 Parameters:    Size  Location     Type
		None
 Auto vars:     Size  Location     Type
		None
 Return value:  Size  Location     Type
                  1    wreg      void 
 Registers used:
		wreg, fsr2l, fsr2h, status,2, status,0, prodl, prodh, cstack
 Tracked objects:
		On entry : 
		On exit  : 
		Unchanged: 
 Data sizes:     COMRAM   BANK0   BANK1   BANK2   BANK3   BANK4   BANK5   BANK6   BANK7
      Params:         0       0       0       0       0       0       0       0       0
      Locals:         0       0       0       0       0       0       0       0       0
      Temps:          0       0       0       0       0       0       0       0       0
      Totals:         0       0       0       0       0       0       0       0       0
Total ram usage:        0 bytes
 Hardware stack levels used:    1
 Hardware stack levels required when called:    6
 This function calls:
		_enable_callback
 This function is called by:
		_main
 This function uses a non-reentrant model


 *************** function _serial_process_loop *****************
 Defined at:
		line 106 in file "serial.c"
 Parameters:    Size  Location     Type
		None
 Auto vars:     Size  Location     Type
		None
 Return value:  Size  Location     Type
                  1    wreg      void 
 Registers used:
		wreg, fsr2l, fsr2h, status,2, status,0, cstack
 Tracked objects:
		On entry : 
		On exit  : 
		Unchanged: 
 Data sizes:     COMRAM   BANK0   BANK1   BANK2   BANK3   BANK4   BANK5   BANK6   BANK7
      Params:         0       0       0       0       0       0       0       0       0
      Locals:         0       0       0       0       0       0       0       0       0
      Temps:          0       0       0       0       0       0       0       0       0
      Totals:         0       0       0       0       0       0       0       0       0
Total ram usage:        0 bytes
 Hardware stack levels used:    1
 Hardware stack levels required when called:    6
 This function calls:
		_has_data
 This function is called by:
		_main
 This function uses a non-reentrant model


 *************** function _receiveMessage *****************
 Defined at:
		line 222 in file "serial.c"
 Parameters:    Size  Location     Type
		None
 Auto vars:     Size  Location     Type
  c               1   26[COMRAM] unsigned char 
 Return value:  Size  Location     Type
                  2   24[COMRAM] PTR unsigned char 
 Registers used:
		wreg, fsr2l, fsr2h, status,2, status,0, cstack
 Tracked objects:
		On entry : 
		On exit  : 
		Unchanged: 
 Data sizes:     COMRAM   BANK0   BANK1   BANK2   BANK3   BANK4   BANK5   BANK6   BANK7
      Params:         2       0       0       0       0       0       0       0       0
      Locals:         1       0       0       0       0       0       0       0       0
      Temps:          0       0       0       0       0       0       0       0       0
      Totals:         3       0       0       0       0       0       0       0       0
Total ram usage:        3 bytes
 Hardware stack levels used:    1
 Hardware stack levels required when called:    6
 This function calls:
		_has_data
		_pop
 This function is called by:
		_main
 This function uses a non-reentrant model


 *************** function _pop *****************
 Defined at:
		line 27 in file "serial_buffer.c"
 Parameters:    Size  Location     Type
  buff            2   19[COMRAM] PTR struct .
		 -> inbound(260), outbound(260), 
 Auto vars:     Size  Location     Type
  d               1   23[COMRAM] unsigned char 
 Return value:  Size  Location     Type
                  1    wreg      unsigned char 
 Registers used:
		wreg, fsr2l, fsr2h, status,2, status,0
 Tracked objects:
		On entry : 
		On exit  : 
		Unchanged: 
 Data sizes:     COMRAM   BANK0   BANK1   BANK2   BANK3   BANK4   BANK5   BANK6   BANK7
      Params:         2       0       0       0       0       0       0       0       0
      Locals:         1       0       0       0       0       0       0       0       0
      Temps:          2       0       0       0       0       0       0       0       0
      Totals:         5       0       0       0       0       0       0       0       0
Total ram usage:        5 bytes
 Hardware stack levels used:    1
 Hardware stack levels required when called:    5
 This function calls:
		Nothing
 This function is called by:
		_receiveMessage
		_sendChars
 This function uses a non-reentrant model


 *************** function _has_data *****************
 Defined at:
		line 51 in file "serial_buffer.c"
 Parameters:    Size  Location     Type
  buff            2   19[COMRAM] PTR struct .
		 -> inbound(260), outbound(260), 
 Auto vars:     Size  Location     Type
		None
 Return value:  Size  Location     Type
                  1    wreg      unsigned char 
 Registers used:
		wreg, fsr2l, fsr2h, status,2, status,0
 Tracked objects:
		On entry : 
		On exit  : 
		Unchanged: 
 Data sizes:     COMRAM   BANK0   BANK1   BANK2   BANK3   BANK4   BANK5   BANK6   BANK7
      Params:         2       0       0       0       0       0       0       0       0
      Locals:         0       0       0       0       0       0       0       0       0
      Temps:          0       0       0       0       0       0       0       0       0
      Totals:         2       0       0       0       0       0       0       0       0
Total ram usage:        2 bytes
 Hardware stack levels used:    1
 Hardware stack levels required when called:    5
 This function calls:
		Nothing
 This function is called by:
		_serial_process_loop
		_receiveMessage
 This function uses a non-reentrant model


 *************** function _pump_run *****************
 Defined at:
		line 4 in file "pump_run.c"
 Parameters:    Size  Location     Type
		None
 Auto vars:     Size  Location     Type
		None
 Return value:  Size  Location     Type
                  1    wreg      void 
 Registers used:
		wreg, fsr2l, fsr2h, status,2, status,0, prodl, prodh, cstack
 Tracked objects:
		On entry : 
		On exit  : 
		Unchanged: 
 Data sizes:     COMRAM   BANK0   BANK1   BANK2   BANK3   BANK4   BANK5   BANK6   BANK7
      Params:         0       0       0       0       0       0       0       0       0
      Locals:         0       0       0       0       0       0       0       0       0
      Temps:          0       0       0       0       0       0       0       0       0
      Totals:         0       0       0       0       0       0       0       0       0
Total ram usage:        0 bytes
 Hardware stack levels used:    1
 Hardware stack levels required when called:    7
 This function calls:
		_clear_callback
		_enable_callback
		_monitor_pump_run
 This function is called by:
		_main
 This function uses a non-reentrant model


 *************** function _monitor_pump_run *****************
 Defined at:
		line 38 in file "pump_run.c"
 Parameters:    Size  Location     Type
		None
 Auto vars:     Size  Location     Type
		None
 Return value:  Size  Location     Type
                  1    wreg      void 
 Registers used:
		wreg, fsr2l, fsr2h, status,2, status,0, prodl, prodh, cstack
 Tracked objects:
		On entry : 
		On exit  : 
		Unchanged: 
 Data sizes:     COMRAM   BANK0   BANK1   BANK2   BANK3   BANK4   BANK5   BANK6   BANK7
      Params:         0       0       0       0       0       0       0       0       0
      Locals:         0       0       0       0       0       0       0       0       0
      Temps:          0       0       0       0       0       0       0       0       0
      Totals:         0       0       0       0       0       0       0       0       0
Total ram usage:        0 bytes
 Hardware stack levels used:    1
 Hardware stack levels required when called:    6
 This function calls:
		_clear_callback
		_enable_callback
 This function is called by:
		_pump_run
		_start_main
 This function uses a non-reentrant model


 *************** function _process_message *****************
 Defined at:
		line 104 in file "serial_message.c"
 Parameters:    Size  Location     Type
  inmessage       2   34[COMRAM] PTR unsigned char 
		 -> receiveMessage@message(10), NULL(0), 
 Auto vars:     Size  Location     Type
  address         1    0        unsigned char 
  msgType         1   38[COMRAM] unsigned char 
 Return value:  Size  Location     Type
                  1    wreg      void 
 Registers used:
		wreg, fsr2l, fsr2h, status,2, status,0, prodl, prodh, cstack
 Tracked objects:
		On entry : 
		On exit  : 
		Unchanged: 
 Data sizes:     COMRAM   BANK0   BANK1   BANK2   BANK3   BANK4   BANK5   BANK6   BANK7
      Params:         2       0       0       0       0       0       0       0       0
      Locals:         2       0       0       0       0       0       0       0       0
      Temps:          2       0       0       0       0       0       0       0       0
      Totals:         6       0       0       0       0       0       0       0       0
Total ram usage:        6 bytes
 Hardware stack levels used:    1
 Hardware stack levels required when called:    9
 This function calls:
		_process_get_status_message
		_process_reset_pump
		_process_set_address_message
		_process_set_zones_message
 This function is called by:
		_main
 This function uses a non-reentrant model


 *************** function _process_set_zones_message *****************
 Defined at:
		line 65 in file "serial_message.c"
 Parameters:    Size  Location     Type
  inmessage       2   31[COMRAM] PTR unsigned char 
		 -> receiveMessage@message(10), NULL(0), 
 Auto vars:     Size  Location     Type
		None
 Return value:  Size  Location     Type
                  1    wreg      void 
 Registers used:
		wreg, fsr2l, fsr2h, status,2, status,0, prodl, prodh, cstack
 Tracked objects:
		On entry : 
		On exit  : 
		Unchanged: 
 Data sizes:     COMRAM   BANK0   BANK1   BANK2   BANK3   BANK4   BANK5   BANK6   BANK7
      Params:         2       0       0       0       0       0       0       0       0
      Locals:         0       0       0       0       0       0       0       0       0
      Temps:          1       0       0       0       0       0       0       0       0
      Totals:         3       0       0       0       0       0       0       0       0
Total ram usage:        3 bytes
 Hardware stack levels used:    1
 Hardware stack levels required when called:    8
 This function calls:
[...]
 Registers used:
		wreg, fsr2l, fsr2h, status,2, status,0, prodl, prodh, cstack
 Tracked objects:
		On entry : 
		On exit  : 
		Unchanged: 
 Data sizes:     COMRAM   BANK0   BANK1   BANK2   BANK3   BANK4   BANK5   BANK6   BANK7
      Params:         0       0       0       0       0       0       0       0       0
      Locals:         0       0       0       0       0       0       0       0       0
      Temps:          0       0       0       0       0       0       0       0       0
      Totals:         0       0       0       0       0       0       0       0       0
Total ram usage:        0 bytes
 Hardware stack levels used:    1
 Hardware stack levels required when called:    6
 This function calls:
		_enable_callback
 This function is called by:
		_resetPump
		_main
 This function uses a non-reentrant model


 *************** function _enable_callback *****************
 Defined at:
		line 16 in file "timer_event.c"
 Parameters:    Size  Location     Type
  callback        1    wreg     unsigned char 
  time_delay      2   19[COMRAM] int 
 Auto vars:     Size  Location     Type
  callback        1   21[COMRAM] unsigned char 
 Return value:  Size  Location     Type
                  1    wreg      void 
 Registers used:
		wreg, fsr2l, fsr2h, status,2, status,0, prodl, prodh
 Tracked objects:
		On entry : 
		On exit  : 
		Unchanged: 
 Data sizes:     COMRAM   BANK0   BANK1   BANK2   BANK3   BANK4   BANK5   BANK6   BANK7
      Params:         2       0       0       0       0       0       0       0       0
      Locals:         1       0       0       0       0       0       0       0       0
      Temps:          0       0       0       0       0       0       0       0       0
      Totals:         3       0       0       0       0       0       0       0       0
Total ram usage:        3 bytes
 Hardware stack levels used:    1
 Hardware stack levels required when called:    5
 This function calls:
		Nothing
 This function is called by:
		_EventFaultStateLEDCallBack
		_EventIdleTimeoutCallBack
		_EventLowFogPressureCallBack
		_EventLowWaterLevelCallBack
		_monitor_water_pressure
		_main
		_pump_run
		_monitor_pump_run
		_shutdown
		_standby
		_start_main
		_start_pump
		_init_event_timer
 This function uses a non-reentrant model


 *************** function _init *****************
 Defined at:
		line 143 in file "pump_control.c"
 Parameters:    Size  Location     Type
		None
 Auto vars:     Size  Location     Type
		None
 Return value:  Size  Location     Type
                  1    wreg      void 
 Registers used:
		wreg, status,2, status,0, cstack
 Tracked objects:
		On entry : 
		On exit  : 
		Unchanged: 
 Data sizes:     COMRAM   BANK0   BANK1   BANK2   BANK3   BANK4   BANK5   BANK6   BANK7
      Params:         0       0       0       0       0       0       0       0       0
      Locals:         0       0       0       0       0       0       0       0       0
      Temps:          0       0       0       0       0       0       0       0       0
      Totals:         0       0       0       0       0       0       0       0       0
Total ram usage:        0 bytes
 Hardware stack levels used:    1
 Hardware stack levels required when called:    6
 This function calls:
		_combineZones
		_ser_int
 This function is called by:
		_resetPump
		_main
 This function uses a non-reentrant model


 *************** function _ser_int *****************
 Defined at:
		line 51 in file "serial.c"
 Parameters:    Size  Location     Type
		None
 Auto vars:     Size  Location     Type
		None
 Return value:  Size  Location     Type
                  1    wreg      void 
 Registers used:
		wreg, status,2
 Tracked objects:
		On entry : 
		On exit  : 
		Unchanged: 
 Data sizes:     COMRAM   BANK0   BANK1   BANK2   BANK3   BANK4   BANK5   BANK6   BANK7
      Params:         0       0       0       0       0       0       0       0       0
      Locals:         0       0       0       0       0       0       0       0       0
      Temps:          0       0       0       0       0       0       0       0       0
      Totals:         0       0       0       0       0       0       0       0       0
Total ram usage:        0 bytes
 Hardware stack levels used:    1
 Hardware stack levels required when called:    5
 This function calls:
		Nothing
 This function is called by:
		_init
		_main
		_mainserial3
 This function uses a non-reentrant model


 *************** function _combineZones *****************
 Defined at:
		line 88 in file "pump_control.c"
 Parameters:    Size  Location     Type
		None
 Auto vars:     Size  Location     Type
		None
 Return value:  Size  Location     Type
                  1    wreg      void 
 Registers used:
		wreg, status,2, status,0
 Tracked objects:
		On entry : 
		On exit  : 
		Unchanged: 
 Data sizes:     COMRAM   BANK0   BANK1   BANK2   BANK3   BANK4   BANK5   BANK6   BANK7
      Params:         0       0       0       0       0       0       0       0       0
      Locals:         0       0       0       0       0       0       0       0       0
      Temps:          0       0       0       0       0       0       0       0       0
      Totals:         0       0       0       0       0       0       0       0       0
Total ram usage:        0 bytes
 Hardware stack levels used:    1
 Hardware stack levels required when called:    5
 This function calls:
		Nothing
 This function is called by:
		_init
		_main
		_process_set_zones_message
		_process_get_status_message
 This function uses a non-reentrant model


 *************** function _event_timer_isr *****************
 Defined at:
		line 64 in file "timer_event.c"
 Parameters:    Size  Location     Type
		None
 Auto vars:     Size  Location     Type
		None
 Return value:  Size  Location     Type
                  1    wreg      void 
 Registers used:
		wreg, fsr2l, fsr2h, status,2, status,0, tblptrl, tblptrh, tblptru, cstack
 Tracked objects:
		On entry : 
		On exit  : 
		Unchanged: 
 Data sizes:     COMRAM   BANK0   BANK1   BANK2   BANK3   BANK4   BANK5   BANK6   BANK7
      Params:         0       0       0       0       0       0       0       0       0
      Locals:         0       0       0       0       0       0       0       0       0
      Temps:          6       0       0       0       0       0       0       0       0
      Totals:         6       0       0       0       0       0       0       0       0
Total ram usage:        6 bytes
 Hardware stack levels used:    1
 Hardware stack levels required when called:    4
 This function calls:
		_usart_interrupt
 This function is called by:
		Interrupt level 2
 This function uses a non-reentrant model


 *************** function _usart_interrupt *****************
 Defined at:
		line 136 in file "serial.c"
 Parameters:    Size  Location     Type
		None
 Auto vars:     Size  Location     Type
  a               1   12[COMRAM] unsigned char 
 Return value:  Size  Location     Type
                  1    wreg      void 
 Registers used:
		wreg, fsr2l, fsr2h, status,2, status,0, tblptrl, tblptrh, tblptru, cstack
 Tracked objects:
		On entry : 
		On exit  : 
		Unchanged: 
 Data sizes:     COMRAM   BANK0   BANK1   BANK2   BANK3   BANK4   BANK5   BANK6   BANK7
      Params:         0       0       0       0       0       0       0       0       0
      Locals:         1       0       0       0       0       0       0       0       0
      Temps:          0       0       0       0       0       0       0       0       0
      Totals:         1       0       0       0       0       0       0       0       0
Total ram usage:        1 bytes
 Hardware stack levels used:    1
 Hardware stack levels required when called:    3
 This function calls:
		_not_full
		_puts
		i2_has_data
		i2_pop
		i2_push
 This function is called by:
		_event_timer_isr
 This function uses a non-reentrant model


 *************** function i2_pop *****************
 Defined at:
		line 27 in file "serial_buffer.c"
 Parameters:    Size  Location     Type
  buff            2    0[COMRAM] PTR struct .
		 -> inbound(260), outbound(260), 
 Auto vars:     Size  Location     Type
  pop             1    4[COMRAM] unsigned char 
 Return value:  Size  Location     Type
                  1    wreg      unsigned char 
 Registers used:
		wreg, fsr2l, fsr2h, status,2, status,0
 Tracked objects:
		On entry : 
		On exit  : 
		Unchanged: 
 Data sizes:     COMRAM   BANK0   BANK1   BANK2   BANK3   BANK4   BANK5   BANK6   BANK7
      Params:         2       0       0       0       0       0       0       0       0
      Locals:         1       0       0       0       0       0       0       0       0
      Temps:          2       0       0       0       0       0       0       0       0
      Totals:         5       0       0       0       0       0       0       0       0
Total ram usage:        5 bytes
 Hardware stack levels used:    1
 This function calls:
		Nothing
 This function is called by:
		_usart_interrupt
 This function uses a non-reentrant model


 *************** function i2_has_data *****************
 Defined at:
		line 51 in file "serial_buffer.c"
 Parameters:    Size  Location     Type
  buff            2    0[COMRAM] PTR struct .
		 -> inbound(260), outbound(260), 
 Auto vars:     Size  Location     Type
		None
 Return value:  Size  Location     Type
                  1    wreg      unsigned char 
 Registers used:
		wreg, fsr2l, fsr2h, status,2, status,0
 Tracked objects:
		On entry : 
		On exit  : 
		Unchanged: 
 Data sizes:     COMRAM   BANK0   BANK1   BANK2   BANK3   BANK4   BANK5   BANK6   BANK7
      Params:         2       0       0       0       0       0       0       0       0
      Locals:         0       0       0       0       0       0       0       0       0
      Temps:          0       0       0       0       0       0       0       0       0
      Totals:         2       0       0       0       0       0       0       0       0
Total ram usage:        2 bytes
 Hardware stack levels used:    1
 This function calls:
		Nothing
 This function is called by:
		_usart_interrupt
 This function uses a non-reentrant model


 *************** function _puts *****************
 Defined at:
		line 213 in file "serial.c"
 Parameters:    Size  Location     Type
  str             2    8[COMRAM] PTR const unsigned char 
		 -> STR_20(16), 
 Auto vars:     Size  Location     Type
  c               2   10[COMRAM] PTR const unsigned char 
		 -> STR_20(16), 
 Return value:  Size  Location     Type
                  2    8[COMRAM] int 
 Registers used:
		wreg, fsr2l, fsr2h, status,2, status,0, tblptrl, tblptrh, tblptru, cstack
 Tracked objects:
		On entry : 
		On exit  : 
		Unchanged: 
 Data sizes:     COMRAM   BANK0   BANK1   BANK2   BANK3   BANK4   BANK5   BANK6   BANK7
      Params:         2       0       0       0       0       0       0       0       0
      Locals:         2       0       0       0       0       0       0       0       0
      Temps:          0       0       0       0       0       0       0       0       0
      Totals:         4       0       0       0       0       0       0       0       0
Total ram usage:        4 bytes
 Hardware stack levels used:    1
 Hardware stack levels required when called:    2
 This function calls:
		i2_putch
 This function is called by:
		_usart_interrupt
 This function uses a non-reentrant model


 *************** function i2_putch *****************
 Defined at:
		line 209 in file "serial.c"
 Parameters:    Size  Location     Type
  c               1    wreg     unsigned char 
 Auto vars:     Size  Location     Type
  c               1    7[COMRAM] unsigned char 
 Return value:  Size  Location     Type
                  1    wreg      void 
 Registers used:
		wreg, fsr2l, fsr2h, status,2, status,0, cstack
 Tracked objects:
		On entry : 
		On exit  : 
		Unchanged: 
 Data sizes:     COMRAM   BANK0   BANK1   BANK2   BANK3   BANK4   BANK5   BANK6   BANK7
      Params:         0       0       0       0       0       0       0       0       0
      Locals:         1       0       0       0       0       0       0       0       0
      Temps:          0       0       0       0       0       0       0       0       0
      Totals:         1       0       0       0       0       0       0       0       0
Total ram usage:        1 bytes
 Hardware stack levels used:    1
 Hardware stack levels required when called:    1
 This function calls:
		i2_push
 This function is called by:
		_puts
 This function uses a non-reentrant model


 *************** function i2_push *****************
 Defined at:
		line 10 in file "serial_buffer.c"
 Parameters:    Size  Location     Type
  buff            2    0[COMRAM] PTR struct .
		 -> inbound(260), outbound(260), 
  d               1    2[COMRAM] unsigned char 
 Auto vars:     Size  Location     Type
		None
 Return value:  Size  Location     Type
                  1    wreg      void 
 Registers used:
		wreg, fsr2l, fsr2h, status,2, status,0
 Tracked objects:
		On entry : 
		On exit  : 
		Unchanged: 
 Data sizes:     COMRAM   BANK0   BANK1   BANK2   BANK3   BANK4   BANK5   BANK6   BANK7
      Params:         3       0       0       0       0       0       0       0       0
      Locals:         0       0       0       0       0       0       0       0       0
      Temps:          4       0       0       0       0       0       0       0       0
      Totals:         7       0       0       0       0       0       0       0       0
Total ram usage:        7 bytes
 Hardware stack levels used:    1
 This function calls:
		Nothing
 This function is called by:
		_usart_interrupt
		i2_putch
 This function uses a non-reentrant model


 *************** function _not_full *****************
 Defined at:
		line 60 in file "serial_buffer.c"
 Parameters:    Size  Location     Type
  buff            2    0[COMRAM] PTR struct .
		 -> inbound(260), 
 Auto vars:     Size  Location     Type
		None
 Return value:  Size  Location     Type
                  1    wreg      unsigned char 
 Registers used:
		wreg, fsr2l, fsr2h, status,2, status,0
 Tracked objects:
		On entry : 
		On exit  : 
		Unchanged: 
 Data sizes:     COMRAM   BANK0   BANK1   BANK2   BANK3   BANK4   BANK5   BANK6   BANK7
      Params:         2       0       0       0       0       0       0       0       0
      Locals:         0       0       0       0       0       0       0       0       0
      Temps:          2       0       0       0       0       0       0       0       0
      Totals:         4       0       0       0       0       0       0       0       0
Total ram usage:        4 bytes
 Hardware stack levels used:    1
 This function calls:
		Nothing
 This function is called by:
		_usart_interrupt
 This function uses a non-reentrant model



MODULE INFORMATION

Module		Function		Class		Link	Load	Size
serial.c
		_output_message		CODE           	0BEA	0000	79
		_serial_process_loop		CODE           	1004	0000	27
		_putch         		CODE           	1062	0000	21
		_ser_int       		CODE           	0F46	0000	39
		_usart_interrupt		CODE           	082C	0000	111
		_puts          		CODE           	0E1A	0000	51
		_receiveMessage		CODE           	05F2	0000	153

serial.c estimated size: 481

EventIdleTimeout.c
		_EventIdleTimeoutCallBack		CODE           	0C38	0000	71

EventIdleTimeout.c estimated size: 71

EventFaultStateLed.c
		_EventFaultStateLEDCallBack		CODE           	026C	0000	211

EventFaultStateLed.c estimated size: 211

C:\Program Files (x86)\Microchip\xc8\v2.05\pic\sources\c99\common\printf.c
		_printf        		CODE           	0EF8	0000	41

C:\Program Files (x86)\Microchip\xc8\v2.05\pic\sources\c99\common\printf.c estimated size: 41

start_main.c
		_start_main    		CODE           	0D06	0000	61

start_main.c estimated size: 61

C:\Program Files (x86)\Microchip\xc8\v2.05\pic\sources\c99\common\nf_fputc.c
		_fputc         		CODE           	0906	0000	109

C:\Program Files (x86)\Microchip\xc8\v2.05\pic\sources\c99\common\nf_fputc.c estimated size: 109

EventDumpsolenoid.c
		_EventDumpSolenoidCallBack		CODE           	10D8	0000	11

EventDumpsolenoid.c estimated size: 11

standby_state.c
		_standby       		CODE           	0AEA	0000	89

standby_state.c estimated size: 89

C:\Program Files (x86)\Microchip\xc8\v2.05\pic\sources\c99\common\doprnt.c
		_vfpfcnvrt     		CODE           	0012	0000	305
		_vfprintf      		CODE           	0B98	0000	83

C:\Program Files (x86)\Microchip\xc8\v2.05\pic\sources\c99\common\doprnt.c estimated size: 388

start_pump_state.c
		_start_pump    		CODE           	04A6	0000	175

start_pump_state.c estimated size: 175

shared
		i2_push        		CODE           	09D2	0000	97
		i2_putch       		CODE           	1076	0000	21
		i2_pop         		CODE           	0718	0000	143
		__initialization		CODE           	0A90	0000	77
		i2_has_data    		CODE           	10BC	0000	17

shared estimated size: 355

pump_control.c
		_printFaultState		CODE           	10EE	0000	3
		_init          		CODE           	07A6	0000	135
		_resetPump     		CODE           	10E2	0000	11
		_combineZones  		CODE           	10CC	0000	13
		_checkIfShoudReset		CODE           	0FAE	0000	31
		_main          		CODE           	0142	0000	299
		_printPumpState		CODE           	10EC	0000	3

pump_control.c estimated size: 495

serial_message.c
		_chartox       		CODE           	104E	0000	21
		_setBaseMessage		CODE           	089A	0000	109
		_process_get_status_message		CODE           	0ED0	0000	41
		_process_set_address_message		CODE           	0F6C	0000	37
		_process_message		CODE           	03F4	0000	179
		_xtochar       		CODE           	0D42	0000	61
		_process_reset_pump		CODE           	0EA8	0000	41
		_process_set_zones_message		CODE           	0B42	0000	87

serial_message.c estimated size: 576

timer_event.c
		_clear_callback_for_shutdown		CODE           	0E7C	0000	45
		_enable_callback		CODE           	0C7E	0000	69
		_process_event_timer		CODE           	033E	0000	183
		_init_event_timer		CODE           	0A32	0000	95
		_event_timer_isr		CODE           	0008	0000	75
		_clear_callback		CODE           	1036	0000	25

timer_event.c estimated size: 492

EventLowWaterLevel.c
		_EventLowWaterLevelCallBack		CODE           	0F20	0000	39

EventLowWaterLevel.c estimated size: 39

EventRunSignalDebounce.c
		_EventRunSignalDebounceCallBack		CODE           	10AC	0000	17

EventRunSignalDebounce.c estimated size: 17

shutdown_state.c
		_shutdown      		CODE           	0FCC	0000	29

shutdown_state.c estimated size: 29

serial_buffer.c
		_pop           		CODE           	068A	0000	143
		_push          		CODE           	0972	0000	97
		_has_data      		CODE           	109C	0000	17
		_not_full      		CODE           	0FE8	0000	29

serial_buffer.c estimated size: 286

MonitorWaterPressure.c
		_monitor_water_pressure		CODE           	0D7E	0000	57

MonitorWaterPressure.c estimated size: 57

EventPODebounce.c
		_EventPODebounceCallBack		CODE           	108A	0000	19

EventPODebounce.c estimated size: 19

EventLowWaterPressure.c
		_EventLowWaterPressureDebounceCallBack		CODE           	0F90	0000	31
		_EventLowWaterPressureCallBack		CODE           	0DB6	0000	51

EventLowWaterPressure.c estimated size: 82

EventLowFogPressure.c
		_EventLowFogPressureCallBack		CODE           	0DE8	0000	51

EventLowFogPressure.c estimated size: 51

pump_run.c
		_monitor_pump_run		CODE           	0554	0000	159
		_pump_run      		CODE           	0E4C	0000	49

pump_run.c estimated size: 208

